Archive member included to satisfy reference by file (symbol)

c:/st/stm32cubeide_1.3.0/stm32cubeide/plugins/com.st.stm32cube.ide.mcu.externaltools.gnu-tools-for-stm32.7-2018-q2-update.win32_1.4.0.202007081208/tools/bin/../lib/gcc/arm-none-eabi/7.3.1/../../../../arm-none-eabi/lib/thumb/v7e-m/fpv4-sp/hard\libc_nano.a(lib_a-exit.o)
                              c:/st/stm32cubeide_1.3.0/stm32cubeide/plugins/com.st.stm32cube.ide.mcu.externaltools.gnu-tools-for-stm32.7-2018-q2-update.win32_1.4.0.202007081208/tools/bin/../lib/gcc/arm-none-eabi/7.3.1/../../../../arm-none-eabi/lib/thumb/v7e-m/fpv4-sp/hard/crt0.o (exit)
c:/st/stm32cubeide_1.3.0/stm32cubeide/plugins/com.st.stm32cube.ide.mcu.externaltools.gnu-tools-for-stm32.7-2018-q2-update.win32_1.4.0.202007081208/tools/bin/../lib/gcc/arm-none-eabi/7.3.1/../../../../arm-none-eabi/lib/thumb/v7e-m/fpv4-sp/hard\libc_nano.a(lib_a-impure.o)
                              c:/st/stm32cubeide_1.3.0/stm32cubeide/plugins/com.st.stm32cube.ide.mcu.externaltools.gnu-tools-for-stm32.7-2018-q2-update.win32_1.4.0.202007081208/tools/bin/../lib/gcc/arm-none-eabi/7.3.1/../../../../arm-none-eabi/lib/thumb/v7e-m/fpv4-sp/hard\libc_nano.a(lib_a-exit.o) (_global_impure_ptr)
c:/st/stm32cubeide_1.3.0/stm32cubeide/plugins/com.st.stm32cube.ide.mcu.externaltools.gnu-tools-for-stm32.7-2018-q2-update.win32_1.4.0.202007081208/tools/bin/../lib/gcc/arm-none-eabi/7.3.1/../../../../arm-none-eabi/lib/thumb/v7e-m/fpv4-sp/hard\libc_nano.a(lib_a-init.o)
                              c:/st/stm32cubeide_1.3.0/stm32cubeide/plugins/com.st.stm32cube.ide.mcu.externaltools.gnu-tools-for-stm32.7-2018-q2-update.win32_1.4.0.202007081208/tools/bin/../lib/gcc/arm-none-eabi/7.3.1/../../../../arm-none-eabi/lib/thumb/v7e-m/fpv4-sp/hard/crt0.o (__libc_init_array)
c:/st/stm32cubeide_1.3.0/stm32cubeide/plugins/com.st.stm32cube.ide.mcu.externaltools.gnu-tools-for-stm32.7-2018-q2-update.win32_1.4.0.202007081208/tools/bin/../lib/gcc/arm-none-eabi/7.3.1/../../../../arm-none-eabi/lib/thumb/v7e-m/fpv4-sp/hard\libc_nano.a(lib_a-memcpy-stub.o)
                              Third-Party/FreeRTOS/org/Source/queue.o (memcpy)
c:/st/stm32cubeide_1.3.0/stm32cubeide/plugins/com.st.stm32cube.ide.mcu.externaltools.gnu-tools-for-stm32.7-2018-q2-update.win32_1.4.0.202007081208/tools/bin/../lib/gcc/arm-none-eabi/7.3.1/../../../../arm-none-eabi/lib/thumb/v7e-m/fpv4-sp/hard\libc_nano.a(lib_a-memset.o)
                              c:/st/stm32cubeide_1.3.0/stm32cubeide/plugins/com.st.stm32cube.ide.mcu.externaltools.gnu-tools-for-stm32.7-2018-q2-update.win32_1.4.0.202007081208/tools/bin/../lib/gcc/arm-none-eabi/7.3.1/../../../../arm-none-eabi/lib/thumb/v7e-m/fpv4-sp/hard/crt0.o (memset)
c:/st/stm32cubeide_1.3.0/stm32cubeide/plugins/com.st.stm32cube.ide.mcu.externaltools.gnu-tools-for-stm32.7-2018-q2-update.win32_1.4.0.202007081208/tools/bin/../lib/gcc/arm-none-eabi/7.3.1/../../../../arm-none-eabi/lib/thumb/v7e-m/fpv4-sp/hard\libc_nano.a(lib_a-strlen.o)
                              src/main.o (strlen)
c:/st/stm32cubeide_1.3.0/stm32cubeide/plugins/com.st.stm32cube.ide.mcu.externaltools.gnu-tools-for-stm32.7-2018-q2-update.win32_1.4.0.202007081208/tools/bin/../lib/gcc/arm-none-eabi/7.3.1/../../../../arm-none-eabi/lib/thumb/v7e-m/fpv4-sp/hard\libnosys.a(_exit.o)
                              c:/st/stm32cubeide_1.3.0/stm32cubeide/plugins/com.st.stm32cube.ide.mcu.externaltools.gnu-tools-for-stm32.7-2018-q2-update.win32_1.4.0.202007081208/tools/bin/../lib/gcc/arm-none-eabi/7.3.1/../../../../arm-none-eabi/lib/thumb/v7e-m/fpv4-sp/hard\libc_nano.a(lib_a-exit.o) (_exit)

Allocating common symbols
Common symbol       size              file

xQueueRegistry      0x40              Third-Party/FreeRTOS/org/Source/queue.o

Discarded input sections

 .text          0x0000000000000000        0x0 c:/st/stm32cubeide_1.3.0/stm32cubeide/plugins/com.st.stm32cube.ide.mcu.externaltools.gnu-tools-for-stm32.7-2018-q2-update.win32_1.4.0.202007081208/tools/bin/../lib/gcc/arm-none-eabi/7.3.1/thumb/v7e-m/fpv4-sp/hard/crti.o
 .data          0x0000000000000000        0x0 c:/st/stm32cubeide_1.3.0/stm32cubeide/plugins/com.st.stm32cube.ide.mcu.externaltools.gnu-tools-for-stm32.7-2018-q2-update.win32_1.4.0.202007081208/tools/bin/../lib/gcc/arm-none-eabi/7.3.1/thumb/v7e-m/fpv4-sp/hard/crti.o
 .bss           0x0000000000000000        0x0 c:/st/stm32cubeide_1.3.0/stm32cubeide/plugins/com.st.stm32cube.ide.mcu.externaltools.gnu-tools-for-stm32.7-2018-q2-update.win32_1.4.0.202007081208/tools/bin/../lib/gcc/arm-none-eabi/7.3.1/thumb/v7e-m/fpv4-sp/hard/crti.o
 .data          0x0000000000000000        0x4 c:/st/stm32cubeide_1.3.0/stm32cubeide/plugins/com.st.stm32cube.ide.mcu.externaltools.gnu-tools-for-stm32.7-2018-q2-update.win32_1.4.0.202007081208/tools/bin/../lib/gcc/arm-none-eabi/7.3.1/thumb/v7e-m/fpv4-sp/hard/crtbegin.o
[...]
Memory Configuration

Name             Origin             Length             Attributes
RAM              0x0000000020000000 0x0000000000030000 xrw
ROM              0x0000000008000000 0x0000000000200000 xr
*default*        0x0000000000000000 0xffffffffffffffff

Linker script and memory map

LOAD c:/st/stm32cubeide_1.3.0/stm32cubeide/plugins/com.st.stm32cube.ide.mcu.externaltools.gnu-tools-for-stm32.7-2018-q2-update.win32_1.4.0.202007081208/tools/bin/../lib/gcc/arm-none-eabi/7.3.1/thumb/v7e-m/fpv4-sp/hard/crti.o
LOAD c:/st/stm32cubeide_1.3.0/stm32cubeide/plugins/com.st.stm32cube.ide.mcu.externaltools.gnu-tools-for-stm32.7-2018-q2-update.win32_1.4.0.202007081208/tools/bin/../lib/gcc/arm-none-eabi/7.3.1/thumb/v7e-m/fpv4-sp/hard/crtbegin.o
LOAD c:/st/stm32cubeide_1.3.0/stm32cubeide/plugins/com.st.stm32cube.ide.mcu.externaltools.gnu-tools-for-stm32.7-2018-q2-update.win32_1.4.0.202007081208/tools/bin/../lib/gcc/arm-none-eabi/7.3.1/../../../../arm-none-eabi/lib/thumb/v7e-m/fpv4-sp/hard/crt0.o
LOAD StdPeriph_Driver/src/misc.o
LOAD StdPeriph_Driver/src/stm32f4xx_adc.o
LOAD StdPeriph_Driver/src/stm32f4xx_can.o
LOAD StdPeriph_Driver/src/stm32f4xx_cec.o
LOAD StdPeriph_Driver/src/stm32f4xx_crc.o
LOAD StdPeriph_Driver/src/stm32f4xx_cryp.o
LOAD StdPeriph_Driver/src/stm32f4xx_cryp_aes.o
LOAD StdPeriph_Driver/src/stm32f4xx_cryp_des.o
LOAD StdPeriph_Driver/src/stm32f4xx_cryp_tdes.o
LOAD StdPeriph_Driver/src/stm32f4xx_dac.o
LOAD StdPeriph_Driver/src/stm32f4xx_dbgmcu.o
LOAD StdPeriph_Driver/src/stm32f4xx_dcmi.o
LOAD StdPeriph_Driver/src/stm32f4xx_dfsdm.o
LOAD StdPeriph_Driver/src/stm32f4xx_dma.o
LOAD StdPeriph_Driver/src/stm32f4xx_dma2d.o
LOAD StdPeriph_Driver/src/stm32f4xx_dsi.o
LOAD StdPeriph_Driver/src/stm32f4xx_exti.o
LOAD StdPeriph_Driver/src/stm32f4xx_flash.o
LOAD StdPeriph_Driver/src/stm32f4xx_flash_ramfunc.o
LOAD StdPeriph_Driver/src/stm32f4xx_fmc.o
LOAD StdPeriph_Driver/src/stm32f4xx_fmip2c.o
LOAD StdPeriph_Driver/src/stm32f4xx_fsmc.o
LOAD StdPeriph_Driver/src/stm32f4xx_gpio.o
LOAD StdPeriph_Driver/src/stm32f4xx_hash.o
LOAD StdPeriph_Driver/src/stm32f4xx_hash_md5.o
LOAD StdPeriph_Driver/src/stm32f4xx_hash_sha1.o
LOAD StdPeriph_Driver/src/stm32f4xx_i2c.o
LOAD StdPeriph_Driver/src/stm32f4xx_iwdg.o
LOAD StdPeriph_Driver/src/stm32f4xx_lptim.o
LOAD StdPeriph_Driver/src/stm32f4xx_ltdc.o
LOAD StdPeriph_Driver/src/stm32f4xx_pwr.o
LOAD StdPeriph_Driver/src/stm32f4xx_qspi.o
LOAD StdPeriph_Driver/src/stm32f4xx_rcc.o
LOAD StdPeriph_Driver/src/stm32f4xx_rng.o
LOAD StdPeriph_Driver/src/stm32f4xx_rtc.o
LOAD StdPeriph_Driver/src/stm32f4xx_sai.o
LOAD StdPeriph_Driver/src/stm32f4xx_sdio.o
LOAD StdPeriph_Driver/src/stm32f4xx_spdifrx.o
LOAD StdPeriph_Driver/src/stm32f4xx_spi.o
LOAD StdPeriph_Driver/src/stm32f4xx_syscfg.o
LOAD StdPeriph_Driver/src/stm32f4xx_tim.o
LOAD StdPeriph_Driver/src/stm32f4xx_usart.o
LOAD StdPeriph_Driver/src/stm32f4xx_wwdg.o
LOAD Third-Party/FreeRTOS/org/Source/croutine.o
LOAD Third-Party/FreeRTOS/org/Source/event_groups.o
LOAD Third-Party/FreeRTOS/org/Source/list.o
LOAD Third-Party/FreeRTOS/org/Source/queue.o
LOAD Third-Party/FreeRTOS/org/Source/stream_buffer.o
LOAD Third-Party/FreeRTOS/org/Source/tasks.o
LOAD Third-Party/FreeRTOS/org/Source/timers.o
LOAD Third-Party/FreeRTOS/org/Source/portable/GCC/ARM_CM4F/port.o
LOAD Third-Party/FreeRTOS/org/Source/portable/MemMang/heap_4.o
LOAD src/main.o
LOAD src/system_stm32f4xx.o
LOAD startup/startup_stm32.o
START GROUP
LOAD c:/st/stm32cubeide_1.3.0/stm32cubeide/plugins/com.st.stm32cube.ide.mcu.externaltools.gnu-tools-for-stm32.7-2018-q2-update.win32_1.4.0.202007081208/tools/bin/../lib/gcc/arm-none-eabi/7.3.1/../../../../arm-none-eabi/lib/thumb/v7e-m/fpv4-sp/hard\libc_nano.a
LOAD c:/st/stm32cubeide_1.3.0/stm32cubeide/plugins/com.st.stm32cube.ide.mcu.externaltools.gnu-tools-for-stm32.7-2018-q2-update.win32_1.4.0.202007081208/tools/bin/../lib/gcc/arm-none-eabi/7.3.1/../../../../arm-none-eabi/lib/thumb/v7e-m/fpv4-sp/hard\libm.a
END GROUP
START GROUP
LOAD c:/st/stm32cubeide_1.3.0/stm32cubeide/plugins/com.st.stm32cube.ide.mcu.externaltools.gnu-tools-for-stm32.7-2018-q2-update.win32_1.4.0.202007081208/tools/bin/../lib/gcc/arm-none-eabi/7.3.1/thumb/v7e-m/fpv4-sp/hard\libgcc.a
LOAD c:/st/stm32cubeide_1.3.0/stm32cubeide/plugins/com.st.stm32cube.ide.mcu.externaltools.gnu-tools-for-stm32.7-2018-q2-update.win32_1.4.0.202007081208/tools/bin/../lib/gcc/arm-none-eabi/7.3.1/../../../../arm-none-eabi/lib/thumb/v7e-m/fpv4-sp/hard\libc_nano.a
END GROUP
START GROUP
LOAD c:/st/stm32cubeide_1.3.0/stm32cubeide/plugins/com.st.stm32cube.ide.mcu.externaltools.gnu-tools-for-stm32.7-2018-q2-update.win32_1.4.0.202007081208/tools/bin/../lib/gcc/arm-none-eabi/7.3.1/thumb/v7e-m/fpv4-sp/hard\libgcc.a
LOAD c:/st/stm32cubeide_1.3.0/stm32cubeide/plugins/com.st.stm32cube.ide.mcu.externaltools.gnu-tools-for-stm32.7-2018-q2-update.win32_1.4.0.202007081208/tools/bin/../lib/gcc/arm-none-eabi/7.3.1/../../../../arm-none-eabi/lib/thumb/v7e-m/fpv4-sp/hard\libc_nano.a
LOAD c:/st/stm32cubeide_1.3.0/stm32cubeide/plugins/com.st.stm32cube.ide.mcu.externaltools.gnu-tools-for-stm32.7-2018-q2-update.win32_1.4.0.202007081208/tools/bin/../lib/gcc/arm-none-eabi/7.3.1/../../../../arm-none-eabi/lib/thumb/v7e-m/fpv4-sp/hard\libnosys.a
END GROUP
START GROUP
LOAD c:/st/stm32cubeide_1.3.0/stm32cubeide/plugins/com.st.stm32cube.ide.mcu.externaltools.gnu-tools-for-stm32.7-2018-q2-update.win32_1.4.0.202007081208/tools/bin/../lib/gcc/arm-none-eabi/7.3.1/thumb/v7e-m/fpv4-sp/hard\libgcc.a
LOAD c:/st/stm32cubeide_1.3.0/stm32cubeide/plugins/com.st.stm32cube.ide.mcu.externaltools.gnu-tools-for-stm32.7-2018-q2-update.win32_1.4.0.202007081208/tools/bin/../lib/gcc/arm-none-eabi/7.3.1/../../../../arm-none-eabi/lib/thumb/v7e-m/fpv4-sp/hard\libc_nano.a
LOAD c:/st/stm32cubeide_1.3.0/stm32cubeide/plugins/com.st.stm32cube.ide.mcu.externaltools.gnu-tools-for-stm32.7-2018-q2-update.win32_1.4.0.202007081208/tools/bin/../lib/gcc/arm-none-eabi/7.3.1/../../../../arm-none-eabi/lib/thumb/v7e-m/fpv4-sp/hard\libnosys.a
END GROUP
LOAD c:/st/stm32cubeide_1.3.0/stm32cubeide/plugins/com.st.stm32cube.ide.mcu.externaltools.gnu-tools-for-stm32.7-2018-q2-update.win32_1.4.0.202007081208/tools/bin/../lib/gcc/arm-none-eabi/7.3.1/thumb/v7e-m/fpv4-sp/hard/crtend.o
LOAD c:/st/stm32cubeide_1.3.0/stm32cubeide/plugins/com.st.stm32cube.ide.mcu.externaltools.gnu-tools-for-stm32.7-2018-q2-update.win32_1.4.0.202007081208/tools/bin/../lib/gcc/arm-none-eabi/7.3.1/thumb/v7e-m/fpv4-sp/hard/crtn.o
                0x0000000020030000                _estack = (ORIGIN (RAM) + LENGTH (RAM))
                0x0000000000000200                _Min_Heap_Size = 0x200
                0x0000000000000400                _Min_Stack_Size = 0x400

.isr_vector     0x0000000008000000      0x1c4
                0x0000000008000000                . = ALIGN (0x4)
 *(.isr_vector)
 .isr_vector    0x0000000008000000      0x1c4 startup/startup_stm32.o
                0x0000000008000000                g_pfnVectors
                0x00000000080001c4                . = ALIGN (0x4)

.text           0x00000000080001d0     0x31dc
                0x00000000080001d0                . = ALIGN (0x4)
 *(.text)
 .text          0x00000000080001d0       0x40 c:/st/stm32cubeide_1.3.0/stm32cubeide/plugins/com.st.stm32cube.ide.mcu.externaltools.gnu-tools-for-stm32.7-2018-q2-update.win32_1.4.0.202007081208/tools/bin/../lib/gcc/arm-none-eabi/7.3.1/thumb/v7e-m/fpv4-sp/hard/crtbegin.o
 .text          0x0000000008000210       0x10 c:/st/stm32cubeide_1.3.0/stm32cubeide/plugins/com.st.stm32cube.ide.mcu.externaltools.gnu-tools-for-stm32.7-2018-q2-update.win32_1.4.0.202007081208/tools/bin/../lib/gcc/arm-none-eabi/7.3.1/../../../../arm-none-eabi/lib/thumb/v7e-m/fpv4-sp/hard\libc_nano.a(lib_a-strlen.o)
                0x0000000008000210                strlen
 *(.text*)
 .text.GPIO_Init
                0x0000000008000220      0x11c StdPeriph_Driver/src/stm32f4xx_gpio.o
                0x0000000008000220                GPIO_Init
 .text.GPIO_PinAFConfig
                0x000000000800033c       0x92 StdPeriph_Driver/src/stm32f4xx_gpio.o
                0x000000000800033c                GPIO_PinAFConfig
 *fill*         0x00000000080003ce        0x2 
 .text.RCC_DeInit
                0x00000000080003d0       0x70 StdPeriph_Driver/src/stm32f4xx_rcc.o
                0x00000000080003d0                RCC_DeInit
 .text.RCC_GetClocksFreq
                0x0000000008000440      0x150 StdPeriph_Driver/src/stm32f4xx_rcc.o
                0x0000000008000440                RCC_GetClocksFreq
 .text.RCC_AHB1PeriphClockCmd
                0x0000000008000590       0x40 StdPeriph_Driver/src/stm32f4xx_rcc.o
                0x0000000008000590                RCC_AHB1PeriphClockCmd
 .text.RCC_APB1PeriphClockCmd
                0x00000000080005d0       0x40 StdPeriph_Driver/src/stm32f4xx_rcc.o
                0x00000000080005d0                RCC_APB1PeriphClockCmd
 .text.USART_Init
                0x0000000008000610      0x174 StdPeriph_Driver/src/stm32f4xx_usart.o
                0x0000000008000610                USART_Init
 .text.USART_Cmd
                0x0000000008000784       0x40 StdPeriph_Driver/src/stm32f4xx_usart.o
                0x0000000008000784                USART_Cmd
 .text.USART_SendData
                0x00000000080007c4       0x24 StdPeriph_Driver/src/stm32f4xx_usart.o
                0x00000000080007c4                USART_SendData
 .text.USART_GetFlagStatus
                0x00000000080007e8       0x38 StdPeriph_Driver/src/stm32f4xx_usart.o
                0x00000000080007e8                USART_GetFlagStatus
 .text.vListInitialise
                0x0000000008000820       0x40 Third-Party/FreeRTOS/org/Source/list.o
                0x0000000008000820                vListInitialise
 .text.vListInitialiseItem
                0x0000000008000860       0x1a Third-Party/FreeRTOS/org/Source/list.o
                0x0000000008000860                vListInitialiseItem
 .text.vListInsertEnd
                0x000000000800087a       0x48 Third-Party/FreeRTOS/org/Source/list.o
                0x000000000800087a                vListInsertEnd
 .text.vListInsert
                0x00000000080008c2       0x72 Third-Party/FreeRTOS/org/Source/list.o
                0x00000000080008c2                vListInsert
 .text.uxListRemove
                0x0000000008000934       0x54 Third-Party/FreeRTOS/org/Source/list.o
                0x0000000008000934                uxListRemove
 .text.xQueueGenericReset
                0x0000000008000988       0xd0 Third-Party/FreeRTOS/org/Source/queue.o
                0x0000000008000988                xQueueGenericReset
 .text.xQueueGenericCreate
                0x0000000008000a58       0xb8 Third-Party/FreeRTOS/org/Source/queue.o
                0x0000000008000a58                xQueueGenericCreate
 .text.prvInitialiseNewQueue
                0x0000000008000b10       0x46 Third-Party/FreeRTOS/org/Source/queue.o
 *fill*         0x0000000008000b56        0x2 
 .text.xQueueGenericSend
                0x0000000008000b58      0x1f4 Third-Party/FreeRTOS/org/Source/queue.o
                0x0000000008000b58                xQueueGenericSend
 .text.xQueueGenericSendFromISR
                0x0000000008000d4c      0x14a Third-Party/FreeRTOS/org/Source/queue.o
                0x0000000008000d4c                xQueueGenericSendFromISR
 *fill*         0x0000000008000e96        0x2 
 .text.xQueueReceive
                0x0000000008000e98      0x1b8 Third-Party/FreeRTOS/org/Source/queue.o
                0x0000000008000e98                xQueueReceive
 .text.prvCopyDataToQueue
                0x0000000008001050       0xd4 Third-Party/FreeRTOS/org/Source/queue.o
 .text.prvCopyDataFromQueue
                0x0000000008001124       0x4c Third-Party/FreeRTOS/org/Source/queue.o
 .text.prvUnlockQueue
                0x0000000008001170       0xa4 Third-Party/FreeRTOS/org/Source/queue.o
 .text.prvIsQueueEmpty
                0x0000000008001214       0x2c Third-Party/FreeRTOS/org/Source/queue.o
 .text.prvIsQueueFull
                0x0000000008001240       0x30 Third-Party/FreeRTOS/org/Source/queue.o
 .text.vQueueAddToRegistry
                0x0000000008001270       0x50 Third-Party/FreeRTOS/org/Source/queue.o
                0x0000000008001270                vQueueAddToRegistry
 .text.vQueueWaitForMessageRestricted
                0x00000000080012c0       0x68 Third-Party/FreeRTOS/org/Source/queue.o
                0x00000000080012c0                vQueueWaitForMessageRestricted
 .text.xTaskCreate
                0x0000000008001328       0x82 Third-Party/FreeRTOS/org/Source/tasks.o
                0x0000000008001328                xTaskCreate
 .text.prvInitialiseNewTask
                0x00000000080013aa      0x12a Third-Party/FreeRTOS/org/Source/tasks.o
 .text.prvAddNewTaskToReadyList
                0x00000000080014d4       0xdc Third-Party/FreeRTOS/org/Source/tasks.o
 .text.vTaskStartScheduler
                0x00000000080015b0       0xa0 Third-Party/FreeRTOS/org/Source/tasks.o
                0x00000000080015b0                vTaskStartScheduler
 .text.vTaskSuspendAll
                0x0000000008001650       0x1c Third-Party/FreeRTOS/org/Source/tasks.o
                0x0000000008001650                vTaskSuspendAll
 .text.xTaskResumeAll
                0x000000000800166c      0x138 Third-Party/FreeRTOS/org/Source/tasks.o
                0x000000000800166c                xTaskResumeAll
 .text.xTaskGetTickCount
                0x00000000080017a4       0x20 Third-Party/FreeRTOS/org/Source/tasks.o
                0x00000000080017a4                xTaskGetTickCount
 .text.xTaskIncrementTick
                0x00000000080017c4      0x170 Third-Party/FreeRTOS/org/Source/tasks.o
                0x00000000080017c4                xTaskIncrementTick
 .text.vTaskSwitchContext
                0x0000000008001934       0xb4 Third-Party/FreeRTOS/org/Source/tasks.o
                0x0000000008001934                vTaskSwitchContext
 .text.vTaskPlaceOnEventList
                0x00000000080019e8       0x48 Third-Party/FreeRTOS/org/Source/tasks.o
                0x00000000080019e8                vTaskPlaceOnEventList
 .text.vTaskPlaceOnEventListRestricted
                0x0000000008001a30       0x54 Third-Party/FreeRTOS/org/Source/tasks.o
                0x0000000008001a30                vTaskPlaceOnEventListRestricted
 .text.xTaskRemoveFromEventList
                0x0000000008001a84       0xc4 Third-Party/FreeRTOS/org/Source/tasks.o
                0x0000000008001a84                xTaskRemoveFromEventList
 .text.vTaskInternalSetTimeOutState
                0x0000000008001b48       0x2c Third-Party/FreeRTOS/org/Source/tasks.o
                0x0000000008001b48                vTaskInternalSetTimeOutState
 .text.xTaskCheckForTimeOut
                0x0000000008001b74       0xc8 Third-Party/FreeRTOS/org/Source/tasks.o
                0x0000000008001b74                xTaskCheckForTimeOut
 .text.vTaskMissedYield
                0x0000000008001c3c       0x18 Third-Party/FreeRTOS/org/Source/tasks.o
                0x0000000008001c3c                vTaskMissedYield
 .text.prvIdleTask
                0x0000000008001c54       0x30 Third-Party/FreeRTOS/org/Source/tasks.o
 .text.prvInitialiseTaskLists
                0x0000000008001c84       0x80 Third-Party/FreeRTOS/org/Source/tasks.o
 .text.prvCheckTasksWaitingTermination
                0x0000000008001d04       0x58 Third-Party/FreeRTOS/org/Source/tasks.o
 .text.prvDeleteTCB
                0x0000000008001d5c       0x20 Third-Party/FreeRTOS/org/Source/tasks.o
 .text.prvResetNextTaskUnblockTime
                0x0000000008001d7c       0x38 Third-Party/FreeRTOS/org/Source/tasks.o
 .text.xTaskGetSchedulerState
                0x0000000008001db4       0x3c Third-Party/FreeRTOS/org/Source/tasks.o
                0x0000000008001db4                xTaskGetSchedulerState
 .text.xTaskPriorityDisinherit
                0x0000000008001df0       0xf0 Third-Party/FreeRTOS/org/Source/tasks.o
                0x0000000008001df0                xTaskPriorityDisinherit
 .text.prvAddCurrentTaskToDelayedList
                0x0000000008001ee0       0xcc Third-Party/FreeRTOS/org/Source/tasks.o
 .text.xTimerCreateTimerTask
                0x0000000008001fac       0x64 Third-Party/FreeRTOS/org/Source/timers.o
                0x0000000008001fac                xTimerCreateTimerTask
 .text.xTimerGenericCommand
                0x0000000008002010       0x98 Third-Party/FreeRTOS/org/Source/timers.o
                0x0000000008002010                xTimerGenericCommand
 .text.prvProcessExpiredTimer
                0x00000000080020a8       0x98 Third-Party/FreeRTOS/org/Source/timers.o
 .text.prvTimerTask
                0x0000000008002140       0x24 Third-Party/FreeRTOS/org/Source/timers.o
 .text.prvProcessTimerOrBlockTask
                0x0000000008002164       0x9c Third-Party/FreeRTOS/org/Source/timers.o
 .text.prvGetNextExpireTime
                0x0000000008002200       0x48 Third-Party/FreeRTOS/org/Source/timers.o
 .text.prvSampleTimeNow
                0x0000000008002248       0x40 Third-Party/FreeRTOS/org/Source/timers.o
 .text.prvInsertTimerInActiveList
                0x0000000008002288       0x84 Third-Party/FreeRTOS/org/Source/timers.o
 .text.prvProcessReceivedCommands
                0x000000000800230c      0x188 Third-Party/FreeRTOS/org/Source/timers.o
 .text.prvSwitchTimerLists
                0x0000000008002494       0xc8 Third-Party/FreeRTOS/org/Source/timers.o
 .text.prvCheckForValidListAndQueue
                0x000000000800255c       0x6c Third-Party/FreeRTOS/org/Source/timers.o
 .text.pxPortInitialiseStack
                0x00000000080025c8       0x68 Third-Party/FreeRTOS/org/Source/portable/GCC/ARM_CM4F/port.o
                0x00000000080025c8                pxPortInitialiseStack
 .text.prvTaskExitError
                0x0000000008002630       0x54 Third-Party/FreeRTOS/org/Source/portable/GCC/ARM_CM4F/port.o
 *fill*         0x0000000008002684        0xc 
 .text.SVC_Handler
                0x0000000008002690       0x28 Third-Party/FreeRTOS/org/Source/portable/GCC/ARM_CM4F/port.o
                0x0000000008002690                SVC_Handler
 .text.prvPortStartFirstTask
                0x00000000080026b8       0x2c Third-Party/FreeRTOS/org/Source/portable/GCC/ARM_CM4F/port.o
 .text.xPortStartScheduler
                0x00000000080026e4      0x13c Third-Party/FreeRTOS/org/Source/portable/GCC/ARM_CM4F/port.o
                0x00000000080026e4                xPortStartScheduler
 .text.vPortEnterCritical
                0x0000000008002820       0x5c Third-Party/FreeRTOS/org/Source/portable/GCC/ARM_CM4F/port.o
                0x0000000008002820                vPortEnterCritical
 .text.vPortExitCritical
                0x000000000800287c       0x50 Third-Party/FreeRTOS/org/Source/portable/GCC/ARM_CM4F/port.o
                0x000000000800287c                vPortExitCritical
 *fill*         0x00000000080028cc        0x4 
 .text.PendSV_Handler
                0x00000000080028d0       0x68 Third-Party/FreeRTOS/org/Source/portable/GCC/ARM_CM4F/port.o
                0x00000000080028d0                PendSV_Handler
 .text.SysTick_Handler
                0x0000000008002938       0x40 Third-Party/FreeRTOS/org/Source/portable/GCC/ARM_CM4F/port.o
                0x0000000008002938                SysTick_Handler
 .text.vPortSetupTimerInterrupt
                0x0000000008002978       0x48 Third-Party/FreeRTOS/org/Source/portable/GCC/ARM_CM4F/port.o
                0x0000000008002978                vPortSetupTimerInterrupt
 .text.vPortEnableVFP
                0x00000000080029c0       0x18 Third-Party/FreeRTOS/org/Source/portable/GCC/ARM_CM4F/port.o
 .text.vPortValidateInterruptPriority
                0x00000000080029d8       0x7c Third-Party/FreeRTOS/org/Source/portable/GCC/ARM_CM4F/port.o
                0x00000000080029d8                vPortValidateInterruptPriority
 .text.pvPortMalloc
                0x0000000008002a54      0x1b8 Third-Party/FreeRTOS/org/Source/portable/MemMang/heap_4.o
                0x0000000008002a54                pvPortMalloc
 .text.vPortFree
                0x0000000008002c0c       0xc0 Third-Party/FreeRTOS/org/Source/portable/MemMang/heap_4.o
                0x0000000008002c0c                vPortFree
 .text.prvHeapInit
                0x0000000008002ccc       0xc4 Third-Party/FreeRTOS/org/Source/portable/MemMang/heap_4.o
 .text.prvInsertBlockIntoFreeList
                0x0000000008002d90       0xb4 Third-Party/FreeRTOS/org/Source/portable/MemMang/heap_4.o
 .text.main     0x0000000008002e44       0x84 src/main.o
                0x0000000008002e44                main
 .text.vTask1_handler
                0x0000000008002ec8       0x40 src/main.o
                0x0000000008002ec8                vTask1_handler
 .text.vTask2_handler
                0x0000000008002f08       0x40 src/main.o
                0x0000000008002f08                vTask2_handler
 .text.prvSetupUart
                0x0000000008002f48       0x9c src/main.o
 .text.prvSetupHardware
                0x0000000008002fe4        0xc src/main.o
 .text.printmsg
                0x0000000008002ff0       0x50 src/main.o
                0x0000000008002ff0                printmsg
 .text.SystemInit
                0x0000000008003040       0x6c src/system_stm32f4xx.o
                0x0000000008003040                SystemInit
 .text.SystemCoreClockUpdate
                0x00000000080030ac       0xf8 src/system_stm32f4xx.o
                0x00000000080030ac                SystemCoreClockUpdate
 .text.SetSysClock
                0x00000000080031a4      0x12c src/system_stm32f4xx.o
 .text.Reset_Handler
                0x00000000080032d0       0x50 startup/startup_stm32.o
                0x00000000080032d0                Reset_Handler
 .text.Default_Handler
                0x0000000008003320        0x2 startup/startup_stm32.o
                0x0000000008003320                RTC_Alarm_IRQHandler
                0x0000000008003320                EXTI2_IRQHandler
                0x0000000008003320                TIM8_CC_IRQHandler
                0x0000000008003320                SPDIF_Rx_IRQHandler
                0x0000000008003320                DebugMon_Handler
                0x0000000008003320                SPI4_IRQHandler
                0x0000000008003320                TIM1_CC_IRQHandler
                0x0000000008003320                QuadSPI_IRQHandler
                0x0000000008003320                DMA2_Stream5_IRQHandler
                0x0000000008003320                HardFault_Handler
                0x0000000008003320                DMA1_Stream5_IRQHandler
                0x0000000008003320                PVD_IRQHandler
                0x0000000008003320                SDIO_IRQHandler
                0x0000000008003320                TAMP_STAMP_IRQHandler
                0x0000000008003320                NMI_Handler
                0x0000000008003320                CAN2_RX1_IRQHandler
                0x0000000008003320                EXTI3_IRQHandler
                0x0000000008003320                TIM8_TRG_COM_TIM14_IRQHandler
                0x0000000008003320                TIM1_UP_TIM10_IRQHandler
                0x0000000008003320                FMPI2C1_error_IRQHandler
                0x0000000008003320                TIM8_UP_TIM13_IRQHandler
                0x0000000008003320                I2C3_ER_IRQHandler
                0x0000000008003320                EXTI0_IRQHandler
                0x0000000008003320                I2C2_EV_IRQHandler
                0x0000000008003320                DMA1_Stream2_IRQHandler
                0x0000000008003320                CAN1_RX0_IRQHandler
                0x0000000008003320                FPU_IRQHandler
                0x0000000008003320                OTG_HS_WKUP_IRQHandler
                0x0000000008003320                UsageFault_Handler
                0x0000000008003320                CAN2_SCE_IRQHandler
                0x0000000008003320                DMA2_Stream2_IRQHandler
                0x0000000008003320                SPI1_IRQHandler
                0x0000000008003320                TIM6_DAC_IRQHandler
                0x0000000008003320                TIM1_BRK_TIM9_IRQHandler
                0x0000000008003320                DCMI_IRQHandler
                0x0000000008003320                CAN2_RX0_IRQHandler
                0x0000000008003320                DMA2_Stream3_IRQHandler
                0x0000000008003320                FMPI2C1_IRQHandler
                0x0000000008003320                SAI2_IRQHandler
                0x0000000008003320                USART6_IRQHandler
                0x0000000008003320                USART3_IRQHandler
                0x0000000008003320                CAN1_RX1_IRQHandler
                0x0000000008003320                UART5_IRQHandler
                0x0000000008003320                DMA2_Stream0_IRQHandler
                0x0000000008003320                TIM4_IRQHandler
                0x0000000008003320                I2C1_EV_IRQHandler
                0x0000000008003320                HDMI_CEC_IRQHandler
                0x0000000008003320                DMA1_Stream6_IRQHandler
                0x0000000008003320                DMA1_Stream1_IRQHandler
                0x0000000008003320                UART4_IRQHandler
                0x0000000008003320                TIM3_IRQHandler
                0x0000000008003320                RCC_IRQHandler
                0x0000000008003320                TIM8_BRK_TIM12_IRQHandler
                0x0000000008003320                Default_Handler
                0x0000000008003320                EXTI15_10_IRQHandler
                0x0000000008003320                ADC_IRQHandler
                0x0000000008003320                DMA1_Stream7_IRQHandler
                0x0000000008003320                TIM7_IRQHandler
                0x0000000008003320                CAN2_TX_IRQHandler
                0x0000000008003320                TIM5_IRQHandler
                0x0000000008003320                DMA2_Stream7_IRQHandler
                0x0000000008003320                I2C3_EV_IRQHandler
                0x0000000008003320                EXTI9_5_IRQHandler
                0x0000000008003320                RTC_WKUP_IRQHandler
                0x0000000008003320                SPI2_IRQHandler
                0x0000000008003320                OTG_HS_EP1_IN_IRQHandler
                0x0000000008003320                MemManage_Handler
                0x0000000008003320                DMA1_Stream0_IRQHandler
                0x0000000008003320                CAN1_TX_IRQHandler
                0x0000000008003320                EXTI4_IRQHandler
                0x0000000008003320                OTG_HS_EP1_OUT_IRQHandler
                0x0000000008003320                WWDG_IRQHandler
                0x0000000008003320                TIM2_IRQHandler
                0x0000000008003320                OTG_FS_WKUP_IRQHandler
                0x0000000008003320                TIM1_TRG_COM_TIM11_IRQHandler
                0x0000000008003320                OTG_HS_IRQHandler
                0x0000000008003320                EXTI1_IRQHandler
                0x0000000008003320                USART2_IRQHandler
                0x0000000008003320                I2C2_ER_IRQHandler
                0x0000000008003320                DMA2_Stream1_IRQHandler
                0x0000000008003320                CAN1_SCE_IRQHandler
                0x0000000008003320                FLASH_IRQHandler
                0x0000000008003320                DMA2_Stream4_IRQHandler
                0x0000000008003320                BusFault_Handler
                0x0000000008003320                USART1_IRQHandler
                0x0000000008003320                OTG_FS_IRQHandler
                0x0000000008003320                SPI3_IRQHandler
                0x0000000008003320                DMA1_Stream4_IRQHandler
                0x0000000008003320                I2C1_ER_IRQHandler
                0x0000000008003320                FMC_IRQHandler
                0x0000000008003320                DMA2_Stream6_IRQHandler
                0x0000000008003320                SAI1_IRQHandler
                0x0000000008003320                DMA1_Stream3_IRQHandler
 *fill*         0x0000000008003322        0x2 
 .text.__libc_init_array
                0x0000000008003324       0x48 c:/st/stm32cubeide_1.3.0/stm32cubeide/plugins/com.st.stm32cube.ide.mcu.externaltools.gnu-tools-for-stm32.7-2018-q2-update.win32_1.4.0.202007081208/tools/bin/../lib/gcc/arm-none-eabi/7.3.1/../../../../arm-none-eabi/lib/thumb/v7e-m/fpv4-sp/hard\libc_nano.a(lib_a-init.o)
                0x0000000008003324                __libc_init_array
 .text.memcpy   0x000000000800336c       0x16 c:/st/stm32cubeide_1.3.0/stm32cubeide/plugins/com.st.stm32cube.ide.mcu.externaltools.gnu-tools-for-stm32.7-2018-q2-update.win32_1.4.0.202007081208/tools/bin/../lib/gcc/arm-none-eabi/7.3.1/../../../../arm-none-eabi/lib/thumb/v7e-m/fpv4-sp/hard\libc_nano.a(lib_a-memcpy-stub.o)
                0x000000000800336c                memcpy
 .text.memset   0x0000000008003382       0x10 c:/st/stm32cubeide_1.3.0/stm32cubeide/plugins/com.st.stm32cube.ide.mcu.externaltools.gnu-tools-for-stm32.7-2018-q2-update.win32_1.4.0.202007081208/tools/bin/../lib/gcc/arm-none-eabi/7.3.1/../../../../arm-none-eabi/lib/thumb/v7e-m/fpv4-sp/hard\libc_nano.a(lib_a-memset.o)
                0x0000000008003382                memset
 *(.glue_7)
 .glue_7        0x0000000008003392        0x0 linker stubs
 *(.glue_7t)
 .glue_7t       0x0000000008003392        0x0 linker stubs
 *(.eh_frame)
 *fill*         0x0000000008003392        0x2 
 .eh_frame      0x0000000008003394        0x0 c:/st/stm32cubeide_1.3.0/stm32cubeide/plugins/com.st.stm32cube.ide.mcu.externaltools.gnu-tools-for-stm32.7-2018-q2-update.win32_1.4.0.202007081208/tools/bin/../lib/gcc/arm-none-eabi/7.3.1/thumb/v7e-m/fpv4-sp/hard/crtbegin.o
 *(.init)
 .init          0x0000000008003394        0x4 c:/st/stm32cubeide_1.3.0/stm32cubeide/plugins/com.st.stm32cube.ide.mcu.externaltools.gnu-tools-for-stm32.7-2018-q2-update.win32_1.4.0.202007081208/tools/bin/../lib/gcc/arm-none-eabi/7.3.1/thumb/v7e-m/fpv4-sp/hard/crti.o
                0x0000000008003394                _init
 .init          0x0000000008003398        0x8 c:/st/stm32cubeide_1.3.0/stm32cubeide/plugins/com.st.stm32cube.ide.mcu.externaltools.gnu-tools-for-stm32.7-2018-q2-update.win32_1.4.0.202007081208/tools/bin/../lib/gcc/arm-none-eabi/7.3.1/thumb/v7e-m/fpv4-sp/hard/crtn.o
 *(.fini)
 .fini          0x00000000080033a0        0x4 c:/st/stm32cubeide_1.3.0/stm32cubeide/plugins/com.st.stm32cube.ide.mcu.externaltools.gnu-tools-for-stm32.7-2018-q2-update.win32_1.4.0.202007081208/tools/bin/../lib/gcc/arm-none-eabi/7.3.1/thumb/v7e-m/fpv4-sp/hard/crti.o
                0x00000000080033a0                _fini
 .fini          0x00000000080033a4        0x8 c:/st/stm32cubeide_1.3.0/stm32cubeide/plugins/com.st.stm32cube.ide.mcu.externaltools.gnu-tools-for-stm32.7-2018-q2-update.win32_1.4.0.202007081208/tools/bin/../lib/gcc/arm-none-eabi/7.3.1/thumb/v7e-m/fpv4-sp/hard/crtn.o
                0x00000000080033ac                . = ALIGN (0x4)
                0x00000000080033ac                _etext = .

.vfp11_veneer   0x00000000080033ac        0x0
 .vfp11_veneer  0x00000000080033ac        0x0 linker stubs

.v4_bx          0x00000000080033ac        0x0
 .v4_bx         0x00000000080033ac        0x0 linker stubs

.iplt           0x00000000080033ac        0x0
 .iplt          0x00000000080033ac        0x0 c:/st/stm32cubeide_1.3.0/stm32cubeide/plugins/com.st.stm32cube.ide.mcu.externaltools.gnu-tools-for-stm32.7-2018-q2-update.win32_1.4.0.202007081208/tools/bin/../lib/gcc/arm-none-eabi/7.3.1/thumb/v7e-m/fpv4-sp/hard/crtbegin.o

.rodata         0x00000000080033ac       0x84
                0x00000000080033ac                . = ALIGN (0x4)
 *(.rodata)
 .rodata        0x00000000080033ac        0x5 Third-Party/FreeRTOS/org/Source/tasks.o
 *fill*         0x00000000080033b1        0x3 
 .rodata        0x00000000080033b4        0xd Third-Party/FreeRTOS/org/Source/timers.o
 *fill*         0x00000000080033c1        0x3 
 .rodata        0x00000000080033c4       0x6a src/main.o
 *(.rodata*)
                0x0000000008003430                . = ALIGN (0x4)
 *fill*         0x000000000800342e        0x2 

.rel.dyn        0x0000000008003430        0x0
 .rel.iplt      0x0000000008003430        0x0 c:/st/stm32cubeide_1.3.0/stm32cubeide/plugins/com.st.stm32cube.ide.mcu.externaltools.gnu-tools-for-stm32.7-2018-q2-update.win32_1.4.0.202007081208/tools/bin/../lib/gcc/arm-none-eabi/7.3.1/thumb/v7e-m/fpv4-sp/hard/crtbegin.o

.ARM.extab      0x0000000008003430        0x0
                0x0000000008003430                . = ALIGN (0x4)
 *(.ARM.extab* .gnu.linkonce.armextab.*)
                0x0000000008003430                . = ALIGN (0x4)

.ARM            0x0000000008003430        0x0
                0x0000000008003430                . = ALIGN (0x4)
                0x0000000008003430                __exidx_start = .
 *(.ARM.exidx*)
                0x0000000008003430                __exidx_end = .
                0x0000000008003430                . = ALIGN (0x4)

.preinit_array  0x0000000008003430        0x0
                0x0000000008003430                . = ALIGN (0x4)
                0x0000000008003430                PROVIDE (__preinit_array_start = .)
 *(.preinit_array*)
                0x0000000008003430                PROVIDE (__preinit_array_end = .)
                0x0000000008003430                . = ALIGN (0x4)

.init_array     0x0000000008003430        0x4
                0x0000000008003430                . = ALIGN (0x4)
                0x0000000008003430                PROVIDE (__init_array_start = .)
 *(SORT_BY_NAME(.init_array.*))
 *(.init_array*)
 .init_array    0x0000000008003430        0x4 c:/st/stm32cubeide_1.3.0/stm32cubeide/plugins/com.st.stm32cube.ide.mcu.externaltools.gnu-tools-for-stm32.7-2018-q2-update.win32_1.4.0.202007081208/tools/bin/../lib/gcc/arm-none-eabi/7.3.1/thumb/v7e-m/fpv4-sp/hard/crtbegin.o
                0x0000000008003434                PROVIDE (__init_array_end = .)
                0x0000000008003434                . = ALIGN (0x4)

.fini_array     0x0000000008003434        0x4
                0x0000000008003434                . = ALIGN (0x4)
                [!provide]                        PROVIDE (__fini_array_start = .)
 *(SORT_BY_NAME(.fini_array.*))
 *(.fini_array*)
 .fini_array    0x0000000008003434        0x4 c:/st/stm32cubeide_1.3.0/stm32cubeide/plugins/com.st.stm32cube.ide.mcu.externaltools.gnu-tools-for-stm32.7-2018-q2-update.win32_1.4.0.202007081208/tools/bin/../lib/gcc/arm-none-eabi/7.3.1/thumb/v7e-m/fpv4-sp/hard/crtbegin.o
                [!provide]                        PROVIDE (__fini_array_end = .)
                0x0000000008003438                . = ALIGN (0x4)
                0x0000000008003438                _sidata = LOADADDR (.data)

.data           0x0000000020000000       0x30 load address 0x0000000008003438
                0x0000000020000000                . = ALIGN (0x4)
                0x0000000020000000                _sdata = .
 *(.data)
 *(.data*)
 .data.APBAHBPrescTable
                0x0000000020000000       0x10 StdPeriph_Driver/src/stm32f4xx_rcc.o
 .data.uxTopUsedPriority
                0x0000000020000010        0x4 Third-Party/FreeRTOS/org/Source/tasks.o
                0x0000000020000010                uxTopUsedPriority
 .data.uxCriticalNesting
                0x0000000020000014        0x4 Third-Party/FreeRTOS/org/Source/portable/GCC/ARM_CM4F/port.o
 .data.UART_ACCESS_KEY
                0x0000000020000018        0x1 src/main.o
                0x0000000020000018                UART_ACCESS_KEY
 *fill*         0x0000000020000019        0x3 
 .data.SystemCoreClock
                0x000000002000001c        0x4 src/system_stm32f4xx.o
                0x000000002000001c                SystemCoreClock
 .data.AHBPrescTable
                0x0000000020000020       0x10 src/system_stm32f4xx.o
                0x0000000020000020                AHBPrescTable
                0x0000000020000030                . = ALIGN (0x4)
                0x0000000020000030                _edata = .

.igot.plt       0x0000000020000030        0x0 load address 0x0000000008003468
 .igot.plt      0x0000000020000030        0x0 c:/st/stm32cubeide_1.3.0/stm32cubeide/plugins/com.st.stm32cube.ide.mcu.externaltools.gnu-tools-for-stm32.7-2018-q2-update.win32_1.4.0.202007081208/tools/bin/../lib/gcc/arm-none-eabi/7.3.1/thumb/v7e-m/fpv4-sp/hard/crtbegin.o
                0x0000000020000030                . = ALIGN (0x4)

.bss            0x0000000020000030    0x12ec8 load address 0x0000000008003468
                0x0000000020000030                _sbss = .
                0x0000000020000030                __bss_start__ = _sbss
 *(.bss)
 .bss           0x0000000020000030       0x1c c:/st/stm32cubeide_1.3.0/stm32cubeide/plugins/com.st.stm32cube.ide.mcu.externaltools.gnu-tools-for-stm32.7-2018-q2-update.win32_1.4.0.202007081208/tools/bin/../lib/gcc/arm-none-eabi/7.3.1/thumb/v7e-m/fpv4-sp/hard/crtbegin.o
 *(.bss*)
 .bss.pxCurrentTCB
                0x000000002000004c        0x4 Third-Party/FreeRTOS/org/Source/tasks.o
                0x000000002000004c                pxCurrentTCB
 .bss.pxReadyTasksLists
                0x0000000020000050       0x64 Third-Party/FreeRTOS/org/Source/tasks.o
 .bss.xDelayedTaskList1
                0x00000000200000b4       0x14 Third-Party/FreeRTOS/org/Source/tasks.o
 .bss.xDelayedTaskList2
                0x00000000200000c8       0x14 Third-Party/FreeRTOS/org/Source/tasks.o
 .bss.pxDelayedTaskList
                0x00000000200000dc        0x4 Third-Party/FreeRTOS/org/Source/tasks.o
 .bss.pxOverflowDelayedTaskList
                0x00000000200000e0        0x4 Third-Party/FreeRTOS/org/Source/tasks.o
 .bss.xPendingReadyList
                0x00000000200000e4       0x14 Third-Party/FreeRTOS/org/Source/tasks.o
 .bss.xTasksWaitingTermination
                0x00000000200000f8       0x14 Third-Party/FreeRTOS/org/Source/tasks.o
 .bss.uxDeletedTasksWaitingCleanUp
                0x000000002000010c        0x4 Third-Party/FreeRTOS/org/Source/tasks.o
 .bss.xSuspendedTaskList
                0x0000000020000110       0x14 Third-Party/FreeRTOS/org/Source/tasks.o
 .bss.uxCurrentNumberOfTasks
                0x0000000020000124        0x4 Third-Party/FreeRTOS/org/Source/tasks.o
 .bss.xTickCount
                0x0000000020000128        0x4 Third-Party/FreeRTOS/org/Source/tasks.o
 .bss.uxTopReadyPriority
                0x000000002000012c        0x4 Third-Party/FreeRTOS/org/Source/tasks.o
 .bss.xSchedulerRunning
                0x0000000020000130        0x4 Third-Party/FreeRTOS/org/Source/tasks.o
 .bss.xPendedTicks
                0x0000000020000134        0x4 Third-Party/FreeRTOS/org/Source/tasks.o
 .bss.xYieldPending
                0x0000000020000138        0x4 Third-Party/FreeRTOS/org/Source/tasks.o
 .bss.xNumOfOverflows
                0x000000002000013c        0x4 Third-Party/FreeRTOS/org/Source/tasks.o
 .bss.uxTaskNumber
                0x0000000020000140        0x4 Third-Party/FreeRTOS/org/Source/tasks.o
 .bss.xNextTaskUnblockTime
                0x0000000020000144        0x4 Third-Party/FreeRTOS/org/Source/tasks.o
 .bss.xIdleTaskHandle
                0x0000000020000148        0x4 Third-Party/FreeRTOS/org/Source/tasks.o
 .bss.uxSchedulerSuspended
                0x000000002000014c        0x4 Third-Party/FreeRTOS/org/Source/tasks.o
 .bss.xActiveTimerList1
                0x0000000020000150       0x14 Third-Party/FreeRTOS/org/Source/timers.o
 .bss.xActiveTimerList2
                0x0000000020000164       0x14 Third-Party/FreeRTOS/org/Source/timers.o
 .bss.pxCurrentTimerList
                0x0000000020000178        0x4 Third-Party/FreeRTOS/org/Source/timers.o
 .bss.pxOverflowTimerList
                0x000000002000017c        0x4 Third-Party/FreeRTOS/org/Source/timers.o
 .bss.xTimerQueue
                0x0000000020000180        0x4 Third-Party/FreeRTOS/org/Source/timers.o
 .bss.xTimerTaskHandle
                0x0000000020000184        0x4 Third-Party/FreeRTOS/org/Source/timers.o
 .bss.xLastTime.6732
                0x0000000020000188        0x4 Third-Party/FreeRTOS/org/Source/timers.o
 .bss.ucMaxSysCallPriority
                0x000000002000018c        0x1 Third-Party/FreeRTOS/org/Source/portable/GCC/ARM_CM4F/port.o
 *fill*         0x000000002000018d        0x3 
 .bss.ulMaxPRIGROUPValue
                0x0000000020000190        0x4 Third-Party/FreeRTOS/org/Source/portable/GCC/ARM_CM4F/port.o
 .bss.ucHeap    0x0000000020000194    0x12c00 Third-Party/FreeRTOS/org/Source/portable/MemMang/heap_4.o
 .bss.xStart    0x0000000020012d94        0x8 Third-Party/FreeRTOS/org/Source/portable/MemMang/heap_4.o
 .bss.pxEnd     0x0000000020012d9c        0x4 Third-Party/FreeRTOS/org/Source/portable/MemMang/heap_4.o
 .bss.xFreeBytesRemaining
                0x0000000020012da0        0x4 Third-Party/FreeRTOS/org/Source/portable/MemMang/heap_4.o
 .bss.xMinimumEverFreeBytesRemaining
                0x0000000020012da4        0x4 Third-Party/FreeRTOS/org/Source/portable/MemMang/heap_4.o
 .bss.xNumberOfSuccessfulAllocations
                0x0000000020012da8        0x4 Third-Party/FreeRTOS/org/Source/portable/MemMang/heap_4.o
 .bss.xNumberOfSuccessfulFrees
                0x0000000020012dac        0x4 Third-Party/FreeRTOS/org/Source/portable/MemMang/heap_4.o
 .bss.xBlockAllocatedBit
                0x0000000020012db0        0x4 Third-Party/FreeRTOS/org/Source/portable/MemMang/heap_4.o
 .bss.xTaskHandle1
                0x0000000020012db4        0x4 src/main.o
                0x0000000020012db4                xTaskHandle1
 .bss.xTaskHandle2
                0x0000000020012db8        0x4 src/main.o
                0x0000000020012db8                xTaskHandle2
 .bss.usr_msg   0x0000000020012dbc       0xfa src/main.o
                0x0000000020012dbc                usr_msg
 *(COMMON)
 *fill*         0x0000000020012eb6        0x2 
 COMMON         0x0000000020012eb8       0x40 Third-Party/FreeRTOS/org/Source/queue.o
                0x0000000020012eb8                xQueueRegistry
                0x0000000020012ef8                . = ALIGN (0x4)
                0x0000000020012ef8                _ebss = .
                0x0000000020012ef8                __bss_end__ = _ebss

._user_heap_stack
                0x0000000020012ef8      0x600 load address 0x0000000008003468
                0x0000000020012ef8                . = ALIGN (0x8)
                [!provide]                        PROVIDE (end = .)
                [!provide]                        PROVIDE (_end = .)
                0x00000000200130f8                . = (. + _Min_Heap_Size)
 *fill*         0x0000000020012ef8      0x200 
                0x00000000200134f8                . = (. + _Min_Stack_Size)
 *fill*         0x00000000200130f8      0x400 
                0x00000000200134f8                . = ALIGN (0x8)

/DISCARD/
 libc.a(*)
 libm.a(*)
 libgcc.a(*)

.ARM.attributes
                0x0000000000000000       0x30
 *(.ARM.attributes)
 .ARM.attributes
                0x0000000000000000       0x22 c:/st/stm32cubeide_1.3.0/stm32cubeide/plugins/com.st.stm32cube.ide.mcu.externaltools.gnu-tools-for-stm32.7-2018-q2-update.win32_1.4.0.202007081208/tools/bin/../lib/gcc/arm-none-eabi/7.3.1/thumb/v7e-m/fpv4-sp/hard/crti.o
 .ARM.attributes
                0x0000000000000022       0x34 c:/st/stm32cubeide_1.3.0/stm32cubeide/plugins/com.st.stm32cube.ide.mcu.externaltools.gnu-tools-for-stm32.7-2018-q2-update.win32_1.4.0.202007081208/tools/bin/../lib/gcc/arm-none-eabi/7.3.1/thumb/v7e-m/fpv4-sp/hard/crtbegin.o
 .ARM.attributes
                0x0000000000000056       0x39 StdPeriph_Driver/src/stm32f4xx_gpio.o
 .ARM.attributes
                0x000000000000008f       0x39 StdPeriph_Driver/src/stm32f4xx_rcc.o
 .ARM.attributes
                0x00000000000000c8       0x39 StdPeriph_Driver/src/stm32f4xx_usart.o
 .ARM.attributes
                0x0000000000000101       0x39 Third-Party/FreeRTOS/org/Source/list.o
 .ARM.attributes
                0x000000000000013a       0x39 Third-Party/FreeRTOS/org/Source/queue.o
 .ARM.attributes
                0x0000000000000173       0x39 Third-Party/FreeRTOS/org/Source/tasks.o
 .ARM.attributes
                0x00000000000001ac       0x39 Third-Party/FreeRTOS/org/Source/timers.o
 .ARM.attributes
                0x00000000000001e5       0x39 Third-Party/FreeRTOS/org/Source/portable/GCC/ARM_CM4F/port.o
 .ARM.attributes
                0x000000000000021e       0x39 Third-Party/FreeRTOS/org/Source/portable/MemMang/heap_4.o
 .ARM.attributes
                0x0000000000000257       0x39 src/main.o
 .ARM.attributes
                0x0000000000000290       0x39 src/system_stm32f4xx.o
 .ARM.attributes
                0x00000000000002c9       0x21 startup/startup_stm32.o
 .ARM.attributes
                0x00000000000002ea       0x34 c:/st/stm32cubeide_1.3.0/stm32cubeide/plugins/com.st.stm32cube.ide.mcu.externaltools.gnu-tools-for-stm32.7-2018-q2-update.win32_1.4.0.202007081208/tools/bin/../lib/gcc/arm-none-eabi/7.3.1/../../../../arm-none-eabi/lib/thumb/v7e-m/fpv4-sp/hard\libc_nano.a(lib_a-init.o)
 .ARM.attributes
                0x000000000000031e       0x34 c:/st/stm32cubeide_1.3.0/stm32cubeide/plugins/com.st.stm32cube.ide.mcu.externaltools.gnu-tools-for-stm32.7-2018-q2-update.win32_1.4.0.202007081208/tools/bin/../lib/gcc/arm-none-eabi/7.3.1/../../../../arm-none-eabi/lib/thumb/v7e-m/fpv4-sp/hard\libc_nano.a(lib_a-memcpy-stub.o)
 .ARM.attributes
                0x0000000000000352       0x34 c:/st/stm32cubeide_1.3.0/stm32cubeide/plugins/com.st.stm32cube.ide.mcu.externaltools.gnu-tools-for-stm32.7-2018-q2-update.win32_1.4.0.202007081208/tools/bin/../lib/gcc/arm-none-eabi/7.3.1/../../../../arm-none-eabi/lib/thumb/v7e-m/fpv4-sp/hard\libc_nano.a(lib_a-memset.o)
 .ARM.attributes
                0x0000000000000386       0x1b c:/st/stm32cubeide_1.3.0/stm32cubeide/plugins/com.st.stm32cube.ide.mcu.externaltools.gnu-tools-for-stm32.7-2018-q2-update.win32_1.4.0.202007081208/tools/bin/../lib/gcc/arm-none-eabi/7.3.1/../../../../arm-none-eabi/lib/thumb/v7e-m/fpv4-sp/hard\libc_nano.a(lib_a-strlen.o)
 .ARM.attributes
                0x00000000000003a1       0x22 c:/st/stm32cubeide_1.3.0/stm32cubeide/plugins/com.st.stm32cube.ide.mcu.externaltools.gnu-tools-for-stm32.7-2018-q2-update.win32_1.4.0.202007081208/tools/bin/../lib/gcc/arm-none-eabi/7.3.1/thumb/v7e-m/fpv4-sp/hard/crtn.o
OUTPUT(STM32_HelloWorld.elf elf32-littlearm)

.debug_info     0x0000000000000000     0xad0a
 .debug_info    0x0000000000000000      0x62b StdPeriph_Driver/src/stm32f4xx_gpio.o
 .debug_info    0x000000000000062b      0xe76 StdPeriph_Driver/src/stm32f4xx_rcc.o
 .debug_info    0x00000000000014a1      0x9d4 StdPeriph_Driver/src/stm32f4xx_usart.o
 .debug_info    0x0000000000001e75      0xacb Third-Party/FreeRTOS/org/Source/list.o
 .debug_info    0x0000000000002940     0x1ff2 Third-Party/FreeRTOS/org/Source/queue.o
 .debug_info    0x0000000000004932     0x2965 Third-Party/FreeRTOS/org/Source/tasks.o
 .debug_info    0x0000000000007297     0x14c9 Third-Party/FreeRTOS/org/Source/timers.o
 .debug_info    0x0000000000008760      0x533 Third-Party/FreeRTOS/org/Source/portable/GCC/ARM_CM4F/port.o
 .debug_info    0x0000000000008c93      0xced Third-Party/FreeRTOS/org/Source/portable/MemMang/heap_4.o
 .debug_info    0x0000000000009980      0xd56 src/main.o
 .debug_info    0x000000000000a6d6      0x612 src/system_stm32f4xx.o
 .debug_info    0x000000000000ace8       0x22 startup/startup_stm32.o

.debug_abbrev   0x0000000000000000     0x186b
 .debug_abbrev  0x0000000000000000      0x1bf StdPeriph_Driver/src/stm32f4xx_gpio.o
 .debug_abbrev  0x00000000000001bf      0x1d4 StdPeriph_Driver/src/stm32f4xx_rcc.o
 .debug_abbrev  0x0000000000000393      0x187 StdPeriph_Driver/src/stm32f4xx_usart.o
 .debug_abbrev  0x000000000000051a      0x1cf Third-Party/FreeRTOS/org/Source/list.o
 .debug_abbrev  0x00000000000006e9      0x2f1 Third-Party/FreeRTOS/org/Source/queue.o
 .debug_abbrev  0x00000000000009da      0x350 Third-Party/FreeRTOS/org/Source/tasks.o
 .debug_abbrev  0x0000000000000d2a      0x2c8 Third-Party/FreeRTOS/org/Source/timers.o
 .debug_abbrev  0x0000000000000ff2      0x210 Third-Party/FreeRTOS/org/Source/portable/GCC/ARM_CM4F/port.o
 .debug_abbrev  0x0000000000001202      0x29e Third-Party/FreeRTOS/org/Source/portable/MemMang/heap_4.o
 .debug_abbrev  0x00000000000014a0      0x25c src/main.o
 .debug_abbrev  0x00000000000016fc      0x15d src/system_stm32f4xx.o
 .debug_abbrev  0x0000000000001859       0x12 startup/startup_stm32.o

.debug_aranges  0x0000000000000000      0x900
 .debug_aranges
                0x0000000000000000       0x88 StdPeriph_Driver/src/stm32f4xx_gpio.o
 .debug_aranges
                0x0000000000000088      0x1c0 StdPeriph_Driver/src/stm32f4xx_rcc.o
 .debug_aranges
                0x0000000000000248      0x100 StdPeriph_Driver/src/stm32f4xx_usart.o
 .debug_aranges
                0x0000000000000348       0x40 Third-Party/FreeRTOS/org/Source/list.o
 .debug_aranges
                0x0000000000000388      0x130 Third-Party/FreeRTOS/org/Source/queue.o
 .debug_aranges
                0x00000000000004b8      0x1f8 Third-Party/FreeRTOS/org/Source/tasks.o
 .debug_aranges
                0x00000000000006b0       0xd8 Third-Party/FreeRTOS/org/Source/timers.o
 .debug_aranges
                0x0000000000000788       0x80 Third-Party/FreeRTOS/org/Source/portable/GCC/ARM_CM4F/port.o
 .debug_aranges
                0x0000000000000808       0x58 Third-Party/FreeRTOS/org/Source/portable/MemMang/heap_4.o
 .debug_aranges
                0x0000000000000860       0x48 src/main.o
 .debug_aranges
                0x00000000000008a8       0x30 src/system_stm32f4xx.o
 .debug_aranges
                0x00000000000008d8       0x28 startup/startup_stm32.o

.debug_ranges   0x0000000000000000      0x848
 .debug_ranges  0x0000000000000000       0x78 StdPeriph_Driver/src/stm32f4xx_gpio.o
 .debug_ranges  0x0000000000000078      0x1b0 StdPeriph_Driver/src/stm32f4xx_rcc.o
 .debug_ranges  0x0000000000000228       0xf0 StdPeriph_Driver/src/stm32f4xx_usart.o
 .debug_ranges  0x0000000000000318       0x30 Third-Party/FreeRTOS/org/Source/list.o
 .debug_ranges  0x0000000000000348      0x120 Third-Party/FreeRTOS/org/Source/queue.o
 .debug_ranges  0x0000000000000468      0x1e8 Third-Party/FreeRTOS/org/Source/tasks.o
 .debug_ranges  0x0000000000000650       0xc8 Third-Party/FreeRTOS/org/Source/timers.o
 .debug_ranges  0x0000000000000718       0x70 Third-Party/FreeRTOS/org/Source/portable/GCC/ARM_CM4F/port.o
 .debug_ranges  0x0000000000000788       0x48 Third-Party/FreeRTOS/org/Source/portable/MemMang/heap_4.o
 .debug_ranges  0x00000000000007d0       0x38 src/main.o
 .debug_ranges  0x0000000000000808       0x20 src/system_stm32f4xx.o
 .debug_ranges  0x0000000000000828       0x20 startup/startup_stm32.o

.debug_macro    0x0000000000000000     0x242a
 .debug_macro   0x0000000000000000      0x1d7 StdPeriph_Driver/src/stm32f4xx_gpio.o
 .debug_macro   0x00000000000001d7      0x2f5 StdPeriph_Driver/src/stm32f4xx_gpio.o
 .debug_macro   0x00000000000004cc      0x2a6 StdPeriph_Driver/src/stm32f4xx_rcc.o
 .debug_macro   0x0000000000000772      0x1ef StdPeriph_Driver/src/stm32f4xx_usart.o
 .debug_macro   0x0000000000000961      0x21d StdPeriph_Driver/src/stm32f4xx_usart.o
 .debug_macro   0x0000000000000b7e      0x186 Third-Party/FreeRTOS/org/Source/list.o
 .debug_macro   0x0000000000000d04      0x20f Third-Party/FreeRTOS/org/Source/queue.o
 .debug_macro   0x0000000000000f13       0x16 Third-Party/FreeRTOS/org/Source/queue.o
 .debug_macro   0x0000000000000f29       0x35 Third-Party/FreeRTOS/org/Source/queue.o
 .debug_macro   0x0000000000000f5e       0x20 Third-Party/FreeRTOS/org/Source/queue.o
 .debug_macro   0x0000000000000f7e       0x80 Third-Party/FreeRTOS/org/Source/queue.o
 .debug_macro   0x0000000000000ffe      0x26c Third-Party/FreeRTOS/org/Source/tasks.o
 .debug_macro   0x000000000000126a       0x10 Third-Party/FreeRTOS/org/Source/tasks.o
 .debug_macro   0x000000000000127a      0x1cf Third-Party/FreeRTOS/org/Source/timers.o
 .debug_macro   0x0000000000001449       0x97 Third-Party/FreeRTOS/org/Source/timers.o
 .debug_macro   0x00000000000014e0      0x196 Third-Party/FreeRTOS/org/Source/portable/GCC/ARM_CM4F/port.o
 .debug_macro   0x0000000000001676      0x1a1 Third-Party/FreeRTOS/org/Source/portable/MemMang/heap_4.o
 .debug_macro   0x0000000000001817      0x3cd src/main.o
 .debug_macro   0x0000000000001be4       0x16 src/main.o
 .debug_macro   0x0000000000001bfa       0x97 src/main.o
 .debug_macro   0x0000000000001c91       0xfd src/main.o
 .debug_macro   0x0000000000001d8e       0x10 src/main.o
 .debug_macro   0x0000000000001d9e       0x10 src/main.o
 .debug_macro   0x0000000000001dae       0x1c src/main.o
 .debug_macro   0x0000000000001dca       0x52 src/main.o
 .debug_macro   0x0000000000001e1c       0x40 src/main.o
 .debug_macro   0x0000000000001e5c       0x10 src/main.o
 .debug_macro   0x0000000000001e6c       0x40 src/main.o
 .debug_macro   0x0000000000001eac       0xd7 src/main.o
 .debug_macro   0x0000000000001f83       0x1c src/main.o
 .debug_macro   0x0000000000001f9f       0x3d src/main.o
 .debug_macro   0x0000000000001fdc       0x16 src/main.o
 .debug_macro   0x0000000000001ff2      0x145 src/main.o
 .debug_macro   0x0000000000002137      0x106 src/main.o
 .debug_macro   0x000000000000223d      0x1ed src/system_stm32f4xx.o

.debug_line     0x0000000000000000     0x78a8
 .debug_line    0x0000000000000000      0x8ab StdPeriph_Driver/src/stm32f4xx_gpio.o
 .debug_line    0x00000000000008ab      0xb9f StdPeriph_Driver/src/stm32f4xx_rcc.o
 .debug_line    0x000000000000144a      0x9f1 StdPeriph_Driver/src/stm32f4xx_usart.o
 .debug_line    0x0000000000001e3b      0x716 Third-Party/FreeRTOS/org/Source/list.o
 .debug_line    0x0000000000002551     0x10e2 Third-Party/FreeRTOS/org/Source/queue.o
 .debug_line    0x0000000000003633     0x1450 Third-Party/FreeRTOS/org/Source/tasks.o
 .debug_line    0x0000000000004a83      0xab3 Third-Party/FreeRTOS/org/Source/timers.o
 .debug_line    0x0000000000005536      0x78d Third-Party/FreeRTOS/org/Source/portable/GCC/ARM_CM4F/port.o
 .debug_line    0x0000000000005cc3      0x83b Third-Party/FreeRTOS/org/Source/portable/MemMang/heap_4.o
 .debug_line    0x00000000000064fe      0xb7e src/main.o
 .debug_line    0x000000000000707c      0x7b0 src/system_stm32f4xx.o
 .debug_line    0x000000000000782c       0x7c startup/startup_stm32.o

.debug_str      0x0000000000000000    0x7276f
 .debug_str     0x0000000000000000    0x6449e StdPeriph_Driver/src/stm32f4xx_gpio.o
                                      0x646ff (size before relaxing)
 .debug_str     0x000000000006449e      0xdbf StdPeriph_Driver/src/stm32f4xx_rcc.o
                                      0x65214 (size before relaxing)
 .debug_str     0x000000000006525d      0x53a StdPeriph_Driver/src/stm32f4xx_usart.o
                                      0x64a12 (size before relaxing)
 .debug_str     0x0000000000065797     0x6cd0 Third-Party/FreeRTOS/org/Source/list.o
                                       0xaa2c (size before relaxing)
 .debug_str     0x000000000006c467     0x22d1 Third-Party/FreeRTOS/org/Source/queue.o
                                       0xccf0 (size before relaxing)
 .debug_str     0x000000000006e738     0x1be2 Third-Party/FreeRTOS/org/Source/tasks.o
                                       0xda07 (size before relaxing)
 .debug_str     0x000000000007031a      0x529 Third-Party/FreeRTOS/org/Source/timers.o
                                       0xd0d4 (size before relaxing)
 .debug_str     0x0000000000070843      0x7f3 Third-Party/FreeRTOS/org/Source/portable/GCC/ARM_CM4F/port.o
                                       0x9374 (size before relaxing)
 .debug_str     0x0000000000071036      0x333 Third-Party/FreeRTOS/org/Source/portable/MemMang/heap_4.o
                                       0xbea6 (size before relaxing)
 .debug_str     0x0000000000071369     0x12c2 src/main.o
                                      0x6d71b (size before relaxing)
 .debug_str     0x000000000007262b      0x11b src/system_stm32f4xx.o
                                      0x64652 (size before relaxing)
 .debug_str     0x0000000000072746       0x29 startup/startup_stm32.o
                                         0x73 (size before relaxing)

.comment        0x0000000000000000       0x7b
 .comment       0x0000000000000000       0x7b StdPeriph_Driver/src/stm32f4xx_gpio.o
                                         0x7c (size before relaxing)
 .comment       0x000000000000007b       0x7c StdPeriph_Driver/src/stm32f4xx_rcc.o
 .comment       0x000000000000007b       0x7c StdPeriph_Driver/src/stm32f4xx_usart.o
 .comment       0x000000000000007b       0x7c Third-Party/FreeRTOS/org/Source/list.o
 .comment       0x000000000000007b       0x7c Third-Party/FreeRTOS/org/Source/queue.o
 .comment       0x000000000000007b       0x7c Third-Party/FreeRTOS/org/Source/tasks.o
 .comment       0x000000000000007b       0x7c Third-Party/FreeRTOS/org/Source/timers.o
 .comment       0x000000000000007b       0x7c Third-Party/FreeRTOS/org/Source/portable/GCC/ARM_CM4F/port.o
 .comment       0x000000000000007b       0x7c Third-Party/FreeRTOS/org/Source/portable/MemMang/heap_4.o
 .comment       0x000000000000007b       0x7c src/main.o
 .comment       0x000000000000007b       0x7c src/system_stm32f4xx.o

.debug_frame    0x0000000000000000     0x25d0
 .debug_frame   0x0000000000000000      0x23c StdPeriph_Driver/src/stm32f4xx_gpio.o
 .debug_frame   0x000000000000023c      0x83c StdPeriph_Driver/src/stm32f4xx_rcc.o
 .debug_frame   0x0000000000000a78      0x490 StdPeriph_Driver/src/stm32f4xx_usart.o
 .debug_frame   0x0000000000000f08       0xd8 Third-Party/FreeRTOS/org/Source/list.o
 .debug_frame   0x0000000000000fe0      0x534 Third-Party/FreeRTOS/org/Source/queue.o
 .debug_frame   0x0000000000001514      0x894 Third-Party/FreeRTOS/org/Source/tasks.o
 .debug_frame   0x0000000000001da8      0x38c Third-Party/FreeRTOS/org/Source/timers.o
 .debug_frame   0x0000000000002134      0x1a8 Third-Party/FreeRTOS/org/Source/portable/GCC/ARM_CM4F/port.o
 .debug_frame   0x00000000000022dc      0x12c Third-Party/FreeRTOS/org/Source/portable/MemMang/heap_4.o
 .debug_frame   0x0000000000002408       0xd8 src/main.o
 .debug_frame   0x00000000000024e0       0x7c src/system_stm32f4xx.o
 .debug_frame   0x000000000000255c       0x2c c:/st/stm32cubeide_1.3.0/stm32cubeide/plugins/com.st.stm32cube.ide.mcu.externaltools.gnu-tools-for-stm32.7-2018-q2-update.win32_1.4.0.202007081208/tools/bin/../lib/gcc/arm-none-eabi/7.3.1/../../../../arm-none-eabi/lib/thumb/v7e-m/fpv4-sp/hard\libc_nano.a(lib_a-init.o)
 .debug_frame   0x0000000000002588       0x28 c:/st/stm32cubeide_1.3.0/stm32cubeide/plugins/com.st.stm32cube.ide.mcu.externaltools.gnu-tools-for-stm32.7-2018-q2-update.win32_1.4.0.202007081208/tools/bin/../lib/gcc/arm-none-eabi/7.3.1/../../../../arm-none-eabi/lib/thumb/v7e-m/fpv4-sp/hard\libc_nano.a(lib_a-memcpy-stub.o)
 .debug_frame   0x00000000000025b0       0x20 c:/st/stm32cubeide_1.3.0/stm32cubeide/plugins/com.st.stm32cube.ide.mcu.externaltools.gnu-tools-for-stm32.7-2018-q2-update.win32_1.4.0.202007081208/tools/bin/../lib/gcc/arm-none-eabi/7.3.1/../../../../arm-none-eabi/lib/thumb/v7e-m/fpv4-sp/hard\libc_nano.a(lib_a-memset.o)
