Archive member included to satisfy reference by file (symbol)

c:/st/stm32cubeide_1.3.0/stm32cubeide/plugins/com.st.stm32cube.ide.mcu.externaltools.gnu-tools-for-stm32.7-2018-q2-update.win32_1.5.0.202011040924/tools/bin/../lib/gcc/arm-none-eabi/7.3.1/../../../../arm-none-eabi/lib/thumb/v7e-m/fpv4-sp/hard\libc_nano.a(lib_a-errno.o)
                              src/syscalls.o (__errno)
c:/st/stm32cubeide_1.3.0/stm32cubeide/plugins/com.st.stm32cube.ide.mcu.externaltools.gnu-tools-for-stm32.7-2018-q2-update.win32_1.5.0.202011040924/tools/bin/../lib/gcc/arm-none-eabi/7.3.1/../../../../arm-none-eabi/lib/thumb/v7e-m/fpv4-sp/hard\libc_nano.a(lib_a-exit.o)
                              c:/st/stm32cubeide_1.3.0/stm32cubeide/plugins/com.st.stm32cube.ide.mcu.externaltools.gnu-tools-for-stm32.7-2018-q2-update.win32_1.5.0.202011040924/tools/bin/../lib/gcc/arm-none-eabi/7.3.1/../../../../arm-none-eabi/lib/thumb/v7e-m/fpv4-sp/hard/crt0.o (exit)
c:/st/stm32cubeide_1.3.0/stm32cubeide/plugins/com.st.stm32cube.ide.mcu.externaltools.gnu-tools-for-stm32.7-2018-q2-update.win32_1.5.0.202011040924/tools/bin/../lib/gcc/arm-none-eabi/7.3.1/../../../../arm-none-eabi/lib/thumb/v7e-m/fpv4-sp/hard\libc_nano.a(lib_a-impure.o)
                              c:/st/stm32cubeide_1.3.0/stm32cubeide/plugins/com.st.stm32cube.ide.mcu.externaltools.gnu-tools-for-stm32.7-2018-q2-update.win32_1.5.0.202011040924/tools/bin/../lib/gcc/arm-none-eabi/7.3.1/../../../../arm-none-eabi/lib/thumb/v7e-m/fpv4-sp/hard\libc_nano.a(lib_a-exit.o) (_global_impure_ptr)
c:/st/stm32cubeide_1.3.0/stm32cubeide/plugins/com.st.stm32cube.ide.mcu.externaltools.gnu-tools-for-stm32.7-2018-q2-update.win32_1.5.0.202011040924/tools/bin/../lib/gcc/arm-none-eabi/7.3.1/../../../../arm-none-eabi/lib/thumb/v7e-m/fpv4-sp/hard\libc_nano.a(lib_a-init.o)
                              c:/st/stm32cubeide_1.3.0/stm32cubeide/plugins/com.st.stm32cube.ide.mcu.externaltools.gnu-tools-for-stm32.7-2018-q2-update.win32_1.5.0.202011040924/tools/bin/../lib/gcc/arm-none-eabi/7.3.1/../../../../arm-none-eabi/lib/thumb/v7e-m/fpv4-sp/hard/crt0.o (__libc_init_array)
c:/st/stm32cubeide_1.3.0/stm32cubeide/plugins/com.st.stm32cube.ide.mcu.externaltools.gnu-tools-for-stm32.7-2018-q2-update.win32_1.5.0.202011040924/tools/bin/../lib/gcc/arm-none-eabi/7.3.1/../../../../arm-none-eabi/lib/thumb/v7e-m/fpv4-sp/hard\libc_nano.a(lib_a-memcmp.o)
                              Third-Party/SEGGER/OS/SEGGER_SYSVIEW_FreeRTOS.o (memcmp)
c:/st/stm32cubeide_1.3.0/stm32cubeide/plugins/com.st.stm32cube.ide.mcu.externaltools.gnu-tools-for-stm32.7-2018-q2-update.win32_1.5.0.202011040924/tools/bin/../lib/gcc/arm-none-eabi/7.3.1/../../../../arm-none-eabi/lib/thumb/v7e-m/fpv4-sp/hard\libc_nano.a(lib_a-memcpy-stub.o)
                              Third-Party/FreeRTOS/org/Source/queue.o (memcpy)
c:/st/stm32cubeide_1.3.0/stm32cubeide/plugins/com.st.stm32cube.ide.mcu.externaltools.gnu-tools-for-stm32.7-2018-q2-update.win32_1.5.0.202011040924/tools/bin/../lib/gcc/arm-none-eabi/7.3.1/../../../../arm-none-eabi/lib/thumb/v7e-m/fpv4-sp/hard\libc_nano.a(lib_a-memset.o)
                              c:/st/stm32cubeide_1.3.0/stm32cubeide/plugins/com.st.stm32cube.ide.mcu.externaltools.gnu-tools-for-stm32.7-2018-q2-update.win32_1.5.0.202011040924/tools/bin/../lib/gcc/arm-none-eabi/7.3.1/../../../../arm-none-eabi/lib/thumb/v7e-m/fpv4-sp/hard/crt0.o (memset)
c:/st/stm32cubeide_1.3.0/stm32cubeide/plugins/com.st.stm32cube.ide.mcu.externaltools.gnu-tools-for-stm32.7-2018-q2-update.win32_1.5.0.202011040924/tools/bin/../lib/gcc/arm-none-eabi/7.3.1/../../../../arm-none-eabi/lib/thumb/v7e-m/fpv4-sp/hard\libc_nano.a(lib_a-sprintf.o)
                              src/main.o (sprintf)
c:/st/stm32cubeide_1.3.0/stm32cubeide/plugins/com.st.stm32cube.ide.mcu.externaltools.gnu-tools-for-stm32.7-2018-q2-update.win32_1.5.0.202011040924/tools/bin/../lib/gcc/arm-none-eabi/7.3.1/../../../../arm-none-eabi/lib/thumb/v7e-m/fpv4-sp/hard\libc_nano.a(lib_a-strlen.o)
                              Third-Party/SEGGER/SEGGER/SEGGER_RTT.o (strlen)
c:/st/stm32cubeide_1.3.0/stm32cubeide/plugins/com.st.stm32cube.ide.mcu.externaltools.gnu-tools-for-stm32.7-2018-q2-update.win32_1.5.0.202011040924/tools/bin/../lib/gcc/arm-none-eabi/7.3.1/../../../../arm-none-eabi/lib/thumb/v7e-m/fpv4-sp/hard\libc_nano.a(lib_a-nano-svfprintf.o)
                              c:/st/stm32cubeide_1.3.0/stm32cubeide/plugins/com.st.stm32cube.ide.mcu.externaltools.gnu-tools-for-stm32.7-2018-q2-update.win32_1.5.0.202011040924/tools/bin/../lib/gcc/arm-none-eabi/7.3.1/../../../../arm-none-eabi/lib/thumb/v7e-m/fpv4-sp/hard\libc_nano.a(lib_a-sprintf.o) (_svfprintf_r)
c:/st/stm32cubeide_1.3.0/stm32cubeide/plugins/com.st.stm32cube.ide.mcu.externaltools.gnu-tools-for-stm32.7-2018-q2-update.win32_1.5.0.202011040924/tools/bin/../lib/gcc/arm-none-eabi/7.3.1/../../../../arm-none-eabi/lib/thumb/v7e-m/fpv4-sp/hard\libc_nano.a(lib_a-nano-vfprintf_i.o)
[...]
Memory Configuration

Name             Origin             Length             Attributes
RAM              0x0000000020000000 0x0000000000030000 xrw
FLASH            0x0000000008000000 0x0000000000200000 xr
*default*        0x0000000000000000 0xffffffffffffffff

Linker script and memory map

LOAD c:/st/stm32cubeide_1.3.0/stm32cubeide/plugins/com.st.stm32cube.ide.mcu.externaltools.gnu-tools-for-stm32.7-2018-q2-update.win32_1.5.0.202011040924/tools/bin/../lib/gcc/arm-none-eabi/7.3.1/thumb/v7e-m/fpv4-sp/hard/crti.o
LOAD c:/st/stm32cubeide_1.3.0/stm32cubeide/plugins/com.st.stm32cube.ide.mcu.externaltools.gnu-tools-for-stm32.7-2018-q2-update.win32_1.5.0.202011040924/tools/bin/../lib/gcc/arm-none-eabi/7.3.1/thumb/v7e-m/fpv4-sp/hard/crtbegin.o
LOAD c:/st/stm32cubeide_1.3.0/stm32cubeide/plugins/com.st.stm32cube.ide.mcu.externaltools.gnu-tools-for-stm32.7-2018-q2-update.win32_1.5.0.202011040924/tools/bin/../lib/gcc/arm-none-eabi/7.3.1/../../../../arm-none-eabi/lib/thumb/v7e-m/fpv4-sp/hard/crt0.o
LOAD StdPeriph_Driver/src/misc.o
LOAD StdPeriph_Driver/src/stm32f4xx_adc.o
LOAD StdPeriph_Driver/src/stm32f4xx_can.o
LOAD StdPeriph_Driver/src/stm32f4xx_cec.o
LOAD StdPeriph_Driver/src/stm32f4xx_crc.o
LOAD StdPeriph_Driver/src/stm32f4xx_cryp.o
LOAD StdPeriph_Driver/src/stm32f4xx_cryp_aes.o
LOAD StdPeriph_Driver/src/stm32f4xx_cryp_des.o
LOAD StdPeriph_Driver/src/stm32f4xx_cryp_tdes.o
LOAD StdPeriph_Driver/src/stm32f4xx_dac.o
LOAD StdPeriph_Driver/src/stm32f4xx_dbgmcu.o
LOAD StdPeriph_Driver/src/stm32f4xx_dcmi.o
LOAD StdPeriph_Driver/src/stm32f4xx_dfsdm.o
LOAD StdPeriph_Driver/src/stm32f4xx_dma.o
LOAD StdPeriph_Driver/src/stm32f4xx_dma2d.o
LOAD StdPeriph_Driver/src/stm32f4xx_dsi.o
LOAD StdPeriph_Driver/src/stm32f4xx_exti.o
LOAD StdPeriph_Driver/src/stm32f4xx_flash.o
LOAD StdPeriph_Driver/src/stm32f4xx_flash_ramfunc.o
LOAD StdPeriph_Driver/src/stm32f4xx_fmc.o
LOAD StdPeriph_Driver/src/stm32f4xx_fmip2c.o
LOAD StdPeriph_Driver/src/stm32f4xx_fsmc.o
LOAD StdPeriph_Driver/src/stm32f4xx_gpio.o
LOAD StdPeriph_Driver/src/stm32f4xx_hash.o
LOAD StdPeriph_Driver/src/stm32f4xx_hash_md5.o
LOAD StdPeriph_Driver/src/stm32f4xx_hash_sha1.o
LOAD StdPeriph_Driver/src/stm32f4xx_i2c.o
LOAD StdPeriph_Driver/src/stm32f4xx_iwdg.o
LOAD StdPeriph_Driver/src/stm32f4xx_lptim.o
LOAD StdPeriph_Driver/src/stm32f4xx_ltdc.o
LOAD StdPeriph_Driver/src/stm32f4xx_pwr.o
LOAD StdPeriph_Driver/src/stm32f4xx_qspi.o
LOAD StdPeriph_Driver/src/stm32f4xx_rcc.o
LOAD StdPeriph_Driver/src/stm32f4xx_rng.o
LOAD StdPeriph_Driver/src/stm32f4xx_rtc.o
LOAD StdPeriph_Driver/src/stm32f4xx_sai.o
LOAD StdPeriph_Driver/src/stm32f4xx_sdio.o
LOAD StdPeriph_Driver/src/stm32f4xx_spdifrx.o
LOAD StdPeriph_Driver/src/stm32f4xx_spi.o
LOAD StdPeriph_Driver/src/stm32f4xx_syscfg.o
LOAD StdPeriph_Driver/src/stm32f4xx_tim.o
LOAD StdPeriph_Driver/src/stm32f4xx_usart.o
LOAD StdPeriph_Driver/src/stm32f4xx_wwdg.o
LOAD Third-Party/FreeRTOS/org/Source/croutine.o
LOAD Third-Party/FreeRTOS/org/Source/event_groups.o
LOAD Third-Party/FreeRTOS/org/Source/list.o
LOAD Third-Party/FreeRTOS/org/Source/queue.o
LOAD Third-Party/FreeRTOS/org/Source/stream_buffer.o
LOAD Third-Party/FreeRTOS/org/Source/tasks.o
LOAD Third-Party/FreeRTOS/org/Source/timers.o
LOAD Third-Party/FreeRTOS/org/Source/portable/GCC/ARM_CM4F/port.o
LOAD Third-Party/FreeRTOS/org/Source/portable/MemMang/heap_4.o
LOAD Third-Party/SEGGER/Config/SEGGER_SYSVIEW_Config_FreeRTOS.o
LOAD Third-Party/SEGGER/OS/SEGGER_SYSVIEW_FreeRTOS.o
LOAD Third-Party/SEGGER/SEGGER/SEGGER_RTT.o
LOAD Third-Party/SEGGER/SEGGER/SEGGER_SYSVIEW.o
LOAD src/main.o
LOAD src/syscalls.o
LOAD src/system_stm32f4xx.o
LOAD startup/startup_stm32.o
START GROUP
LOAD c:/st/stm32cubeide_1.3.0/stm32cubeide/plugins/com.st.stm32cube.ide.mcu.externaltools.gnu-tools-for-stm32.7-2018-q2-update.win32_1.5.0.202011040924/tools/bin/../lib/gcc/arm-none-eabi/7.3.1/../../../../arm-none-eabi/lib/thumb/v7e-m/fpv4-sp/hard\libc_nano.a
LOAD c:/st/stm32cubeide_1.3.0/stm32cubeide/plugins/com.st.stm32cube.ide.mcu.externaltools.gnu-tools-for-stm32.7-2018-q2-update.win32_1.5.0.202011040924/tools/bin/../lib/gcc/arm-none-eabi/7.3.1/../../../../arm-none-eabi/lib/thumb/v7e-m/fpv4-sp/hard\libm.a
END GROUP
START GROUP
LOAD c:/st/stm32cubeide_1.3.0/stm32cubeide/plugins/com.st.stm32cube.ide.mcu.externaltools.gnu-tools-for-stm32.7-2018-q2-update.win32_1.5.0.202011040924/tools/bin/../lib/gcc/arm-none-eabi/7.3.1/thumb/v7e-m/fpv4-sp/hard\libgcc.a
LOAD c:/st/stm32cubeide_1.3.0/stm32cubeide/plugins/com.st.stm32cube.ide.mcu.externaltools.gnu-tools-for-stm32.7-2018-q2-update.win32_1.5.0.202011040924/tools/bin/../lib/gcc/arm-none-eabi/7.3.1/../../../../arm-none-eabi/lib/thumb/v7e-m/fpv4-sp/hard\libc_nano.a
END GROUP
START GROUP
LOAD c:/st/stm32cubeide_1.3.0/stm32cubeide/plugins/com.st.stm32cube.ide.mcu.externaltools.gnu-tools-for-stm32.7-2018-q2-update.win32_1.5.0.202011040924/tools/bin/../lib/gcc/arm-none-eabi/7.3.1/thumb/v7e-m/fpv4-sp/hard\libgcc.a
LOAD c:/st/stm32cubeide_1.3.0/stm32cubeide/plugins/com.st.stm32cube.ide.mcu.externaltools.gnu-tools-for-stm32.7-2018-q2-update.win32_1.5.0.202011040924/tools/bin/../lib/gcc/arm-none-eabi/7.3.1/../../../../arm-none-eabi/lib/thumb/v7e-m/fpv4-sp/hard\libc_nano.a
LOAD c:/st/stm32cubeide_1.3.0/stm32cubeide/plugins/com.st.stm32cube.ide.mcu.externaltools.gnu-tools-for-stm32.7-2018-q2-update.win32_1.5.0.202011040924/tools/bin/../lib/gcc/arm-none-eabi/7.3.1/../../../../arm-none-eabi/lib/thumb/v7e-m/fpv4-sp/hard\libnosys.a
END GROUP
START GROUP
LOAD c:/st/stm32cubeide_1.3.0/stm32cubeide/plugins/com.st.stm32cube.ide.mcu.externaltools.gnu-tools-for-stm32.7-2018-q2-update.win32_1.5.0.202011040924/tools/bin/../lib/gcc/arm-none-eabi/7.3.1/thumb/v7e-m/fpv4-sp/hard\libgcc.a
LOAD c:/st/stm32cubeide_1.3.0/stm32cubeide/plugins/com.st.stm32cube.ide.mcu.externaltools.gnu-tools-for-stm32.7-2018-q2-update.win32_1.5.0.202011040924/tools/bin/../lib/gcc/arm-none-eabi/7.3.1/../../../../arm-none-eabi/lib/thumb/v7e-m/fpv4-sp/hard\libc_nano.a
LOAD c:/st/stm32cubeide_1.3.0/stm32cubeide/plugins/com.st.stm32cube.ide.mcu.externaltools.gnu-tools-for-stm32.7-2018-q2-update.win32_1.5.0.202011040924/tools/bin/../lib/gcc/arm-none-eabi/7.3.1/../../../../arm-none-eabi/lib/thumb/v7e-m/fpv4-sp/hard\libnosys.a
END GROUP
LOAD c:/st/stm32cubeide_1.3.0/stm32cubeide/plugins/com.st.stm32cube.ide.mcu.externaltools.gnu-tools-for-stm32.7-2018-q2-update.win32_1.5.0.202011040924/tools/bin/../lib/gcc/arm-none-eabi/7.3.1/thumb/v7e-m/fpv4-sp/hard/crtend.o
LOAD c:/st/stm32cubeide_1.3.0/stm32cubeide/plugins/com.st.stm32cube.ide.mcu.externaltools.gnu-tools-for-stm32.7-2018-q2-update.win32_1.5.0.202011040924/tools/bin/../lib/gcc/arm-none-eabi/7.3.1/thumb/v7e-m/fpv4-sp/hard/crtn.o
                0x0000000020030000                _estack = (ORIGIN (RAM) + LENGTH (RAM))
                0x0000000000000200                _Min_Heap_Size = 0x200
                0x0000000000000400                _Min_Stack_Size = 0x400

.isr_vector     0x0000000008000000      0x1c4
                0x0000000008000000                . = ALIGN (0x4)
 *(.isr_vector)
 .isr_vector    0x0000000008000000      0x1c4 startup/startup_stm32.o
                0x0000000008000000                g_pfnVectors
                0x00000000080001c4                . = ALIGN (0x4)

.text           0x00000000080001d0     0x41c8
                0x00000000080001d0                . = ALIGN (0x4)
 *(.text)
 .text          0x00000000080001d0       0x40 c:/st/stm32cubeide_1.3.0/stm32cubeide/plugins/com.st.stm32cube.ide.mcu.externaltools.gnu-tools-for-stm32.7-2018-q2-update.win32_1.5.0.202011040924/tools/bin/../lib/gcc/arm-none-eabi/7.3.1/thumb/v7e-m/fpv4-sp/hard/crtbegin.o
 .text          0x0000000008000210       0x10 c:/st/stm32cubeide_1.3.0/stm32cubeide/plugins/com.st.stm32cube.ide.mcu.externaltools.gnu-tools-for-stm32.7-2018-q2-update.win32_1.5.0.202011040924/tools/bin/../lib/gcc/arm-none-eabi/7.3.1/../../../../arm-none-eabi/lib/thumb/v7e-m/fpv4-sp/hard\libc_nano.a(lib_a-strlen.o)
                0x0000000008000210                strlen
 .text          0x0000000008000220       0xa0 c:/st/stm32cubeide_1.3.0/stm32cubeide/plugins/com.st.stm32cube.ide.mcu.externaltools.gnu-tools-for-stm32.7-2018-q2-update.win32_1.5.0.202011040924/tools/bin/../lib/gcc/arm-none-eabi/7.3.1/../../../../arm-none-eabi/lib/thumb/v7e-m/fpv4-sp/hard\libc_nano.a(lib_a-memchr.o)
                0x0000000008000220                memchr
 *(.text*)
 .text.GPIO_Init
                0x00000000080002c0      0x11c StdPeriph_Driver/src/stm32f4xx_gpio.o
                0x00000000080002c0                GPIO_Init
 .text.GPIO_ReadOutputDataBit
                0x00000000080003dc       0x34 StdPeriph_Driver/src/stm32f4xx_gpio.o
                0x00000000080003dc                GPIO_ReadOutputDataBit
 .text.GPIO_ToggleBits
                0x0000000008000410       0x24 StdPeriph_Driver/src/stm32f4xx_gpio.o
                0x0000000008000410                GPIO_ToggleBits
 .text.GPIO_PinAFConfig
                0x0000000008000434       0x92 StdPeriph_Driver/src/stm32f4xx_gpio.o
                0x0000000008000434                GPIO_PinAFConfig
 *fill*         0x00000000080004c6        0x2 
 .text.RCC_DeInit
                0x00000000080004c8       0x70 StdPeriph_Driver/src/stm32f4xx_rcc.o
                0x00000000080004c8                RCC_DeInit
 .text.RCC_GetClocksFreq
                0x0000000008000538      0x150 StdPeriph_Driver/src/stm32f4xx_rcc.o
                0x0000000008000538                RCC_GetClocksFreq
 .text.RCC_AHB1PeriphClockCmd
                0x0000000008000688       0x40 StdPeriph_Driver/src/stm32f4xx_rcc.o
                0x0000000008000688                RCC_AHB1PeriphClockCmd
 .text.RCC_APB1PeriphClockCmd
                0x00000000080006c8       0x40 StdPeriph_Driver/src/stm32f4xx_rcc.o
                0x00000000080006c8                RCC_APB1PeriphClockCmd
 .text.RCC_APB2PeriphClockCmd
                0x0000000008000708       0x40 StdPeriph_Driver/src/stm32f4xx_rcc.o
                0x0000000008000708                RCC_APB2PeriphClockCmd
 .text.USART_Init
                0x0000000008000748      0x174 StdPeriph_Driver/src/stm32f4xx_usart.o
                0x0000000008000748                USART_Init
 .text.USART_Cmd
                0x00000000080008bc       0x40 StdPeriph_Driver/src/stm32f4xx_usart.o
                0x00000000080008bc                USART_Cmd
 .text.USART_SendData
                0x00000000080008fc       0x24 StdPeriph_Driver/src/stm32f4xx_usart.o
                0x00000000080008fc                USART_SendData
 .text.USART_GetFlagStatus
                0x0000000008000920       0x38 StdPeriph_Driver/src/stm32f4xx_usart.o
                0x0000000008000920                USART_GetFlagStatus
 .text.vListInitialise
                0x0000000008000958       0x40 Third-Party/FreeRTOS/org/Source/list.o
                0x0000000008000958                vListInitialise
 .text.vListInitialiseItem
                0x0000000008000998       0x1a Third-Party/FreeRTOS/org/Source/list.o
                0x0000000008000998                vListInitialiseItem
 .text.vListInsertEnd
                0x00000000080009b2       0x48 Third-Party/FreeRTOS/org/Source/list.o
                0x00000000080009b2                vListInsertEnd
 .text.vListInsert
                0x00000000080009fa       0x72 Third-Party/FreeRTOS/org/Source/list.o
                0x00000000080009fa                vListInsert
 .text.uxListRemove
                0x0000000008000a6c       0x54 Third-Party/FreeRTOS/org/Source/list.o
                0x0000000008000a6c                uxListRemove
 .text.xTaskCreate
                0x0000000008000ac0       0x82 Third-Party/FreeRTOS/org/Source/tasks.o
                0x0000000008000ac0                xTaskCreate
 .text.prvInitialiseNewTask
                0x0000000008000b42      0x126 Third-Party/FreeRTOS/org/Source/tasks.o
 .text.prvAddNewTaskToReadyList
                0x0000000008000c68      0x118 Third-Party/FreeRTOS/org/Source/tasks.o
 .text.vTaskDelay
                0x0000000008000d80       0x70 Third-Party/FreeRTOS/org/Source/tasks.o
                0x0000000008000d80                vTaskDelay
 .text.vTaskStartScheduler
                0x0000000008000df0       0xac Third-Party/FreeRTOS/org/Source/tasks.o
                0x0000000008000df0                vTaskStartScheduler
 .text.vTaskSuspendAll
                0x0000000008000e9c       0x1c Third-Party/FreeRTOS/org/Source/tasks.o
                0x0000000008000e9c                vTaskSuspendAll
 .text.xTaskResumeAll
                0x0000000008000eb8      0x140 Third-Party/FreeRTOS/org/Source/tasks.o
                0x0000000008000eb8                xTaskResumeAll
 .text.xTaskGetTickCountFromISR
                0x0000000008000ff8       0x24 Third-Party/FreeRTOS/org/Source/tasks.o
                0x0000000008000ff8                xTaskGetTickCountFromISR
 .text.xTaskIncrementTick
                0x000000000800101c      0x178 Third-Party/FreeRTOS/org/Source/tasks.o
                0x000000000800101c                xTaskIncrementTick
 .text.vTaskSwitchContext
                0x0000000008001194       0xd0 Third-Party/FreeRTOS/org/Source/tasks.o
                0x0000000008001194                vTaskSwitchContext
 .text.prvIdleTask
                0x0000000008001264       0x30 Third-Party/FreeRTOS/org/Source/tasks.o
 .text.prvInitialiseTaskLists
                0x0000000008001294       0x80 Third-Party/FreeRTOS/org/Source/tasks.o
 .text.prvCheckTasksWaitingTermination
                0x0000000008001314       0x58 Third-Party/FreeRTOS/org/Source/tasks.o
 .text.prvDeleteTCB
                0x000000000800136c       0x20 Third-Party/FreeRTOS/org/Source/tasks.o
 .text.prvResetNextTaskUnblockTime
                0x000000000800138c       0x40 Third-Party/FreeRTOS/org/Source/tasks.o
 .text.prvAddCurrentTaskToDelayedList
                0x00000000080013cc       0xf0 Third-Party/FreeRTOS/org/Source/tasks.o
 .text.pxPortInitialiseStack
                0x00000000080014bc       0x68 Third-Party/FreeRTOS/org/Source/portable/GCC/ARM_CM4F/port.o
                0x00000000080014bc                pxPortInitialiseStack
 .text.prvTaskExitError
                0x0000000008001524       0x54 Third-Party/FreeRTOS/org/Source/portable/GCC/ARM_CM4F/port.o
 *fill*         0x0000000008001578        0x8 
 .text.SVC_Handler
                0x0000000008001580       0x28 Third-Party/FreeRTOS/org/Source/portable/GCC/ARM_CM4F/port.o
                0x0000000008001580                SVC_Handler
 .text.prvPortStartFirstTask
                0x00000000080015a8       0x28 Third-Party/FreeRTOS/org/Source/portable/GCC/ARM_CM4F/port.o
 .text.xPortStartScheduler
                0x00000000080015d0      0x13c Third-Party/FreeRTOS/org/Source/portable/GCC/ARM_CM4F/port.o
                0x00000000080015d0                xPortStartScheduler
 .text.vPortEnterCritical
                0x000000000800170c       0x5c Third-Party/FreeRTOS/org/Source/portable/GCC/ARM_CM4F/port.o
                0x000000000800170c                vPortEnterCritical
 .text.vPortExitCritical
                0x0000000008001768       0x50 Third-Party/FreeRTOS/org/Source/portable/GCC/ARM_CM4F/port.o
                0x0000000008001768                vPortExitCritical
 *fill*         0x00000000080017b8        0x8 
 .text.PendSV_Handler
                0x00000000080017c0       0x68 Third-Party/FreeRTOS/org/Source/portable/GCC/ARM_CM4F/port.o
                0x00000000080017c0                PendSV_Handler
 .text.SysTick_Handler
                0x0000000008001828       0x54 Third-Party/FreeRTOS/org/Source/portable/GCC/ARM_CM4F/port.o
                0x0000000008001828                SysTick_Handler
 .text.vPortSetupTimerInterrupt
                0x000000000800187c       0x48 Third-Party/FreeRTOS/org/Source/portable/GCC/ARM_CM4F/port.o
                0x000000000800187c                vPortSetupTimerInterrupt
 .text.vPortEnableVFP
                0x00000000080018c4       0x14 Third-Party/FreeRTOS/org/Source/portable/GCC/ARM_CM4F/port.o
 .text.vPortValidateInterruptPriority
                0x00000000080018d8       0x7c Third-Party/FreeRTOS/org/Source/portable/GCC/ARM_CM4F/port.o
                0x00000000080018d8                vPortValidateInterruptPriority
 .text.pvPortMalloc
                0x0000000008001954      0x184 Third-Party/FreeRTOS/org/Source/portable/MemMang/heap_4.o
                0x0000000008001954                pvPortMalloc
 .text.vPortFree
                0x0000000008001ad8       0xb0 Third-Party/FreeRTOS/org/Source/portable/MemMang/heap_4.o
                0x0000000008001ad8                vPortFree
 .text.prvHeapInit
                0x0000000008001b88       0xc4 Third-Party/FreeRTOS/org/Source/portable/MemMang/heap_4.o
 .text.prvInsertBlockIntoFreeList
                0x0000000008001c4c       0xb4 Third-Party/FreeRTOS/org/Source/portable/MemMang/heap_4.o
 .text._cbSendSystemDesc
                0x0000000008001d00       0x1c Third-Party/SEGGER/Config/SEGGER_SYSVIEW_Config_FreeRTOS.o
 .text.SEGGER_SYSVIEW_Conf
                0x0000000008001d1c       0x2c Third-Party/SEGGER/Config/SEGGER_SYSVIEW_Config_FreeRTOS.o
                0x0000000008001d1c                SEGGER_SYSVIEW_Conf
 .text._cbSendTaskList
                0x0000000008001d48       0x90 Third-Party/SEGGER/OS/SEGGER_SYSVIEW_FreeRTOS.o
 .text._cbGetTime
                0x0000000008001dd8       0x76 Third-Party/SEGGER/OS/SEGGER_SYSVIEW_FreeRTOS.o
 *fill*         0x0000000008001e4e        0x2 
 .text.SYSVIEW_AddTask
                0x0000000008001e50       0xd0 Third-Party/SEGGER/OS/SEGGER_SYSVIEW_FreeRTOS.o
                0x0000000008001e50                SYSVIEW_AddTask
 .text.SYSVIEW_SendTaskInfo
                0x0000000008001f20       0x42 Third-Party/SEGGER/OS/SEGGER_SYSVIEW_FreeRTOS.o
                0x0000000008001f20                SYSVIEW_SendTaskInfo
 *fill*         0x0000000008001f62        0x2 
 .text._DoInit  0x0000000008001f64       0xa4 Third-Party/SEGGER/SEGGER/SEGGER_RTT.o
 .text.SEGGER_RTT_ReadNoLock
                0x0000000008002008      0x104 Third-Party/SEGGER/SEGGER/SEGGER_RTT.o
                0x0000000008002008                SEGGER_RTT_ReadNoLock
 .text.SEGGER_RTT_WriteSkipNoLock
                0x000000000800210c      0x120 Third-Party/SEGGER/SEGGER/SEGGER_RTT.o
                0x000000000800210c                SEGGER_RTT_WriteSkipNoLock
 .text.SEGGER_RTT_ConfigUpBuffer
                0x000000000800222c       0xd4 Third-Party/SEGGER/SEGGER/SEGGER_RTT.o
                0x000000000800222c                SEGGER_RTT_ConfigUpBuffer
 .text.SEGGER_RTT_ConfigDownBuffer
                0x0000000008002300       0xd4 Third-Party/SEGGER/SEGGER/SEGGER_RTT.o
                0x0000000008002300                SEGGER_RTT_ConfigDownBuffer
 .text._EncodeStr
                0x00000000080023d4       0x9a Third-Party/SEGGER/SEGGER/SEGGER_SYSVIEW.o
 .text._PreparePacket
                0x000000000800246e       0x18 Third-Party/SEGGER/SEGGER/SEGGER_SYSVIEW.o
 .text._HandleIncomingPacket
                0x0000000008002486       0xb8 Third-Party/SEGGER/SEGGER/SEGGER_SYSVIEW.o
 *fill*         0x000000000800253e        0x2 
 .text._TrySendOverflowPacket
                0x0000000008002540       0xe0 Third-Party/SEGGER/SEGGER/SEGGER_SYSVIEW.o
 .text._SendPacket
                0x0000000008002620      0x1a8 Third-Party/SEGGER/SEGGER/SEGGER_SYSVIEW.o
 .text.SEGGER_SYSVIEW_Init
                0x00000000080027c8       0x7c Third-Party/SEGGER/SEGGER/SEGGER_SYSVIEW.o
                0x00000000080027c8                SEGGER_SYSVIEW_Init
 .text.SEGGER_SYSVIEW_SetRAMBase
                0x0000000008002844       0x20 Third-Party/SEGGER/SEGGER/SEGGER_SYSVIEW.o
                0x0000000008002844                SEGGER_SYSVIEW_SetRAMBase
 .text.SEGGER_SYSVIEW_RecordVoid
                0x0000000008002864       0x3c Third-Party/SEGGER/SEGGER/SEGGER_SYSVIEW.o
                0x0000000008002864                SEGGER_SYSVIEW_RecordVoid
 .text.SEGGER_SYSVIEW_RecordU32
                0x00000000080028a0       0x78 Third-Party/SEGGER/SEGGER/SEGGER_SYSVIEW.o
                0x00000000080028a0                SEGGER_SYSVIEW_RecordU32
 .text.SEGGER_SYSVIEW_RecordU32x2
                0x0000000008002918       0xb4 Third-Party/SEGGER/SEGGER/SEGGER_SYSVIEW.o
                0x0000000008002918                SEGGER_SYSVIEW_RecordU32x2
 .text.SEGGER_SYSVIEW_Start
                0x00000000080029cc      0x178 Third-Party/SEGGER/SEGGER/SEGGER_SYSVIEW.o
                0x00000000080029cc                SEGGER_SYSVIEW_Start
 .text.SEGGER_SYSVIEW_Stop
                0x0000000008002b44       0x4c Third-Party/SEGGER/SEGGER/SEGGER_SYSVIEW.o
                0x0000000008002b44                SEGGER_SYSVIEW_Stop
 .text.SEGGER_SYSVIEW_GetSysDesc
                0x0000000008002b90      0x134 Third-Party/SEGGER/SEGGER/SEGGER_SYSVIEW.o
                0x0000000008002b90                SEGGER_SYSVIEW_GetSysDesc
 .text.SEGGER_SYSVIEW_SendTaskInfo
                0x0000000008002cc4      0x1cc Third-Party/SEGGER/SEGGER/SEGGER_SYSVIEW.o
                0x0000000008002cc4                SEGGER_SYSVIEW_SendTaskInfo
 .text.SEGGER_SYSVIEW_SendTaskList
                0x0000000008002e90       0x28 Third-Party/SEGGER/SEGGER/SEGGER_SYSVIEW.o
                0x0000000008002e90                SEGGER_SYSVIEW_SendTaskList
 .text.SEGGER_SYSVIEW_SendSysDesc
                0x0000000008002eb8       0x48 Third-Party/SEGGER/SEGGER/SEGGER_SYSVIEW.o
                0x0000000008002eb8                SEGGER_SYSVIEW_SendSysDesc
 .text.SEGGER_SYSVIEW_RecordSystime
                0x0000000008002f00       0x60 Third-Party/SEGGER/SEGGER/SEGGER_SYSVIEW.o
                0x0000000008002f00                SEGGER_SYSVIEW_RecordSystime
 .text.SEGGER_SYSVIEW_RecordEnterISR
                0x0000000008002f60       0x84 Third-Party/SEGGER/SEGGER/SEGGER_SYSVIEW.o
                0x0000000008002f60                SEGGER_SYSVIEW_RecordEnterISR
 .text.SEGGER_SYSVIEW_RecordExitISR
                0x0000000008002fe4       0x38 Third-Party/SEGGER/SEGGER/SEGGER_SYSVIEW.o
                0x0000000008002fe4                SEGGER_SYSVIEW_RecordExitISR
 .text.SEGGER_SYSVIEW_RecordExitISRToScheduler
                0x000000000800301c       0x38 Third-Party/SEGGER/SEGGER/SEGGER_SYSVIEW.o
                0x000000000800301c                SEGGER_SYSVIEW_RecordExitISRToScheduler
 .text.SEGGER_SYSVIEW_OnIdle
                0x0000000008003054       0x38 Third-Party/SEGGER/SEGGER/SEGGER_SYSVIEW.o
                0x0000000008003054                SEGGER_SYSVIEW_OnIdle
 .text.SEGGER_SYSVIEW_OnTaskCreate
                0x000000000800308c       0x88 Third-Party/SEGGER/SEGGER/SEGGER_SYSVIEW.o
                0x000000000800308c                SEGGER_SYSVIEW_OnTaskCreate
 .text.SEGGER_SYSVIEW_OnTaskStartExec
                0x0000000008003114       0x88 Third-Party/SEGGER/SEGGER/SEGGER_SYSVIEW.o
                0x0000000008003114                SEGGER_SYSVIEW_OnTaskStartExec
 .text.SEGGER_SYSVIEW_OnTaskStartReady
                0x000000000800319c       0x88 Third-Party/SEGGER/SEGGER/SEGGER_SYSVIEW.o
                0x000000000800319c                SEGGER_SYSVIEW_OnTaskStartReady
 .text.SEGGER_SYSVIEW_OnTaskStopReady
                0x0000000008003224       0xc0 Third-Party/SEGGER/SEGGER/SEGGER_SYSVIEW.o
                0x0000000008003224                SEGGER_SYSVIEW_OnTaskStopReady
 .text.SEGGER_SYSVIEW_SendModule
                0x00000000080032e4      0x100 Third-Party/SEGGER/SEGGER/SEGGER_SYSVIEW.o
                0x00000000080032e4                SEGGER_SYSVIEW_SendModule
 .text.SEGGER_SYSVIEW_SendModuleDescription
                0x00000000080033e4       0x3c Third-Party/SEGGER/SEGGER/SEGGER_SYSVIEW.o
                0x00000000080033e4                SEGGER_SYSVIEW_SendModuleDescription
 .text.SEGGER_SYSVIEW_SendNumModules
                0x0000000008003420       0x7c Third-Party/SEGGER/SEGGER/SEGGER_SYSVIEW.o
                0x0000000008003420                SEGGER_SYSVIEW_SendNumModules
 .text.SEGGER_SYSVIEW_Warn
                0x000000000800349c       0xb8 Third-Party/SEGGER/SEGGER/SEGGER_SYSVIEW.o
                0x000000000800349c                SEGGER_SYSVIEW_Warn
 .text.main     0x0000000008003554       0xa0 src/main.o
                0x0000000008003554                main
 .text.vTask1_handler
                0x00000000080035f4       0x38 src/main.o
                0x00000000080035f4                vTask1_handler
 .text.vTask2_handler
                0x000000000800362c       0x20 src/main.o
                0x000000000800362c                vTask2_handler
 .text.prvSetupHardware
                0x000000000800364c       0x10 src/main.o
 .text.printmsg
                0x000000000800365c       0x50 src/main.o
                0x000000000800365c                printmsg
 .text.prvSetupUart
                0x00000000080036ac       0x9c src/main.o
 .text.prvSetupGpio
                0x0000000008003748       0x6c src/main.o
                0x0000000008003748                prvSetupGpio
 .text._sbrk    0x00000000080037b4       0x58 src/syscalls.o
                0x00000000080037b4                _sbrk
 .text.SystemInit
                0x000000000800380c       0x6c src/system_stm32f4xx.o
                0x000000000800380c                SystemInit
 .text.SystemCoreClockUpdate
                0x0000000008003878       0xf8 src/system_stm32f4xx.o
                0x0000000008003878                SystemCoreClockUpdate
 .text.SetSysClock
                0x0000000008003970      0x12c src/system_stm32f4xx.o
 .text.Reset_Handler
                0x0000000008003a9c       0x50 startup/startup_stm32.o
                0x0000000008003a9c                Reset_Handler
 .text.Default_Handler
                0x0000000008003aec        0x2 startup/startup_stm32.o
                0x0000000008003aec                RTC_Alarm_IRQHandler
                0x0000000008003aec                EXTI2_IRQHandler
                0x0000000008003aec                TIM8_CC_IRQHandler
                0x0000000008003aec                SPDIF_Rx_IRQHandler
                0x0000000008003aec                DebugMon_Handler
                0x0000000008003aec                SPI4_IRQHandler
                0x0000000008003aec                TIM1_CC_IRQHandler
                0x0000000008003aec                QuadSPI_IRQHandler
                0x0000000008003aec                DMA2_Stream5_IRQHandler
                0x0000000008003aec                HardFault_Handler
                0x0000000008003aec                DMA1_Stream5_IRQHandler
                0x0000000008003aec                PVD_IRQHandler
                0x0000000008003aec                SDIO_IRQHandler
                0x0000000008003aec                TAMP_STAMP_IRQHandler
                0x0000000008003aec                NMI_Handler
                0x0000000008003aec                CAN2_RX1_IRQHandler
                0x0000000008003aec                EXTI3_IRQHandler
                0x0000000008003aec                TIM8_TRG_COM_TIM14_IRQHandler
                0x0000000008003aec                TIM1_UP_TIM10_IRQHandler
                0x0000000008003aec                FMPI2C1_error_IRQHandler
                0x0000000008003aec                TIM8_UP_TIM13_IRQHandler
                0x0000000008003aec                I2C3_ER_IRQHandler
                0x0000000008003aec                EXTI0_IRQHandler
                0x0000000008003aec                I2C2_EV_IRQHandler
                0x0000000008003aec                DMA1_Stream2_IRQHandler
                0x0000000008003aec                CAN1_RX0_IRQHandler
                0x0000000008003aec                FPU_IRQHandler
                0x0000000008003aec                OTG_HS_WKUP_IRQHandler
                0x0000000008003aec                UsageFault_Handler
                0x0000000008003aec                CAN2_SCE_IRQHandler
                0x0000000008003aec                DMA2_Stream2_IRQHandler
                0x0000000008003aec                SPI1_IRQHandler
                0x0000000008003aec                TIM6_DAC_IRQHandler
                0x0000000008003aec                TIM1_BRK_TIM9_IRQHandler
                0x0000000008003aec                DCMI_IRQHandler
                0x0000000008003aec                CAN2_RX0_IRQHandler
                0x0000000008003aec                DMA2_Stream3_IRQHandler
                0x0000000008003aec                FMPI2C1_IRQHandler
                0x0000000008003aec                SAI2_IRQHandler
                0x0000000008003aec                USART6_IRQHandler
                0x0000000008003aec                USART3_IRQHandler
                0x0000000008003aec                CAN1_RX1_IRQHandler
                0x0000000008003aec                UART5_IRQHandler
                0x0000000008003aec                DMA2_Stream0_IRQHandler
                0x0000000008003aec                TIM4_IRQHandler
                0x0000000008003aec                I2C1_EV_IRQHandler
                0x0000000008003aec                HDMI_CEC_IRQHandler
                0x0000000008003aec                DMA1_Stream6_IRQHandler
                0x0000000008003aec                DMA1_Stream1_IRQHandler
                0x0000000008003aec                UART4_IRQHandler
                0x0000000008003aec                TIM3_IRQHandler
                0x0000000008003aec                RCC_IRQHandler
                0x0000000008003aec                TIM8_BRK_TIM12_IRQHandler
                0x0000000008003aec                Default_Handler
                0x0000000008003aec                EXTI15_10_IRQHandler
                0x0000000008003aec                ADC_IRQHandler
                0x0000000008003aec                DMA1_Stream7_IRQHandler
                0x0000000008003aec                TIM7_IRQHandler
                0x0000000008003aec                CAN2_TX_IRQHandler
                0x0000000008003aec                TIM5_IRQHandler
                0x0000000008003aec                DMA2_Stream7_IRQHandler
                0x0000000008003aec                I2C3_EV_IRQHandler
                0x0000000008003aec                EXTI9_5_IRQHandler
                0x0000000008003aec                RTC_WKUP_IRQHandler
                0x0000000008003aec                SPI2_IRQHandler
                0x0000000008003aec                OTG_HS_EP1_IN_IRQHandler
                0x0000000008003aec                MemManage_Handler
                0x0000000008003aec                DMA1_Stream0_IRQHandler
                0x0000000008003aec                CAN1_TX_IRQHandler
                0x0000000008003aec                EXTI4_IRQHandler
                0x0000000008003aec                OTG_HS_EP1_OUT_IRQHandler
                0x0000000008003aec                WWDG_IRQHandler
                0x0000000008003aec                TIM2_IRQHandler
                0x0000000008003aec                OTG_FS_WKUP_IRQHandler
                0x0000000008003aec                TIM1_TRG_COM_TIM11_IRQHandler
                0x0000000008003aec                OTG_HS_IRQHandler
                0x0000000008003aec                EXTI1_IRQHandler
                0x0000000008003aec                USART2_IRQHandler
                0x0000000008003aec                I2C2_ER_IRQHandler
                0x0000000008003aec                DMA2_Stream1_IRQHandler
                0x0000000008003aec                CAN1_SCE_IRQHandler
                0x0000000008003aec                FLASH_IRQHandler
                0x0000000008003aec                DMA2_Stream4_IRQHandler
                0x0000000008003aec                BusFault_Handler
                0x0000000008003aec                USART1_IRQHandler
                0x0000000008003aec                OTG_FS_IRQHandler
                0x0000000008003aec                SPI3_IRQHandler
                0x0000000008003aec                DMA1_Stream4_IRQHandler
                0x0000000008003aec                I2C1_ER_IRQHandler
                0x0000000008003aec                FMC_IRQHandler
                0x0000000008003aec                DMA2_Stream6_IRQHandler
                0x0000000008003aec                SAI1_IRQHandler
                0x0000000008003aec                DMA1_Stream3_IRQHandler
 *fill*         0x0000000008003aee        0x2 
 .text.__errno  0x0000000008003af0        0xc c:/st/stm32cubeide_1.3.0/stm32cubeide/plugins/com.st.stm32cube.ide.mcu.externaltools.gnu-tools-for-stm32.7-2018-q2-update.win32_1.5.0.202011040924/tools/bin/../lib/gcc/arm-none-eabi/7.3.1/../../../../arm-none-eabi/lib/thumb/v7e-m/fpv4-sp/hard\libc_nano.a(lib_a-errno.o)
                0x0000000008003af0                __errno
 .text.__libc_init_array
                0x0000000008003afc       0x48 c:/st/stm32cubeide_1.3.0/stm32cubeide/plugins/com.st.stm32cube.ide.mcu.externaltools.gnu-tools-for-stm32.7-2018-q2-update.win32_1.5.0.202011040924/tools/bin/../lib/gcc/arm-none-eabi/7.3.1/../../../../arm-none-eabi/lib/thumb/v7e-m/fpv4-sp/hard\libc_nano.a(lib_a-init.o)
                0x0000000008003afc                __libc_init_array
 .text.memcmp   0x0000000008003b44       0x1e c:/st/stm32cubeide_1.3.0/stm32cubeide/plugins/com.st.stm32cube.ide.mcu.externaltools.gnu-tools-for-stm32.7-2018-q2-update.win32_1.5.0.202011040924/tools/bin/../lib/gcc/arm-none-eabi/7.3.1/../../../../arm-none-eabi/lib/thumb/v7e-m/fpv4-sp/hard\libc_nano.a(lib_a-memcmp.o)
                0x0000000008003b44                memcmp
 .text.memcpy   0x0000000008003b62       0x16 c:/st/stm32cubeide_1.3.0/stm32cubeide/plugins/com.st.stm32cube.ide.mcu.externaltools.gnu-tools-for-stm32.7-2018-q2-update.win32_1.5.0.202011040924/tools/bin/../lib/gcc/arm-none-eabi/7.3.1/../../../../arm-none-eabi/lib/thumb/v7e-m/fpv4-sp/hard\libc_nano.a(lib_a-memcpy-stub.o)
                0x0000000008003b62                memcpy
 .text.memset   0x0000000008003b78       0x10 c:/st/stm32cubeide_1.3.0/stm32cubeide/plugins/com.st.stm32cube.ide.mcu.externaltools.gnu-tools-for-stm32.7-2018-q2-update.win32_1.5.0.202011040924/tools/bin/../lib/gcc/arm-none-eabi/7.3.1/../../../../arm-none-eabi/lib/thumb/v7e-m/fpv4-sp/hard\libc_nano.a(lib_a-memset.o)
                0x0000000008003b78                memset
 .text.sprintf  0x0000000008003b88       0x40 c:/st/stm32cubeide_1.3.0/stm32cubeide/plugins/com.st.stm32cube.ide.mcu.externaltools.gnu-tools-for-stm32.7-2018-q2-update.win32_1.5.0.202011040924/tools/bin/../lib/gcc/arm-none-eabi/7.3.1/../../../../arm-none-eabi/lib/thumb/v7e-m/fpv4-sp/hard\libc_nano.a(lib_a-sprintf.o)
                0x0000000008003b88                siprintf
                0x0000000008003b88                sprintf
 .text.__ssputs_r
                0x0000000008003bc8       0xb4 c:/st/stm32cubeide_1.3.0/stm32cubeide/plugins/com.st.stm32cube.ide.mcu.externaltools.gnu-tools-for-stm32.7-2018-q2-update.win32_1.5.0.202011040924/tools/bin/../lib/gcc/arm-none-eabi/7.3.1/../../../../arm-none-eabi/lib/thumb/v7e-m/fpv4-sp/hard\libc_nano.a(lib_a-nano-svfprintf.o)
                0x0000000008003bc8                __ssputs_r
 .text._svfprintf_r
                0x0000000008003c7c      0x1f0 c:/st/stm32cubeide_1.3.0/stm32cubeide/plugins/com.st.stm32cube.ide.mcu.externaltools.gnu-tools-for-stm32.7-2018-q2-update.win32_1.5.0.202011040924/tools/bin/../lib/gcc/arm-none-eabi/7.3.1/../../../../arm-none-eabi/lib/thumb/v7e-m/fpv4-sp/hard\libc_nano.a(lib_a-nano-svfprintf.o)
                0x0000000008003c7c                _svfiprintf_r
                0x0000000008003c7c                _svfprintf_r
 .text._printf_common
                0x0000000008003e6c       0xea c:/st/stm32cubeide_1.3.0/stm32cubeide/plugins/com.st.stm32cube.ide.mcu.externaltools.gnu-tools-for-stm32.7-2018-q2-update.win32_1.5.0.202011040924/tools/bin/../lib/gcc/arm-none-eabi/7.3.1/../../../../arm-none-eabi/lib/thumb/v7e-m/fpv4-sp/hard\libc_nano.a(lib_a-nano-vfprintf_i.o)
                0x0000000008003e6c                _printf_common
 *fill*         0x0000000008003f56        0x2 
 .text._printf_i
                0x0000000008003f58      0x224 c:/st/stm32cubeide_1.3.0/stm32cubeide/plugins/com.st.stm32cube.ide.mcu.externaltools.gnu-tools-for-stm32.7-2018-q2-update.win32_1.5.0.202011040924/tools/bin/../lib/gcc/arm-none-eabi/7.3.1/../../../../arm-none-eabi/lib/thumb/v7e-m/fpv4-sp/hard\libc_nano.a(lib_a-nano-vfprintf_i.o)
                0x0000000008003f58                _printf_i
 .text.memmove  0x000000000800417c       0x32 c:/st/stm32cubeide_1.3.0/stm32cubeide/plugins/com.st.stm32cube.ide.mcu.externaltools.gnu-tools-for-stm32.7-2018-q2-update.win32_1.5.0.202011040924/tools/bin/../lib/gcc/arm-none-eabi/7.3.1/../../../../arm-none-eabi/lib/thumb/v7e-m/fpv4-sp/hard\libc_nano.a(lib_a-memmove.o)
                0x000000000800417c                memmove
 *fill*         0x00000000080041ae        0x2 
 .text._free_r  0x00000000080041b0       0x9c c:/st/stm32cubeide_1.3.0/stm32cubeide/plugins/com.st.stm32cube.ide.mcu.externaltools.gnu-tools-for-stm32.7-2018-q2-update.win32_1.5.0.202011040924/tools/bin/../lib/gcc/arm-none-eabi/7.3.1/../../../../arm-none-eabi/lib/thumb/v7e-m/fpv4-sp/hard\libc_nano.a(lib_a-nano-freer.o)
                0x00000000080041b0                _free_r
 .text._malloc_r
                0x000000000800424c       0xb4 c:/st/stm32cubeide_1.3.0/stm32cubeide/plugins/com.st.stm32cube.ide.mcu.externaltools.gnu-tools-for-stm32.7-2018-q2-update.win32_1.5.0.202011040924/tools/bin/../lib/gcc/arm-none-eabi/7.3.1/../../../../arm-none-eabi/lib/thumb/v7e-m/fpv4-sp/hard\libc_nano.a(lib_a-nano-mallocr.o)
                0x000000000800424c                _malloc_r
 .text._realloc_r
                0x0000000008004300       0x4c c:/st/stm32cubeide_1.3.0/stm32cubeide/plugins/com.st.stm32cube.ide.mcu.externaltools.gnu-tools-for-stm32.7-2018-q2-update.win32_1.5.0.202011040924/tools/bin/../lib/gcc/arm-none-eabi/7.3.1/../../../../arm-none-eabi/lib/thumb/v7e-m/fpv4-sp/hard\libc_nano.a(lib_a-nano-reallocr.o)
                0x0000000008004300                _realloc_r
 .text._sbrk_r  0x000000000800434c       0x20 c:/st/stm32cubeide_1.3.0/stm32cubeide/plugins/com.st.stm32cube.ide.mcu.externaltools.gnu-tools-for-stm32.7-2018-q2-update.win32_1.5.0.202011040924/tools/bin/../lib/gcc/arm-none-eabi/7.3.1/../../../../arm-none-eabi/lib/thumb/v7e-m/fpv4-sp/hard\libc_nano.a(lib_a-sbrkr.o)
                0x000000000800434c                _sbrk_r
 .text.__malloc_lock
                0x000000000800436c        0x2 c:/st/stm32cubeide_1.3.0/stm32cubeide/plugins/com.st.stm32cube.ide.mcu.externaltools.gnu-tools-for-stm32.7-2018-q2-update.win32_1.5.0.202011040924/tools/bin/../lib/gcc/arm-none-eabi/7.3.1/../../../../arm-none-eabi/lib/thumb/v7e-m/fpv4-sp/hard\libc_nano.a(lib_a-mlock.o)
                0x000000000800436c                __malloc_lock
 .text.__malloc_unlock
                0x000000000800436e        0x2 c:/st/stm32cubeide_1.3.0/stm32cubeide/plugins/com.st.stm32cube.ide.mcu.externaltools.gnu-tools-for-stm32.7-2018-q2-update.win32_1.5.0.202011040924/tools/bin/../lib/gcc/arm-none-eabi/7.3.1/../../../../arm-none-eabi/lib/thumb/v7e-m/fpv4-sp/hard\libc_nano.a(lib_a-mlock.o)
                0x000000000800436e                __malloc_unlock
 .text._malloc_usable_size_r
                0x0000000008004370       0x10 c:/st/stm32cubeide_1.3.0/stm32cubeide/plugins/com.st.stm32cube.ide.mcu.externaltools.gnu-tools-for-stm32.7-2018-q2-update.win32_1.5.0.202011040924/tools/bin/../lib/gcc/arm-none-eabi/7.3.1/../../../../arm-none-eabi/lib/thumb/v7e-m/fpv4-sp/hard\libc_nano.a(lib_a-nano-msizer.o)
                0x0000000008004370                _malloc_usable_size_r
 *(.glue_7)
 .glue_7        0x0000000008004380        0x0 linker stubs
 *(.glue_7t)
 .glue_7t       0x0000000008004380        0x0 linker stubs
 *(.eh_frame)
 .eh_frame      0x0000000008004380        0x0 c:/st/stm32cubeide_1.3.0/stm32cubeide/plugins/com.st.stm32cube.ide.mcu.externaltools.gnu-tools-for-stm32.7-2018-q2-update.win32_1.5.0.202011040924/tools/bin/../lib/gcc/arm-none-eabi/7.3.1/thumb/v7e-m/fpv4-sp/hard/crtbegin.o
 *(.init)
 .init          0x0000000008004380        0x4 c:/st/stm32cubeide_1.3.0/stm32cubeide/plugins/com.st.stm32cube.ide.mcu.externaltools.gnu-tools-for-stm32.7-2018-q2-update.win32_1.5.0.202011040924/tools/bin/../lib/gcc/arm-none-eabi/7.3.1/thumb/v7e-m/fpv4-sp/hard/crti.o
                0x0000000008004380                _init
 .init          0x0000000008004384        0x8 c:/st/stm32cubeide_1.3.0/stm32cubeide/plugins/com.st.stm32cube.ide.mcu.externaltools.gnu-tools-for-stm32.7-2018-q2-update.win32_1.5.0.202011040924/tools/bin/../lib/gcc/arm-none-eabi/7.3.1/thumb/v7e-m/fpv4-sp/hard/crtn.o
 *(.fini)
 .fini          0x000000000800438c        0x4 c:/st/stm32cubeide_1.3.0/stm32cubeide/plugins/com.st.stm32cube.ide.mcu.externaltools.gnu-tools-for-stm32.7-2018-q2-update.win32_1.5.0.202011040924/tools/bin/../lib/gcc/arm-none-eabi/7.3.1/thumb/v7e-m/fpv4-sp/hard/crti.o
                0x000000000800438c                _fini
 .fini          0x0000000008004390        0x8 c:/st/stm32cubeide_1.3.0/stm32cubeide/plugins/com.st.stm32cube.ide.mcu.externaltools.gnu-tools-for-stm32.7-2018-q2-update.win32_1.5.0.202011040924/tools/bin/../lib/gcc/arm-none-eabi/7.3.1/thumb/v7e-m/fpv4-sp/hard/crtn.o
                0x0000000008004398                . = ALIGN (0x4)
                0x0000000008004398                _etext = .

.vfp11_veneer   0x0000000008004398        0x0
 .vfp11_veneer  0x0000000008004398        0x0 linker stubs

.v4_bx          0x0000000008004398        0x0
 .v4_bx         0x0000000008004398        0x0 linker stubs

.iplt           0x0000000008004398        0x0
 .iplt          0x0000000008004398        0x0 c:/st/stm32cubeide_1.3.0/stm32cubeide/plugins/com.st.stm32cube.ide.mcu.externaltools.gnu-tools-for-stm32.7-2018-q2-update.win32_1.5.0.202011040924/tools/bin/../lib/gcc/arm-none-eabi/7.3.1/thumb/v7e-m/fpv4-sp/hard/crtbegin.o

.rodata         0x0000000008004398      0x178
                0x0000000008004398                . = ALIGN (0x4)
 *(.rodata)
 .rodata        0x0000000008004398        0x5 Third-Party/FreeRTOS/org/Source/tasks.o
 *fill*         0x000000000800439d        0x3 
 .rodata        0x00000000080043a0       0x55 Third-Party/SEGGER/Config/SEGGER_SYSVIEW_Config_FreeRTOS.o
 *fill*         0x00000000080043f5        0x3 
 .rodata        0x00000000080043f8       0x58 Third-Party/SEGGER/OS/SEGGER_SYSVIEW_FreeRTOS.o
 .rodata        0x0000000008004450       0x17 Third-Party/SEGGER/SEGGER/SEGGER_RTT.o
 *fill*         0x0000000008004467        0x1 
 .rodata        0x0000000008004468        0x8 Third-Party/SEGGER/SEGGER/SEGGER_SYSVIEW.o
 .rodata        0x0000000008004470       0x57 src/main.o
 *(.rodata*)
 *fill*         0x00000000080044c7        0x1 
 .rodata.SYSVIEW_X_OS_TraceAPI
                0x00000000080044c8        0x8 Third-Party/SEGGER/OS/SEGGER_SYSVIEW_FreeRTOS.o
                0x00000000080044c8                SYSVIEW_X_OS_TraceAPI
 .rodata._abSync
                0x00000000080044d0        0xa Third-Party/SEGGER/SEGGER/SEGGER_SYSVIEW.o
 .rodata._svfprintf_r.str1.1
                0x00000000080044da       0x11 c:/st/stm32cubeide_1.3.0/stm32cubeide/plugins/com.st.stm32cube.ide.mcu.externaltools.gnu-tools-for-stm32.7-2018-q2-update.win32_1.5.0.202011040924/tools/bin/../lib/gcc/arm-none-eabi/7.3.1/../../../../arm-none-eabi/lib/thumb/v7e-m/fpv4-sp/hard\libc_nano.a(lib_a-nano-svfprintf.o)
 .rodata._printf_i.str1.1
                0x00000000080044eb       0x22 c:/st/stm32cubeide_1.3.0/stm32cubeide/plugins/com.st.stm32cube.ide.mcu.externaltools.gnu-tools-for-stm32.7-2018-q2-update.win32_1.5.0.202011040924/tools/bin/../lib/gcc/arm-none-eabi/7.3.1/../../../../arm-none-eabi/lib/thumb/v7e-m/fpv4-sp/hard\libc_nano.a(lib_a-nano-vfprintf_i.o)
                0x0000000008004510                . = ALIGN (0x4)
 *fill*         0x000000000800450d        0x3 

.rel.dyn        0x0000000008004510        0x0
 .rel.iplt      0x0000000008004510        0x0 c:/st/stm32cubeide_1.3.0/stm32cubeide/plugins/com.st.stm32cube.ide.mcu.externaltools.gnu-tools-for-stm32.7-2018-q2-update.win32_1.5.0.202011040924/tools/bin/../lib/gcc/arm-none-eabi/7.3.1/thumb/v7e-m/fpv4-sp/hard/crtbegin.o

.ARM.extab      0x0000000008004510        0x0
                0x0000000008004510                . = ALIGN (0x4)
 *(.ARM.extab* .gnu.linkonce.armextab.*)
                0x0000000008004510                . = ALIGN (0x4)

.ARM            0x0000000008004510        0x0
                0x0000000008004510                . = ALIGN (0x4)
                0x0000000008004510                __exidx_start = .
 *(.ARM.exidx*)
                0x0000000008004510                __exidx_end = .
                0x0000000008004510                . = ALIGN (0x4)

.preinit_array  0x0000000008004510        0x0
                0x0000000008004510                . = ALIGN (0x4)
                0x0000000008004510                PROVIDE (__preinit_array_start = .)
 *(.preinit_array*)
                0x0000000008004510                PROVIDE (__preinit_array_end = .)
                0x0000000008004510                . = ALIGN (0x4)

.init_array     0x0000000008004510        0x4
                0x0000000008004510                . = ALIGN (0x4)
                0x0000000008004510                PROVIDE (__init_array_start = .)
 *(SORT_BY_NAME(.init_array.*))
 *(.init_array*)
 .init_array    0x0000000008004510        0x4 c:/st/stm32cubeide_1.3.0/stm32cubeide/plugins/com.st.stm32cube.ide.mcu.externaltools.gnu-tools-for-stm32.7-2018-q2-update.win32_1.5.0.202011040924/tools/bin/../lib/gcc/arm-none-eabi/7.3.1/thumb/v7e-m/fpv4-sp/hard/crtbegin.o
                0x0000000008004514                PROVIDE (__init_array_end = .)
                0x0000000008004514                . = ALIGN (0x4)

.fini_array     0x0000000008004514        0x4
                0x0000000008004514                . = ALIGN (0x4)
                [!provide]                        PROVIDE (__fini_array_start = .)
 *(SORT_BY_NAME(.fini_array.*))
 *(.fini_array*)
 .fini_array    0x0000000008004514        0x4 c:/st/stm32cubeide_1.3.0/stm32cubeide/plugins/com.st.stm32cube.ide.mcu.externaltools.gnu-tools-for-stm32.7-2018-q2-update.win32_1.5.0.202011040924/tools/bin/../lib/gcc/arm-none-eabi/7.3.1/thumb/v7e-m/fpv4-sp/hard/crtbegin.o
                [!provide]                        PROVIDE (__fini_array_end = .)
                0x0000000008004518                . = ALIGN (0x4)
                0x0000000008004518                _sidata = LOADADDR (.data)

.data           0x0000000020000000       0x8c load address 0x0000000008004518
                0x0000000020000000                . = ALIGN (0x4)
                0x0000000020000000                _sdata = .
 *(.data)
 *(.data*)
 .data.APBAHBPrescTable
                0x0000000020000000       0x10 StdPeriph_Driver/src/stm32f4xx_rcc.o
 .data.uxCriticalNesting
                0x0000000020000010        0x4 Third-Party/FreeRTOS/org/Source/portable/GCC/ARM_CM4F/port.o
 .data.SystemCoreClock
                0x0000000020000014        0x4 src/system_stm32f4xx.o
                0x0000000020000014                SystemCoreClock
 .data.AHBPrescTable
                0x0000000020000018       0x10 src/system_stm32f4xx.o
                0x0000000020000018                AHBPrescTable
 .data._impure_ptr
                0x0000000020000028        0x4 c:/st/stm32cubeide_1.3.0/stm32cubeide/plugins/com.st.stm32cube.ide.mcu.externaltools.gnu-tools-for-stm32.7-2018-q2-update.win32_1.5.0.202011040924/tools/bin/../lib/gcc/arm-none-eabi/7.3.1/../../../../arm-none-eabi/lib/thumb/v7e-m/fpv4-sp/hard\libc_nano.a(lib_a-impure.o)
                0x0000000020000028                _impure_ptr
 .data.impure_data
                0x000000002000002c       0x60 c:/st/stm32cubeide_1.3.0/stm32cubeide/plugins/com.st.stm32cube.ide.mcu.externaltools.gnu-tools-for-stm32.7-2018-q2-update.win32_1.5.0.202011040924/tools/bin/../lib/gcc/arm-none-eabi/7.3.1/../../../../arm-none-eabi/lib/thumb/v7e-m/fpv4-sp/hard\libc_nano.a(lib_a-impure.o)
 *(.RamFunc)
 *(.RamFunc*)
                0x000000002000008c                . = ALIGN (0x4)
                0x000000002000008c                _edata = .

.igot.plt       0x000000002000008c        0x0 load address 0x00000000080045a4
 .igot.plt      0x000000002000008c        0x0 c:/st/stm32cubeide_1.3.0/stm32cubeide/plugins/com.st.stm32cube.ide.mcu.externaltools.gnu-tools-for-stm32.7-2018-q2-update.win32_1.5.0.202011040924/tools/bin/../lib/gcc/arm-none-eabi/7.3.1/thumb/v7e-m/fpv4-sp/hard/crtbegin.o
                0x000000002000008c                . = ALIGN (0x4)

.bss            0x000000002000008c    0x174cc load address 0x00000000080045a4
                0x000000002000008c                _sbss = .
                0x000000002000008c                __bss_start__ = _sbss
 *(.bss)
 .bss           0x000000002000008c       0x1c c:/st/stm32cubeide_1.3.0/stm32cubeide/plugins/com.st.stm32cube.ide.mcu.externaltools.gnu-tools-for-stm32.7-2018-q2-update.win32_1.5.0.202011040924/tools/bin/../lib/gcc/arm-none-eabi/7.3.1/thumb/v7e-m/fpv4-sp/hard/crtbegin.o
 *(.bss*)
 .bss.pxCurrentTCB
                0x00000000200000a8        0x4 Third-Party/FreeRTOS/org/Source/tasks.o
                0x00000000200000a8                pxCurrentTCB
 .bss.pxReadyTasksLists
                0x00000000200000ac       0x64 Third-Party/FreeRTOS/org/Source/tasks.o
 .bss.xDelayedTaskList1
                0x0000000020000110       0x14 Third-Party/FreeRTOS/org/Source/tasks.o
 .bss.xDelayedTaskList2
                0x0000000020000124       0x14 Third-Party/FreeRTOS/org/Source/tasks.o
 .bss.pxDelayedTaskList
                0x0000000020000138        0x4 Third-Party/FreeRTOS/org/Source/tasks.o
 .bss.pxOverflowDelayedTaskList
                0x000000002000013c        0x4 Third-Party/FreeRTOS/org/Source/tasks.o
 .bss.xPendingReadyList
                0x0000000020000140       0x14 Third-Party/FreeRTOS/org/Source/tasks.o
 .bss.xTasksWaitingTermination
                0x0000000020000154       0x14 Third-Party/FreeRTOS/org/Source/tasks.o
 .bss.uxDeletedTasksWaitingCleanUp
                0x0000000020000168        0x4 Third-Party/FreeRTOS/org/Source/tasks.o
 .bss.xSuspendedTaskList
                0x000000002000016c       0x14 Third-Party/FreeRTOS/org/Source/tasks.o
 .bss.uxCurrentNumberOfTasks
                0x0000000020000180        0x4 Third-Party/FreeRTOS/org/Source/tasks.o
 .bss.xTickCount
                0x0000000020000184        0x4 Third-Party/FreeRTOS/org/Source/tasks.o
 .bss.uxTopReadyPriority
                0x0000000020000188        0x4 Third-Party/FreeRTOS/org/Source/tasks.o
 .bss.xSchedulerRunning
                0x000000002000018c        0x4 Third-Party/FreeRTOS/org/Source/tasks.o
 .bss.uxPendedTicks
                0x0000000020000190        0x4 Third-Party/FreeRTOS/org/Source/tasks.o
 .bss.xYieldPending
                0x0000000020000194        0x4 Third-Party/FreeRTOS/org/Source/tasks.o
 .bss.xNumOfOverflows
                0x0000000020000198        0x4 Third-Party/FreeRTOS/org/Source/tasks.o
 .bss.uxTaskNumber
                0x000000002000019c        0x4 Third-Party/FreeRTOS/org/Source/tasks.o
 .bss.xNextTaskUnblockTime
                0x00000000200001a0        0x4 Third-Party/FreeRTOS/org/Source/tasks.o
 .bss.xIdleTaskHandle
                0x00000000200001a4        0x4 Third-Party/FreeRTOS/org/Source/tasks.o
 .bss.uxSchedulerSuspended
                0x00000000200001a8        0x4 Third-Party/FreeRTOS/org/Source/tasks.o
 .bss.ucMaxSysCallPriority
                0x00000000200001ac        0x1 Third-Party/FreeRTOS/org/Source/portable/GCC/ARM_CM4F/port.o
 *fill*         0x00000000200001ad        0x3 
 .bss.ulMaxPRIGROUPValue
                0x00000000200001b0        0x4 Third-Party/FreeRTOS/org/Source/portable/GCC/ARM_CM4F/port.o
 .bss.ucHeap    0x00000000200001b4    0x12c00 Third-Party/FreeRTOS/org/Source/portable/MemMang/heap_4.o
 .bss.xStart    0x0000000020012db4        0x8 Third-Party/FreeRTOS/org/Source/portable/MemMang/heap_4.o
 .bss.pxEnd     0x0000000020012dbc        0x4 Third-Party/FreeRTOS/org/Source/portable/MemMang/heap_4.o
 .bss.xFreeBytesRemaining
                0x0000000020012dc0        0x4 Third-Party/FreeRTOS/org/Source/portable/MemMang/heap_4.o
 .bss.xMinimumEverFreeBytesRemaining
                0x0000000020012dc4        0x4 Third-Party/FreeRTOS/org/Source/portable/MemMang/heap_4.o
 .bss.xBlockAllocatedBit
                0x0000000020012dc8        0x4 Third-Party/FreeRTOS/org/Source/portable/MemMang/heap_4.o
 .bss._aTasks   0x0000000020012dcc       0xa0 Third-Party/SEGGER/OS/SEGGER_SYSVIEW_FreeRTOS.o
 .bss._NumTasks
                0x0000000020012e6c        0x4 Third-Party/SEGGER/OS/SEGGER_SYSVIEW_FreeRTOS.o
 .bss._acUpBuffer
                0x0000000020012e70      0x400 Third-Party/SEGGER/SEGGER/SEGGER_RTT.o
 .bss._acDownBuffer
                0x0000000020013270       0x10 Third-Party/SEGGER/SEGGER/SEGGER_RTT.o
 .bss._UpBuffer
                0x0000000020013280     0x4000 Third-Party/SEGGER/SEGGER/SEGGER_SYSVIEW.o
 .bss._DownBuffer
                0x0000000020017280        0x8 Third-Party/SEGGER/SEGGER/SEGGER_SYSVIEW.o
 .bss._SYSVIEW_Globals
                0x0000000020017288       0x28 Third-Party/SEGGER/SEGGER/SEGGER_SYSVIEW.o
 .bss._pFirstModule
                0x00000000200172b0        0x4 Third-Party/SEGGER/SEGGER/SEGGER_SYSVIEW.o
 .bss._NumModules
                0x00000000200172b4        0x1 Third-Party/SEGGER/SEGGER/SEGGER_SYSVIEW.o
 *fill*         0x00000000200172b5        0x3 
 .bss._aPacket  0x00000000200172b8       0xe3 Third-Party/SEGGER/SEGGER/SEGGER_SYSVIEW.o
 *fill*         0x000000002001739b        0x1 
 .bss.xTaskHandle1
                0x000000002001739c        0x4 src/main.o
                0x000000002001739c                xTaskHandle1
 .bss.xTaskHandle2
                0x00000000200173a0        0x4 src/main.o
                0x00000000200173a0                xTaskHandle2
 .bss.usr_msg   0x00000000200173a4       0xfa src/main.o
                0x00000000200173a4                usr_msg
 *fill*         0x000000002001749e        0x2 
 .bss.heap_end.7221
                0x00000000200174a0        0x4 src/syscalls.o
 .bss.__malloc_free_list
                0x00000000200174a4        0x4 c:/st/stm32cubeide_1.3.0/stm32cubeide/plugins/com.st.stm32cube.ide.mcu.externaltools.gnu-tools-for-stm32.7-2018-q2-update.win32_1.5.0.202011040924/tools/bin/../lib/gcc/arm-none-eabi/7.3.1/../../../../arm-none-eabi/lib/thumb/v7e-m/fpv4-sp/hard\libc_nano.a(lib_a-nano-mallocr.o)
                0x00000000200174a4                __malloc_free_list
 .bss.__malloc_sbrk_start
                0x00000000200174a8        0x4 c:/st/stm32cubeide_1.3.0/stm32cubeide/plugins/com.st.stm32cube.ide.mcu.externaltools.gnu-tools-for-stm32.7-2018-q2-update.win32_1.5.0.202011040924/tools/bin/../lib/gcc/arm-none-eabi/7.3.1/../../../../arm-none-eabi/lib/thumb/v7e-m/fpv4-sp/hard\libc_nano.a(lib_a-nano-mallocr.o)
                0x00000000200174a8                __malloc_sbrk_start
 *(COMMON)
 COMMON         0x00000000200174ac       0xa8 Third-Party/SEGGER/SEGGER/SEGGER_RTT.o
                0x00000000200174ac                _SEGGER_RTT
 COMMON         0x0000000020017554        0x4 c:/st/stm32cubeide_1.3.0/stm32cubeide/plugins/com.st.stm32cube.ide.mcu.externaltools.gnu-tools-for-stm32.7-2018-q2-update.win32_1.5.0.202011040924/tools/bin/../lib/gcc/arm-none-eabi/7.3.1/../../../../arm-none-eabi/lib/thumb/v7e-m/fpv4-sp/hard\libc_nano.a(lib_a-reent.o)
                0x0000000020017554                errno
                0x0000000020017558                . = ALIGN (0x4)
                0x0000000020017558                _ebss = .
                0x0000000020017558                __bss_end__ = _ebss

._user_heap_stack
                0x0000000020017558      0x600 load address 0x00000000080045a4
                0x0000000020017558                . = ALIGN (0x8)
                0x0000000020017558                PROVIDE (end = .)
                [!provide]                        PROVIDE (_end = .)
                0x0000000020017758                . = (. + _Min_Heap_Size)
 *fill*         0x0000000020017558      0x200 
                0x0000000020017b58                . = (. + _Min_Stack_Size)
 *fill*         0x0000000020017758      0x400 
                0x0000000020017b58                . = ALIGN (0x8)

/DISCARD/
 libc.a(*)
 libm.a(*)
 libgcc.a(*)

.ARM.attributes
                0x0000000000000000       0x30
 *(.ARM.attributes)
 .ARM.attributes
                0x0000000000000000       0x22 c:/st/stm32cubeide_1.3.0/stm32cubeide/plugins/com.st.stm32cube.ide.mcu.externaltools.gnu-tools-for-stm32.7-2018-q2-update.win32_1.5.0.202011040924/tools/bin/../lib/gcc/arm-none-eabi/7.3.1/thumb/v7e-m/fpv4-sp/hard/crti.o
 .ARM.attributes
                0x0000000000000022       0x34 c:/st/stm32cubeide_1.3.0/stm32cubeide/plugins/com.st.stm32cube.ide.mcu.externaltools.gnu-tools-for-stm32.7-2018-q2-update.win32_1.5.0.202011040924/tools/bin/../lib/gcc/arm-none-eabi/7.3.1/thumb/v7e-m/fpv4-sp/hard/crtbegin.o
 .ARM.attributes
                0x0000000000000056       0x39 StdPeriph_Driver/src/stm32f4xx_gpio.o
 .ARM.attributes
                0x000000000000008f       0x39 StdPeriph_Driver/src/stm32f4xx_rcc.o
 .ARM.attributes
                0x00000000000000c8       0x39 StdPeriph_Driver/src/stm32f4xx_usart.o
 .ARM.attributes
                0x0000000000000101       0x39 Third-Party/FreeRTOS/org/Source/list.o
 .ARM.attributes
                0x000000000000013a       0x39 Third-Party/FreeRTOS/org/Source/tasks.o
 .ARM.attributes
                0x0000000000000173       0x39 Third-Party/FreeRTOS/org/Source/portable/GCC/ARM_CM4F/port.o
 .ARM.attributes
                0x00000000000001ac       0x39 Third-Party/FreeRTOS/org/Source/portable/MemMang/heap_4.o
 .ARM.attributes
                0x00000000000001e5       0x39 Third-Party/SEGGER/Config/SEGGER_SYSVIEW_Config_FreeRTOS.o
 .ARM.attributes
                0x000000000000021e       0x39 Third-Party/SEGGER/OS/SEGGER_SYSVIEW_FreeRTOS.o
 .ARM.attributes
                0x0000000000000257       0x39 Third-Party/SEGGER/SEGGER/SEGGER_RTT.o
 .ARM.attributes
                0x0000000000000290       0x39 Third-Party/SEGGER/SEGGER/SEGGER_SYSVIEW.o
 .ARM.attributes
                0x00000000000002c9       0x39 src/main.o
 .ARM.attributes
                0x0000000000000302       0x39 src/syscalls.o
 .ARM.attributes
                0x000000000000033b       0x39 src/system_stm32f4xx.o
 .ARM.attributes
                0x0000000000000374       0x21 startup/startup_stm32.o
 .ARM.attributes
                0x0000000000000395       0x34 c:/st/stm32cubeide_1.3.0/stm32cubeide/plugins/com.st.stm32cube.ide.mcu.externaltools.gnu-tools-for-stm32.7-2018-q2-update.win32_1.5.0.202011040924/tools/bin/../lib/gcc/arm-none-eabi/7.3.1/../../../../arm-none-eabi/lib/thumb/v7e-m/fpv4-sp/hard\libc_nano.a(lib_a-errno.o)
 .ARM.attributes
                0x00000000000003c9       0x34 c:/st/stm32cubeide_1.3.0/stm32cubeide/plugins/com.st.stm32cube.ide.mcu.externaltools.gnu-tools-for-stm32.7-2018-q2-update.win32_1.5.0.202011040924/tools/bin/../lib/gcc/arm-none-eabi/7.3.1/../../../../arm-none-eabi/lib/thumb/v7e-m/fpv4-sp/hard\libc_nano.a(lib_a-impure.o)
 .ARM.attributes
                0x00000000000003fd       0x34 c:/st/stm32cubeide_1.3.0/stm32cubeide/plugins/com.st.stm32cube.ide.mcu.externaltools.gnu-tools-for-stm32.7-2018-q2-update.win32_1.5.0.202011040924/tools/bin/../lib/gcc/arm-none-eabi/7.3.1/../../../../arm-none-eabi/lib/thumb/v7e-m/fpv4-sp/hard\libc_nano.a(lib_a-init.o)
 .ARM.attributes
                0x0000000000000431       0x34 c:/st/stm32cubeide_1.3.0/stm32cubeide/plugins/com.st.stm32cube.ide.mcu.externaltools.gnu-tools-for-stm32.7-2018-q2-update.win32_1.5.0.202011040924/tools/bin/../lib/gcc/arm-none-eabi/7.3.1/../../../../arm-none-eabi/lib/thumb/v7e-m/fpv4-sp/hard\libc_nano.a(lib_a-memcmp.o)
 .ARM.attributes
                0x0000000000000465       0x34 c:/st/stm32cubeide_1.3.0/stm32cubeide/plugins/com.st.stm32cube.ide.mcu.externaltools.gnu-tools-for-stm32.7-2018-q2-update.win32_1.5.0.202011040924/tools/bin/../lib/gcc/arm-none-eabi/7.3.1/../../../../arm-none-eabi/lib/thumb/v7e-m/fpv4-sp/hard\libc_nano.a(lib_a-memcpy-stub.o)
 .ARM.attributes
                0x0000000000000499       0x34 c:/st/stm32cubeide_1.3.0/stm32cubeide/plugins/com.st.stm32cube.ide.mcu.externaltools.gnu-tools-for-stm32.7-2018-q2-update.win32_1.5.0.202011040924/tools/bin/../lib/gcc/arm-none-eabi/7.3.1/../../../../arm-none-eabi/lib/thumb/v7e-m/fpv4-sp/hard\libc_nano.a(lib_a-memset.o)
 .ARM.attributes
                0x00000000000004cd       0x34 c:/st/stm32cubeide_1.3.0/stm32cubeide/plugins/com.st.stm32cube.ide.mcu.externaltools.gnu-tools-for-stm32.7-2018-q2-update.win32_1.5.0.202011040924/tools/bin/../lib/gcc/arm-none-eabi/7.3.1/../../../../arm-none-eabi/lib/thumb/v7e-m/fpv4-sp/hard\libc_nano.a(lib_a-sprintf.o)
 .ARM.attributes
                0x0000000000000501       0x1b c:/st/stm32cubeide_1.3.0/stm32cubeide/plugins/com.st.stm32cube.ide.mcu.externaltools.gnu-tools-for-stm32.7-2018-q2-update.win32_1.5.0.202011040924/tools/bin/../lib/gcc/arm-none-eabi/7.3.1/../../../../arm-none-eabi/lib/thumb/v7e-m/fpv4-sp/hard\libc_nano.a(lib_a-strlen.o)
 .ARM.attributes
                0x000000000000051c       0x34 c:/st/stm32cubeide_1.3.0/stm32cubeide/plugins/com.st.stm32cube.ide.mcu.externaltools.gnu-tools-for-stm32.7-2018-q2-update.win32_1.5.0.202011040924/tools/bin/../lib/gcc/arm-none-eabi/7.3.1/../../../../arm-none-eabi/lib/thumb/v7e-m/fpv4-sp/hard\libc_nano.a(lib_a-nano-svfprintf.o)
 .ARM.attributes
                0x0000000000000550       0x34 c:/st/stm32cubeide_1.3.0/stm32cubeide/plugins/com.st.stm32cube.ide.mcu.externaltools.gnu-tools-for-stm32.7-2018-q2-update.win32_1.5.0.202011040924/tools/bin/../lib/gcc/arm-none-eabi/7.3.1/../../../../arm-none-eabi/lib/thumb/v7e-m/fpv4-sp/hard\libc_nano.a(lib_a-nano-vfprintf_i.o)
 .ARM.attributes
                0x0000000000000584       0x20 c:/st/stm32cubeide_1.3.0/stm32cubeide/plugins/com.st.stm32cube.ide.mcu.externaltools.gnu-tools-for-stm32.7-2018-q2-update.win32_1.5.0.202011040924/tools/bin/../lib/gcc/arm-none-eabi/7.3.1/../../../../arm-none-eabi/lib/thumb/v7e-m/fpv4-sp/hard\libc_nano.a(lib_a-memchr.o)
 .ARM.attributes
                0x00000000000005a4       0x34 c:/st/stm32cubeide_1.3.0/stm32cubeide/plugins/com.st.stm32cube.ide.mcu.externaltools.gnu-tools-for-stm32.7-2018-q2-update.win32_1.5.0.202011040924/tools/bin/../lib/gcc/arm-none-eabi/7.3.1/../../../../arm-none-eabi/lib/thumb/v7e-m/fpv4-sp/hard\libc_nano.a(lib_a-memmove.o)
 .ARM.attributes
                0x00000000000005d8       0x34 c:/st/stm32cubeide_1.3.0/stm32cubeide/plugins/com.st.stm32cube.ide.mcu.externaltools.gnu-tools-for-stm32.7-2018-q2-update.win32_1.5.0.202011040924/tools/bin/../lib/gcc/arm-none-eabi/7.3.1/../../../../arm-none-eabi/lib/thumb/v7e-m/fpv4-sp/hard\libc_nano.a(lib_a-nano-freer.o)
 .ARM.attributes
                0x000000000000060c       0x34 c:/st/stm32cubeide_1.3.0/stm32cubeide/plugins/com.st.stm32cube.ide.mcu.externaltools.gnu-tools-for-stm32.7-2018-q2-update.win32_1.5.0.202011040924/tools/bin/../lib/gcc/arm-none-eabi/7.3.1/../../../../arm-none-eabi/lib/thumb/v7e-m/fpv4-sp/hard\libc_nano.a(lib_a-nano-mallocr.o)
 .ARM.attributes
                0x0000000000000640       0x34 c:/st/stm32cubeide_1.3.0/stm32cubeide/plugins/com.st.stm32cube.ide.mcu.externaltools.gnu-tools-for-stm32.7-2018-q2-update.win32_1.5.0.202011040924/tools/bin/../lib/gcc/arm-none-eabi/7.3.1/../../../../arm-none-eabi/lib/thumb/v7e-m/fpv4-sp/hard\libc_nano.a(lib_a-nano-reallocr.o)
 .ARM.attributes
                0x0000000000000674       0x34 c:/st/stm32cubeide_1.3.0/stm32cubeide/plugins/com.st.stm32cube.ide.mcu.externaltools.gnu-tools-for-stm32.7-2018-q2-update.win32_1.5.0.202011040924/tools/bin/../lib/gcc/arm-none-eabi/7.3.1/../../../../arm-none-eabi/lib/thumb/v7e-m/fpv4-sp/hard\libc_nano.a(lib_a-sbrkr.o)
 .ARM.attributes
                0x00000000000006a8       0x34 c:/st/stm32cubeide_1.3.0/stm32cubeide/plugins/com.st.stm32cube.ide.mcu.externaltools.gnu-tools-for-stm32.7-2018-q2-update.win32_1.5.0.202011040924/tools/bin/../lib/gcc/arm-none-eabi/7.3.1/../../../../arm-none-eabi/lib/thumb/v7e-m/fpv4-sp/hard\libc_nano.a(lib_a-mlock.o)
 .ARM.attributes
                0x00000000000006dc       0x34 c:/st/stm32cubeide_1.3.0/stm32cubeide/plugins/com.st.stm32cube.ide.mcu.externaltools.gnu-tools-for-stm32.7-2018-q2-update.win32_1.5.0.202011040924/tools/bin/../lib/gcc/arm-none-eabi/7.3.1/../../../../arm-none-eabi/lib/thumb/v7e-m/fpv4-sp/hard\libc_nano.a(lib_a-nano-msizer.o)
 .ARM.attributes
                0x0000000000000710       0x34 c:/st/stm32cubeide_1.3.0/stm32cubeide/plugins/com.st.stm32cube.ide.mcu.externaltools.gnu-tools-for-stm32.7-2018-q2-update.win32_1.5.0.202011040924/tools/bin/../lib/gcc/arm-none-eabi/7.3.1/../../../../arm-none-eabi/lib/thumb/v7e-m/fpv4-sp/hard\libc_nano.a(lib_a-reent.o)
 .ARM.attributes
                0x0000000000000744       0x22 c:/st/stm32cubeide_1.3.0/stm32cubeide/plugins/com.st.stm32cube.ide.mcu.externaltools.gnu-tools-for-stm32.7-2018-q2-update.win32_1.5.0.202011040924/tools/bin/../lib/gcc/arm-none-eabi/7.3.1/thumb/v7e-m/fpv4-sp/hard/crtn.o
OUTPUT(STM32_FreeRTOS_vTaskDelay.elf elf32-littlearm)

.debug_info     0x0000000000000000     0xe3bb
 .debug_info    0x0000000000000000      0x62b StdPeriph_Driver/src/stm32f4xx_gpio.o
 .debug_info    0x000000000000062b      0xe76 StdPeriph_Driver/src/stm32f4xx_rcc.o
 .debug_info    0x00000000000014a1      0x9d4 StdPeriph_Driver/src/stm32f4xx_usart.o
 .debug_info    0x0000000000001e75      0xacb Third-Party/FreeRTOS/org/Source/list.o
 .debug_info    0x0000000000002940     0x2723 Third-Party/FreeRTOS/org/Source/tasks.o
 .debug_info    0x0000000000005063      0x533 Third-Party/FreeRTOS/org/Source/portable/GCC/ARM_CM4F/port.o
 .debug_info    0x0000000000005596      0xbec Third-Party/FreeRTOS/org/Source/portable/MemMang/heap_4.o
 .debug_info    0x0000000000006182      0x10f Third-Party/SEGGER/Config/SEGGER_SYSVIEW_Config_FreeRTOS.o
 .debug_info    0x0000000000006291      0xb7d Third-Party/SEGGER/OS/SEGGER_SYSVIEW_FreeRTOS.o
 .debug_info    0x0000000000006e0e     0x16a9 Third-Party/SEGGER/SEGGER/SEGGER_RTT.o
 .debug_info    0x00000000000084b7     0x3ada Third-Party/SEGGER/SEGGER/SEGGER_SYSVIEW.o
 .debug_info    0x000000000000bf91      0xed8 src/main.o
 .debug_info    0x000000000000ce69      0xf1e src/syscalls.o
 .debug_info    0x000000000000dd87      0x612 src/system_stm32f4xx.o
 .debug_info    0x000000000000e399       0x22 startup/startup_stm32.o

.debug_abbrev   0x0000000000000000     0x1d77
 .debug_abbrev  0x0000000000000000      0x1bf StdPeriph_Driver/src/stm32f4xx_gpio.o
 .debug_abbrev  0x00000000000001bf      0x1d4 StdPeriph_Driver/src/stm32f4xx_rcc.o
 .debug_abbrev  0x0000000000000393      0x187 StdPeriph_Driver/src/stm32f4xx_usart.o
 .debug_abbrev  0x000000000000051a      0x1cf Third-Party/FreeRTOS/org/Source/list.o
 .debug_abbrev  0x00000000000006e9      0x35f Third-Party/FreeRTOS/org/Source/tasks.o
 .debug_abbrev  0x0000000000000a48      0x210 Third-Party/FreeRTOS/org/Source/portable/GCC/ARM_CM4F/port.o
 .debug_abbrev  0x0000000000000c58      0x29e Third-Party/FreeRTOS/org/Source/portable/MemMang/heap_4.o
 .debug_abbrev  0x0000000000000ef6       0xb5 Third-Party/SEGGER/Config/SEGGER_SYSVIEW_Config_FreeRTOS.o
 .debug_abbrev  0x0000000000000fab      0x1ed Third-Party/SEGGER/OS/SEGGER_SYSVIEW_FreeRTOS.o
 .debug_abbrev  0x0000000000001198      0x2a0 Third-Party/SEGGER/SEGGER/SEGGER_RTT.o
 .debug_abbrev  0x0000000000001438      0x300 Third-Party/SEGGER/SEGGER/SEGGER_SYSVIEW.o
 .debug_abbrev  0x0000000000001738      0x25c src/main.o
 .debug_abbrev  0x0000000000001994      0x274 src/syscalls.o
 .debug_abbrev  0x0000000000001c08      0x15d src/system_stm32f4xx.o
 .debug_abbrev  0x0000000000001d65       0x12 startup/startup_stm32.o

.debug_aranges  0x0000000000000000      0xb80
 .debug_aranges
                0x0000000000000000       0x88 StdPeriph_Driver/src/stm32f4xx_gpio.o
 .debug_aranges
                0x0000000000000088      0x1c0 StdPeriph_Driver/src/stm32f4xx_rcc.o
 .debug_aranges
                0x0000000000000248      0x100 StdPeriph_Driver/src/stm32f4xx_usart.o
 .debug_aranges
                0x0000000000000348       0x40 Third-Party/FreeRTOS/org/Source/list.o
 .debug_aranges
                0x0000000000000388      0x1e8 Third-Party/FreeRTOS/org/Source/tasks.o
 .debug_aranges
                0x0000000000000570       0x80 Third-Party/FreeRTOS/org/Source/portable/GCC/ARM_CM4F/port.o
 .debug_aranges
                0x00000000000005f0       0x50 Third-Party/FreeRTOS/org/Source/portable/MemMang/heap_4.o
 .debug_aranges
                0x0000000000000640       0x28 Third-Party/SEGGER/Config/SEGGER_SYSVIEW_Config_FreeRTOS.o
 .debug_aranges
                0x0000000000000668       0x48 Third-Party/SEGGER/OS/SEGGER_SYSVIEW_FreeRTOS.o
 .debug_aranges
                0x00000000000006b0      0x110 Third-Party/SEGGER/SEGGER/SEGGER_RTT.o
 .debug_aranges
                0x00000000000007c0      0x268 Third-Party/SEGGER/SEGGER/SEGGER_SYSVIEW.o
 .debug_aranges
                0x0000000000000a28       0x50 src/main.o
 .debug_aranges
                0x0000000000000a78       0xb0 src/syscalls.o
 .debug_aranges
                0x0000000000000b28       0x30 src/system_stm32f4xx.o
 .debug_aranges
                0x0000000000000b58       0x28 startup/startup_stm32.o

.debug_ranges   0x0000000000000000      0xa98
 .debug_ranges  0x0000000000000000       0x78 StdPeriph_Driver/src/stm32f4xx_gpio.o
 .debug_ranges  0x0000000000000078      0x1b0 StdPeriph_Driver/src/stm32f4xx_rcc.o
 .debug_ranges  0x0000000000000228       0xf0 StdPeriph_Driver/src/stm32f4xx_usart.o
 .debug_ranges  0x0000000000000318       0x30 Third-Party/FreeRTOS/org/Source/list.o
 .debug_ranges  0x0000000000000348      0x1d8 Third-Party/FreeRTOS/org/Source/tasks.o
 .debug_ranges  0x0000000000000520       0x70 Third-Party/FreeRTOS/org/Source/portable/GCC/ARM_CM4F/port.o
 .debug_ranges  0x0000000000000590       0x40 Third-Party/FreeRTOS/org/Source/portable/MemMang/heap_4.o
 .debug_ranges  0x00000000000005d0       0x18 Third-Party/SEGGER/Config/SEGGER_SYSVIEW_Config_FreeRTOS.o
 .debug_ranges  0x00000000000005e8       0x38 Third-Party/SEGGER/OS/SEGGER_SYSVIEW_FreeRTOS.o
 .debug_ranges  0x0000000000000620      0x100 Third-Party/SEGGER/SEGGER/SEGGER_RTT.o
 .debug_ranges  0x0000000000000720      0x258 Third-Party/SEGGER/SEGGER/SEGGER_SYSVIEW.o
 .debug_ranges  0x0000000000000978       0x40 src/main.o
 .debug_ranges  0x00000000000009b8       0xa0 src/syscalls.o
 .debug_ranges  0x0000000000000a58       0x20 src/system_stm32f4xx.o
 .debug_ranges  0x0000000000000a78       0x20 startup/startup_stm32.o

.debug_macro    0x0000000000000000     0x3244
 .debug_macro   0x0000000000000000      0x1d7 StdPeriph_Driver/src/stm32f4xx_gpio.o
 .debug_macro   0x00000000000001d7      0x2f5 StdPeriph_Driver/src/stm32f4xx_gpio.o
 .debug_macro   0x00000000000004cc      0x2a6 StdPeriph_Driver/src/stm32f4xx_rcc.o
 .debug_macro   0x0000000000000772      0x1ef StdPeriph_Driver/src/stm32f4xx_usart.o
 .debug_macro   0x0000000000000961      0x21d StdPeriph_Driver/src/stm32f4xx_usart.o
 .debug_macro   0x0000000000000b7e      0x1ba Third-Party/FreeRTOS/org/Source/list.o
 .debug_macro   0x0000000000000d38      0x2c1 Third-Party/FreeRTOS/org/Source/tasks.o
 .debug_macro   0x0000000000000ff9       0x10 Third-Party/FreeRTOS/org/Source/tasks.o
 .debug_macro   0x0000000000001009      0x1d6 Third-Party/FreeRTOS/org/Source/portable/GCC/ARM_CM4F/port.o
 .debug_macro   0x00000000000011df      0x1e1 Third-Party/FreeRTOS/org/Source/portable/MemMang/heap_4.o
 .debug_macro   0x00000000000013c0      0x116 Third-Party/SEGGER/Config/SEGGER_SYSVIEW_Config_FreeRTOS.o
 .debug_macro   0x00000000000014d6      0x1d5 Third-Party/SEGGER/OS/SEGGER_SYSVIEW_FreeRTOS.o
 .debug_macro   0x00000000000016ab      0x169 Third-Party/SEGGER/SEGGER/SEGGER_RTT.o
 .debug_macro   0x0000000000001814       0x4f Third-Party/SEGGER/SEGGER/SEGGER_RTT.o
 .debug_macro   0x0000000000001863      0x115 Third-Party/SEGGER/SEGGER/SEGGER_RTT.o
 .debug_macro   0x0000000000001978      0x1fd Third-Party/SEGGER/SEGGER/SEGGER_SYSVIEW.o
 .debug_macro   0x0000000000001b75       0x65 Third-Party/SEGGER/SEGGER/SEGGER_SYSVIEW.o
 .debug_macro   0x0000000000001bda       0x35 Third-Party/SEGGER/SEGGER/SEGGER_SYSVIEW.o
 .debug_macro   0x0000000000001c0f      0x11b Third-Party/SEGGER/SEGGER/SEGGER_SYSVIEW.o
 .debug_macro   0x0000000000001d2a      0x40d src/main.o
 .debug_macro   0x0000000000002137       0x16 src/main.o
 .debug_macro   0x000000000000214d       0x97 src/main.o
 .debug_macro   0x00000000000021e4       0xfd src/main.o
 .debug_macro   0x00000000000022e1       0x10 src/main.o
 .debug_macro   0x00000000000022f1       0x10 src/main.o
 .debug_macro   0x0000000000002301       0x1c src/main.o
 .debug_macro   0x000000000000231d       0x52 src/main.o
 .debug_macro   0x000000000000236f       0x40 src/main.o
 .debug_macro   0x00000000000023af       0x10 src/main.o
 .debug_macro   0x00000000000023bf       0x40 src/main.o
 .debug_macro   0x00000000000023ff       0xd7 src/main.o
 .debug_macro   0x00000000000024d6       0x1c src/main.o
 .debug_macro   0x00000000000024f2       0x3d src/main.o
 .debug_macro   0x000000000000252f       0x16 src/main.o
 .debug_macro   0x0000000000002545      0x145 src/main.o
 .debug_macro   0x000000000000268a      0x113 src/main.o
 .debug_macro   0x000000000000279d       0x4c src/main.o
 .debug_macro   0x00000000000027e9      0x243 src/syscalls.o
 .debug_macro   0x0000000000002a2c       0x10 src/syscalls.o
 .debug_macro   0x0000000000002a3c       0x10 src/syscalls.o
 .debug_macro   0x0000000000002a4c       0x10 src/syscalls.o
 .debug_macro   0x0000000000002a5c       0x35 src/syscalls.o
 .debug_macro   0x0000000000002a91      0x122 src/syscalls.o
 .debug_macro   0x0000000000002bb3       0x10 src/syscalls.o
 .debug_macro   0x0000000000002bc3      0x241 src/syscalls.o
 .debug_macro   0x0000000000002e04       0x1c src/syscalls.o
 .debug_macro   0x0000000000002e20       0x10 src/syscalls.o
 .debug_macro   0x0000000000002e30      0x189 src/syscalls.o
 .debug_macro   0x0000000000002fb9       0x16 src/syscalls.o
 .debug_macro   0x0000000000002fcf       0x88 src/syscalls.o
 .debug_macro   0x0000000000003057      0x1ed src/system_stm32f4xx.o

.debug_line     0x0000000000000000     0x9e52
 .debug_line    0x0000000000000000      0x8c6 StdPeriph_Driver/src/stm32f4xx_gpio.o
 .debug_line    0x00000000000008c6      0xbba StdPeriph_Driver/src/stm32f4xx_rcc.o
 .debug_line    0x0000000000001480      0xa0c StdPeriph_Driver/src/stm32f4xx_usart.o
 .debug_line    0x0000000000001e8c      0x8b6 Third-Party/FreeRTOS/org/Source/list.o
 .debug_line    0x0000000000002742     0x155f Third-Party/FreeRTOS/org/Source/tasks.o
 .debug_line    0x0000000000003ca1      0x932 Third-Party/FreeRTOS/org/Source/portable/GCC/ARM_CM4F/port.o
 .debug_line    0x00000000000045d3      0x99c Third-Party/FreeRTOS/org/Source/portable/MemMang/heap_4.o
 .debug_line    0x0000000000004f6f      0x71c Third-Party/SEGGER/Config/SEGGER_SYSVIEW_Config_FreeRTOS.o
 .debug_line    0x000000000000568b      0x947 Third-Party/SEGGER/OS/SEGGER_SYSVIEW_FreeRTOS.o
 .debug_line    0x0000000000005fd2      0x955 Third-Party/SEGGER/SEGGER/SEGGER_RTT.o
 .debug_line    0x0000000000006927     0x1828 Third-Party/SEGGER/SEGGER/SEGGER_SYSVIEW.o
 .debug_line    0x000000000000814f      0xd66 src/main.o
 .debug_line    0x0000000000008eb5      0x756 src/syscalls.o
 .debug_line    0x000000000000960b      0x7cb src/system_stm32f4xx.o
 .debug_line    0x0000000000009dd6       0x7c startup/startup_stm32.o

.debug_str      0x0000000000000000    0x76bf6
 .debug_str     0x0000000000000000    0x644a7 StdPeriph_Driver/src/stm32f4xx_gpio.o
                                      0x64708 (size before relaxing)
 .debug_str     0x00000000000644a7      0xdbf StdPeriph_Driver/src/stm32f4xx_rcc.o
                                      0x6521d (size before relaxing)
 .debug_str     0x0000000000065266      0x53a StdPeriph_Driver/src/stm32f4xx_usart.o
                                      0x64a1b (size before relaxing)
 .debug_str     0x00000000000657a0     0x9ed0 Third-Party/FreeRTOS/org/Source/list.o
                                       0xdc79 (size before relaxing)
 .debug_str     0x000000000006f670     0x23ff Third-Party/FreeRTOS/org/Source/tasks.o
                                      0x100ba (size before relaxing)
 .debug_str     0x0000000000071a6f      0x7fb Third-Party/FreeRTOS/org/Source/portable/GCC/ARM_CM4F/port.o
                                       0xb972 (size before relaxing)
 .debug_str     0x000000000007226a      0x252 Third-Party/FreeRTOS/org/Source/portable/MemMang/heap_4.o
                                       0xe39c (size before relaxing)
 .debug_str     0x00000000000724bc      0x176 Third-Party/SEGGER/Config/SEGGER_SYSVIEW_Config_FreeRTOS.o
                                       0xa4c7 (size before relaxing)
 .debug_str     0x0000000000072632       0xfb Third-Party/SEGGER/OS/SEGGER_SYSVIEW_FreeRTOS.o
                                       0xe1ec (size before relaxing)
 .debug_str     0x000000000007272d      0xdca Third-Party/SEGGER/SEGGER/SEGGER_RTT.o
                                       0x7218 (size before relaxing)
 .debug_str     0x00000000000734f7     0x12fd Third-Party/SEGGER/SEGGER/SEGGER_SYSVIEW.o
                                       0x91bf (size before relaxing)
 .debug_str     0x00000000000747f4     0x1335 src/main.o
                                      0x6fd8f (size before relaxing)
 .debug_str     0x0000000000075b29      0xf89 src/syscalls.o
                                       0x890f (size before relaxing)
 .debug_str     0x0000000000076ab2      0x11b src/system_stm32f4xx.o
                                      0x6465b (size before relaxing)
 .debug_str     0x0000000000076bcd       0x29 startup/startup_stm32.o
                                         0x7c (size before relaxing)

.comment        0x0000000000000000       0x7b
 .comment       0x0000000000000000       0x7b StdPeriph_Driver/src/stm32f4xx_gpio.o
                                         0x7c (size before relaxing)
 .comment       0x000000000000007b       0x7c StdPeriph_Driver/src/stm32f4xx_rcc.o
 .comment       0x000000000000007b       0x7c StdPeriph_Driver/src/stm32f4xx_usart.o
 .comment       0x000000000000007b       0x7c Third-Party/FreeRTOS/org/Source/list.o
 .comment       0x000000000000007b       0x7c Third-Party/FreeRTOS/org/Source/tasks.o
 .comment       0x000000000000007b       0x7c Third-Party/FreeRTOS/org/Source/portable/GCC/ARM_CM4F/port.o
 .comment       0x000000000000007b       0x7c Third-Party/FreeRTOS/org/Source/portable/MemMang/heap_4.o
 .comment       0x000000000000007b       0x7c Third-Party/SEGGER/Config/SEGGER_SYSVIEW_Config_FreeRTOS.o
 .comment       0x000000000000007b       0x7c Third-Party/SEGGER/OS/SEGGER_SYSVIEW_FreeRTOS.o
 .comment       0x000000000000007b       0x7c Third-Party/SEGGER/SEGGER/SEGGER_RTT.o
 .comment       0x000000000000007b       0x7c Third-Party/SEGGER/SEGGER/SEGGER_SYSVIEW.o
 .comment       0x000000000000007b       0x7c src/main.o
 .comment       0x000000000000007b       0x7c src/syscalls.o
 .comment       0x000000000000007b       0x7c src/system_stm32f4xx.o

.debug_frame    0x0000000000000000     0x3420
 .debug_frame   0x0000000000000000      0x23c StdPeriph_Driver/src/stm32f4xx_gpio.o
 .debug_frame   0x000000000000023c      0x83c StdPeriph_Driver/src/stm32f4xx_rcc.o
 .debug_frame   0x0000000000000a78      0x490 StdPeriph_Driver/src/stm32f4xx_usart.o
 .debug_frame   0x0000000000000f08       0xd8 Third-Party/FreeRTOS/org/Source/list.o
 .debug_frame   0x0000000000000fe0      0x870 Third-Party/FreeRTOS/org/Source/tasks.o
 .debug_frame   0x0000000000001850      0x1a8 Third-Party/FreeRTOS/org/Source/portable/GCC/ARM_CM4F/port.o
 .debug_frame   0x00000000000019f8      0x108 Third-Party/FreeRTOS/org/Source/portable/MemMang/heap_4.o
 .debug_frame   0x0000000000001b00       0x48 Third-Party/SEGGER/Config/SEGGER_SYSVIEW_Config_FreeRTOS.o
 .debug_frame   0x0000000000001b48      0x100 Third-Party/SEGGER/OS/SEGGER_SYSVIEW_FreeRTOS.o
 .debug_frame   0x0000000000001c48      0x478 Third-Party/SEGGER/SEGGER/SEGGER_RTT.o
 .debug_frame   0x00000000000020c0      0xb5c Third-Party/SEGGER/SEGGER/SEGGER_SYSVIEW.o
 .debug_frame   0x0000000000002c1c       0xfc src/main.o
 .debug_frame   0x0000000000002d18      0x2d0 src/syscalls.o
 .debug_frame   0x0000000000002fe8       0x7c src/system_stm32f4xx.o
 .debug_frame   0x0000000000003064       0x20 c:/st/stm32cubeide_1.3.0/stm32cubeide/plugins/com.st.stm32cube.ide.mcu.externaltools.gnu-tools-for-stm32.7-2018-q2-update.win32_1.5.0.202011040924/tools/bin/../lib/gcc/arm-none-eabi/7.3.1/../../../../arm-none-eabi/lib/thumb/v7e-m/fpv4-sp/hard\libc_nano.a(lib_a-errno.o)
 .debug_frame   0x0000000000003084       0x2c c:/st/stm32cubeide_1.3.0/stm32cubeide/plugins/com.st.stm32cube.ide.mcu.externaltools.gnu-tools-for-stm32.7-2018-q2-update.win32_1.5.0.202011040924/tools/bin/../lib/gcc/arm-none-eabi/7.3.1/../../../../arm-none-eabi/lib/thumb/v7e-m/fpv4-sp/hard\libc_nano.a(lib_a-init.o)
 .debug_frame   0x00000000000030b0       0x2c c:/st/stm32cubeide_1.3.0/stm32cubeide/plugins/com.st.stm32cube.ide.mcu.externaltools.gnu-tools-for-stm32.7-2018-q2-update.win32_1.5.0.202011040924/tools/bin/../lib/gcc/arm-none-eabi/7.3.1/../../../../arm-none-eabi/lib/thumb/v7e-m/fpv4-sp/hard\libc_nano.a(lib_a-memcmp.o)
 .debug_frame   0x00000000000030dc       0x28 c:/st/stm32cubeide_1.3.0/stm32cubeide/plugins/com.st.stm32cube.ide.mcu.externaltools.gnu-tools-for-stm32.7-2018-q2-update.win32_1.5.0.202011040924/tools/bin/../lib/gcc/arm-none-eabi/7.3.1/../../../../arm-none-eabi/lib/thumb/v7e-m/fpv4-sp/hard\libc_nano.a(lib_a-memcpy-stub.o)
 .debug_frame   0x0000000000003104       0x20 c:/st/stm32cubeide_1.3.0/stm32cubeide/plugins/com.st.stm32cube.ide.mcu.externaltools.gnu-tools-for-stm32.7-2018-q2-update.win32_1.5.0.202011040924/tools/bin/../lib/gcc/arm-none-eabi/7.3.1/../../../../arm-none-eabi/lib/thumb/v7e-m/fpv4-sp/hard\libc_nano.a(lib_a-memset.o)
 .debug_frame   0x0000000000003124       0x6c c:/st/stm32cubeide_1.3.0/stm32cubeide/plugins/com.st.stm32cube.ide.mcu.externaltools.gnu-tools-for-stm32.7-2018-q2-update.win32_1.5.0.202011040924/tools/bin/../lib/gcc/arm-none-eabi/7.3.1/../../../../arm-none-eabi/lib/thumb/v7e-m/fpv4-sp/hard\libc_nano.a(lib_a-sprintf.o)
 .debug_frame   0x0000000000003190       0x90 c:/st/stm32cubeide_1.3.0/stm32cubeide/plugins/com.st.stm32cube.ide.mcu.externaltools.gnu-tools-for-stm32.7-2018-q2-update.win32_1.5.0.202011040924/tools/bin/../lib/gcc/arm-none-eabi/7.3.1/../../../../arm-none-eabi/lib/thumb/v7e-m/fpv4-sp/hard\libc_nano.a(lib_a-nano-svfprintf.o)
 .debug_frame   0x0000000000003220       0x60 c:/st/stm32cubeide_1.3.0/stm32cubeide/plugins/com.st.stm32cube.ide.mcu.externaltools.gnu-tools-for-stm32.7-2018-q2-update.win32_1.5.0.202011040924/tools/bin/../lib/gcc/arm-none-eabi/7.3.1/../../../../arm-none-eabi/lib/thumb/v7e-m/fpv4-sp/hard\libc_nano.a(lib_a-nano-vfprintf_i.o)
 .debug_frame   0x0000000000003280       0x28 c:/st/stm32cubeide_1.3.0/stm32cubeide/plugins/com.st.stm32cube.ide.mcu.externaltools.gnu-tools-for-stm32.7-2018-q2-update.win32_1.5.0.202011040924/tools/bin/../lib/gcc/arm-none-eabi/7.3.1/../../../../arm-none-eabi/lib/thumb/v7e-m/fpv4-sp/hard\libc_nano.a(lib_a-memmove.o)
 .debug_frame   0x00000000000032a8       0x38 c:/st/stm32cubeide_1.3.0/stm32cubeide/plugins/com.st.stm32cube.ide.mcu.externaltools.gnu-tools-for-stm32.7-2018-q2-update.win32_1.5.0.202011040924/tools/bin/../lib/gcc/arm-none-eabi/7.3.1/../../../../arm-none-eabi/lib/thumb/v7e-m/fpv4-sp/hard\libc_nano.a(lib_a-nano-freer.o)
 .debug_frame   0x00000000000032e0       0x2c c:/st/stm32cubeide_1.3.0/stm32cubeide/plugins/com.st.stm32cube.ide.mcu.externaltools.gnu-tools-for-stm32.7-2018-q2-update.win32_1.5.0.202011040924/tools/bin/../lib/gcc/arm-none-eabi/7.3.1/../../../../arm-none-eabi/lib/thumb/v7e-m/fpv4-sp/hard\libc_nano.a(lib_a-nano-mallocr.o)
 .debug_frame   0x000000000000330c       0x3c c:/st/stm32cubeide_1.3.0/stm32cubeide/plugins/com.st.stm32cube.ide.mcu.externaltools.gnu-tools-for-stm32.7-2018-q2-update.win32_1.5.0.202011040924/tools/bin/../lib/gcc/arm-none-eabi/7.3.1/../../../../arm-none-eabi/lib/thumb/v7e-m/fpv4-sp/hard\libc_nano.a(lib_a-nano-reallocr.o)
 .debug_frame   0x0000000000003348       0x2c c:/st/stm32cubeide_1.3.0/stm32cubeide/plugins/com.st.stm32cube.ide.mcu.externaltools.gnu-tools-for-stm32.7-2018-q2-update.win32_1.5.0.202011040924/tools/bin/../lib/gcc/arm-none-eabi/7.3.1/../../../../arm-none-eabi/lib/thumb/v7e-m/fpv4-sp/hard\libc_nano.a(lib_a-sbrkr.o)
 .debug_frame   0x0000000000003374       0x30 c:/st/stm32cubeide_1.3.0/stm32cubeide/plugins/com.st.stm32cube.ide.mcu.externaltools.gnu-tools-for-stm32.7-2018-q2-update.win32_1.5.0.202011040924/tools/bin/../lib/gcc/arm-none-eabi/7.3.1/../../../../arm-none-eabi/lib/thumb/v7e-m/fpv4-sp/hard\libc_nano.a(lib_a-mlock.o)
 .debug_frame   0x00000000000033a4       0x20 c:/st/stm32cubeide_1.3.0/stm32cubeide/plugins/com.st.stm32cube.ide.mcu.externaltools.gnu-tools-for-stm32.7-2018-q2-update.win32_1.5.0.202011040924/tools/bin/../lib/gcc/arm-none-eabi/7.3.1/../../../../arm-none-eabi/lib/thumb/v7e-m/fpv4-sp/hard\libc_nano.a(lib_a-nano-msizer.o)
 .debug_frame   0x00000000000033c4       0x5c c:/st/stm32cubeide_1.3.0/stm32cubeide/plugins/com.st.stm32cube.ide.mcu.externaltools.gnu-tools-for-stm32.7-2018-q2-update.win32_1.5.0.202011040924/tools/bin/../lib/gcc/arm-none-eabi/7.3.1/../../../../arm-none-eabi/lib/thumb/v7e-m/fpv4-sp/hard\libc_nano.a(lib_a-reent.o)
