core_cm4.h:1547:22:NVIC_EnableIRQ	16	static
core_cm4.h:1629:22:NVIC_SetPriority	16	static
main.c:98:5:main	16	static
main.c:145:6:vTask1_menu_display	24	static
main.c:157:6:vTask2_cmd_handling	24	static
main.c:179:6:vTask3_cmd_processing	80	static
main.c:218:6:vTask4_uart_write	24	static
main.c:227:13:prvSetupHardware	8	static
main.c:237:6:printmsg	24	static
main.c:246:13:prvSetupUart	32	static
main.c:298:6:prvSetupGpio	24	static
main.c:324:6:rtos_delay	24	static
main.c:335:6:USART3_IRQHandler	24	static,ignoring_inline_asm
main.c:368:9:getCommandCode	16	static
main.c:373:6:getArguments	16	static
main.c:378:6:make_led_on	8	static
main.c:383:6:make_led_off	8	static
main.c:388:6:led_toggle	16	static
main.c:393:6:led_toggle_start	32	static
main.c:409:6:led_toggle_stop	16	static
main.c:415:6:read_led_status	24	static
main.c:421:6:read_rtc_info	56	static
main.c:435:6:print_error_message	16	static
