Archive member included to satisfy reference by file (symbol)

c:/st/stm32cubeide_1.3.0/stm32cubeide/plugins/com.st.stm32cube.ide.mcu.externaltools.gnu-tools-for-stm32.7-2018-q2-update.win32_1.5.0.202011040924/tools/bin/../lib/gcc/arm-none-eabi/7.3.1/../../../../arm-none-eabi/lib/thumb/v7e-m/fpv4-sp/hard\libc_nano.a(lib_a-errno.o)
                              src/syscalls.o (__errno)
c:/st/stm32cubeide_1.3.0/stm32cubeide/plugins/com.st.stm32cube.ide.mcu.externaltools.gnu-tools-for-stm32.7-2018-q2-update.win32_1.5.0.202011040924/tools/bin/../lib/gcc/arm-none-eabi/7.3.1/../../../../arm-none-eabi/lib/thumb/v7e-m/fpv4-sp/hard\libc_nano.a(lib_a-exit.o)
                              c:/st/stm32cubeide_1.3.0/stm32cubeide/plugins/com.st.stm32cube.ide.mcu.externaltools.gnu-tools-for-stm32.7-2018-q2-update.win32_1.5.0.202011040924/tools/bin/../lib/gcc/arm-none-eabi/7.3.1/../../../../arm-none-eabi/lib/thumb/v7e-m/fpv4-sp/hard/crt0.o (exit)
c:/st/stm32cubeide_1.3.0/stm32cubeide/plugins/com.st.stm32cube.ide.mcu.externaltools.gnu-tools-for-stm32.7-2018-q2-update.win32_1.5.0.202011040924/tools/bin/../lib/gcc/arm-none-eabi/7.3.1/../../../../arm-none-eabi/lib/thumb/v7e-m/fpv4-sp/hard\libc_nano.a(lib_a-impure.o)
                              c:/st/stm32cubeide_1.3.0/stm32cubeide/plugins/com.st.stm32cube.ide.mcu.externaltools.gnu-tools-for-stm32.7-2018-q2-update.win32_1.5.0.202011040924/tools/bin/../lib/gcc/arm-none-eabi/7.3.1/../../../../arm-none-eabi/lib/thumb/v7e-m/fpv4-sp/hard\libc_nano.a(lib_a-exit.o) (_global_impure_ptr)
c:/st/stm32cubeide_1.3.0/stm32cubeide/plugins/com.st.stm32cube.ide.mcu.externaltools.gnu-tools-for-stm32.7-2018-q2-update.win32_1.5.0.202011040924/tools/bin/../lib/gcc/arm-none-eabi/7.3.1/../../../../arm-none-eabi/lib/thumb/v7e-m/fpv4-sp/hard\libc_nano.a(lib_a-init.o)
                              c:/st/stm32cubeide_1.3.0/stm32cubeide/plugins/com.st.stm32cube.ide.mcu.externaltools.gnu-tools-for-stm32.7-2018-q2-update.win32_1.5.0.202011040924/tools/bin/../lib/gcc/arm-none-eabi/7.3.1/../../../../arm-none-eabi/lib/thumb/v7e-m/fpv4-sp/hard/crt0.o (__libc_init_array)
c:/st/stm32cubeide_1.3.0/stm32cubeide/plugins/com.st.stm32cube.ide.mcu.externaltools.gnu-tools-for-stm32.7-2018-q2-update.win32_1.5.0.202011040924/tools/bin/../lib/gcc/arm-none-eabi/7.3.1/../../../../arm-none-eabi/lib/thumb/v7e-m/fpv4-sp/hard\libc_nano.a(lib_a-memcmp.o)
                              Third-Party/SEGGER/OS/SEGGER_SYSVIEW_FreeRTOS.o (memcmp)
c:/st/stm32cubeide_1.3.0/stm32cubeide/plugins/com.st.stm32cube.ide.mcu.externaltools.gnu-tools-for-stm32.7-2018-q2-update.win32_1.5.0.202011040924/tools/bin/../lib/gcc/arm-none-eabi/7.3.1/../../../../arm-none-eabi/lib/thumb/v7e-m/fpv4-sp/hard\libc_nano.a(lib_a-memcpy-stub.o)
                              Third-Party/FreeRTOS/org/Source/queue.o (memcpy)
c:/st/stm32cubeide_1.3.0/stm32cubeide/plugins/com.st.stm32cube.ide.mcu.externaltools.gnu-tools-for-stm32.7-2018-q2-update.win32_1.5.0.202011040924/tools/bin/../lib/gcc/arm-none-eabi/7.3.1/../../../../arm-none-eabi/lib/thumb/v7e-m/fpv4-sp/hard\libc_nano.a(lib_a-memset.o)
                              c:/st/stm32cubeide_1.3.0/stm32cubeide/plugins/com.st.stm32cube.ide.mcu.externaltools.gnu-tools-for-stm32.7-2018-q2-update.win32_1.5.0.202011040924/tools/bin/../lib/gcc/arm-none-eabi/7.3.1/../../../../arm-none-eabi/lib/thumb/v7e-m/fpv4-sp/hard/crt0.o (memset)
c:/st/stm32cubeide_1.3.0/stm32cubeide/plugins/com.st.stm32cube.ide.mcu.externaltools.gnu-tools-for-stm32.7-2018-q2-update.win32_1.5.0.202011040924/tools/bin/../lib/gcc/arm-none-eabi/7.3.1/../../../../arm-none-eabi/lib/thumb/v7e-m/fpv4-sp/hard\libc_nano.a(lib_a-strlen.o)
                              Third-Party/SEGGER/SEGGER/SEGGER_RTT.o (strlen)

Allocating common symbols
Common symbol       size              file

xQueueRegistry      0x40              Third-Party/FreeRTOS/org/Source/queue.o
_SEGGER_RTT         0xa8              Third-Party/SEGGER/SEGGER/SEGGER_RTT.o

Discarded input sections

 .text          0x0000000000000000        0x0 c:/st/stm32cubeide_1.3.0/stm32cubeide/plugins/com.st.stm32cube.ide.mcu.externaltools.gnu-tools-for-stm32.7-2018-q2-update.win32_1.5.0.202011040924/tools/bin/../lib/gcc/arm-none-eabi/7.3.1/thumb/v7e-m/fpv4-sp/hard/crti.o
 .data          0x0000000000000000        0x0 c:/st/stm32cubeide_1.3.0/stm32cubeide/plugins/com.st.stm32cube.ide.mcu.externaltools.gnu-tools-for-stm32.7-2018-q2-update.win32_1.5.0.202011040924/tools/bin/../lib/gcc/arm-none-eabi/7.3.1/thumb/v7e-m/fpv4-sp/hard/crti.o
 .bss           0x0000000000000000        0x0 c:/st/stm32cubeide_1.3.0/stm32cubeide/plugins/com.st.stm32cube.ide.mcu.externaltools.gnu-tools-for-stm32.7-2018-q2-update.win32_1.5.0.202011040924/tools/bin/../lib/gcc/arm-none-eabi/7.3.1/thumb/v7e-m/fpv4-sp/hard/crti.o
[...]
Memory Configuration

Name             Origin             Length             Attributes
RAM              0x0000000020000000 0x0000000000030000 xrw
FLASH            0x0000000008000000 0x0000000000200000 xr
*default*        0x0000000000000000 0xffffffffffffffff

Linker script and memory map

LOAD c:/st/stm32cubeide_1.3.0/stm32cubeide/plugins/com.st.stm32cube.ide.mcu.externaltools.gnu-tools-for-stm32.7-2018-q2-update.win32_1.5.0.202011040924/tools/bin/../lib/gcc/arm-none-eabi/7.3.1/thumb/v7e-m/fpv4-sp/hard/crti.o
LOAD c:/st/stm32cubeide_1.3.0/stm32cubeide/plugins/com.st.stm32cube.ide.mcu.externaltools.gnu-tools-for-stm32.7-2018-q2-update.win32_1.5.0.202011040924/tools/bin/../lib/gcc/arm-none-eabi/7.3.1/thumb/v7e-m/fpv4-sp/hard/crtbegin.o
LOAD c:/st/stm32cubeide_1.3.0/stm32cubeide/plugins/com.st.stm32cube.ide.mcu.externaltools.gnu-tools-for-stm32.7-2018-q2-update.win32_1.5.0.202011040924/tools/bin/../lib/gcc/arm-none-eabi/7.3.1/../../../../arm-none-eabi/lib/thumb/v7e-m/fpv4-sp/hard/crt0.o
LOAD StdPeriph_Driver/src/misc.o
LOAD StdPeriph_Driver/src/stm32f4xx_adc.o
LOAD StdPeriph_Driver/src/stm32f4xx_can.o
LOAD StdPeriph_Driver/src/stm32f4xx_cec.o
LOAD StdPeriph_Driver/src/stm32f4xx_crc.o
LOAD StdPeriph_Driver/src/stm32f4xx_cryp.o
LOAD StdPeriph_Driver/src/stm32f4xx_cryp_aes.o
LOAD StdPeriph_Driver/src/stm32f4xx_cryp_des.o
LOAD StdPeriph_Driver/src/stm32f4xx_cryp_tdes.o
LOAD StdPeriph_Driver/src/stm32f4xx_dac.o
LOAD StdPeriph_Driver/src/stm32f4xx_dbgmcu.o
LOAD StdPeriph_Driver/src/stm32f4xx_dcmi.o
LOAD StdPeriph_Driver/src/stm32f4xx_dfsdm.o
LOAD StdPeriph_Driver/src/stm32f4xx_dma.o
LOAD StdPeriph_Driver/src/stm32f4xx_dma2d.o
LOAD StdPeriph_Driver/src/stm32f4xx_dsi.o
LOAD StdPeriph_Driver/src/stm32f4xx_exti.o
LOAD StdPeriph_Driver/src/stm32f4xx_flash.o
LOAD StdPeriph_Driver/src/stm32f4xx_flash_ramfunc.o
LOAD StdPeriph_Driver/src/stm32f4xx_fmc.o
LOAD StdPeriph_Driver/src/stm32f4xx_fmip2c.o
LOAD StdPeriph_Driver/src/stm32f4xx_fsmc.o
LOAD StdPeriph_Driver/src/stm32f4xx_gpio.o
LOAD StdPeriph_Driver/src/stm32f4xx_hash.o
LOAD StdPeriph_Driver/src/stm32f4xx_hash_md5.o
LOAD StdPeriph_Driver/src/stm32f4xx_hash_sha1.o
LOAD StdPeriph_Driver/src/stm32f4xx_i2c.o
LOAD StdPeriph_Driver/src/stm32f4xx_iwdg.o
LOAD StdPeriph_Driver/src/stm32f4xx_lptim.o
LOAD StdPeriph_Driver/src/stm32f4xx_ltdc.o
LOAD StdPeriph_Driver/src/stm32f4xx_pwr.o
LOAD StdPeriph_Driver/src/stm32f4xx_qspi.o
LOAD StdPeriph_Driver/src/stm32f4xx_rcc.o
LOAD StdPeriph_Driver/src/stm32f4xx_rng.o
LOAD StdPeriph_Driver/src/stm32f4xx_rtc.o
LOAD StdPeriph_Driver/src/stm32f4xx_sai.o
LOAD StdPeriph_Driver/src/stm32f4xx_sdio.o
LOAD StdPeriph_Driver/src/stm32f4xx_spdifrx.o
LOAD StdPeriph_Driver/src/stm32f4xx_spi.o
LOAD StdPeriph_Driver/src/stm32f4xx_syscfg.o
LOAD StdPeriph_Driver/src/stm32f4xx_tim.o
LOAD StdPeriph_Driver/src/stm32f4xx_usart.o
LOAD StdPeriph_Driver/src/stm32f4xx_wwdg.o
LOAD Third-Party/FreeRTOS/org/Source/croutine.o
LOAD Third-Party/FreeRTOS/org/Source/event_groups.o
LOAD Third-Party/FreeRTOS/org/Source/list.o
LOAD Third-Party/FreeRTOS/org/Source/queue.o
LOAD Third-Party/FreeRTOS/org/Source/stream_buffer.o
LOAD Third-Party/FreeRTOS/org/Source/tasks.o
LOAD Third-Party/FreeRTOS/org/Source/timers.o
LOAD Third-Party/FreeRTOS/org/Source/portable/GCC/ARM_CM4F/port.o
LOAD Third-Party/FreeRTOS/org/Source/portable/MemMang/heap_4.o
LOAD Third-Party/SEGGER/Config/SEGGER_SYSVIEW_Config_FreeRTOS.o
LOAD Third-Party/SEGGER/OS/SEGGER_SYSVIEW_FreeRTOS.o
LOAD Third-Party/SEGGER/SEGGER/SEGGER_RTT.o
LOAD Third-Party/SEGGER/SEGGER/SEGGER_SYSVIEW.o
LOAD src/main.o
LOAD src/syscalls.o
LOAD src/system_stm32f4xx.o
LOAD startup/startup_stm32.o
START GROUP
LOAD c:/st/stm32cubeide_1.3.0/stm32cubeide/plugins/com.st.stm32cube.ide.mcu.externaltools.gnu-tools-for-stm32.7-2018-q2-update.win32_1.5.0.202011040924/tools/bin/../lib/gcc/arm-none-eabi/7.3.1/../../../../arm-none-eabi/lib/thumb/v7e-m/fpv4-sp/hard\libc_nano.a
LOAD c:/st/stm32cubeide_1.3.0/stm32cubeide/plugins/com.st.stm32cube.ide.mcu.externaltools.gnu-tools-for-stm32.7-2018-q2-update.win32_1.5.0.202011040924/tools/bin/../lib/gcc/arm-none-eabi/7.3.1/../../../../arm-none-eabi/lib/thumb/v7e-m/fpv4-sp/hard\libm.a
END GROUP
START GROUP
LOAD c:/st/stm32cubeide_1.3.0/stm32cubeide/plugins/com.st.stm32cube.ide.mcu.externaltools.gnu-tools-for-stm32.7-2018-q2-update.win32_1.5.0.202011040924/tools/bin/../lib/gcc/arm-none-eabi/7.3.1/thumb/v7e-m/fpv4-sp/hard\libgcc.a
LOAD c:/st/stm32cubeide_1.3.0/stm32cubeide/plugins/com.st.stm32cube.ide.mcu.externaltools.gnu-tools-for-stm32.7-2018-q2-update.win32_1.5.0.202011040924/tools/bin/../lib/gcc/arm-none-eabi/7.3.1/../../../../arm-none-eabi/lib/thumb/v7e-m/fpv4-sp/hard\libc_nano.a
END GROUP
START GROUP
LOAD c:/st/stm32cubeide_1.3.0/stm32cubeide/plugins/com.st.stm32cube.ide.mcu.externaltools.gnu-tools-for-stm32.7-2018-q2-update.win32_1.5.0.202011040924/tools/bin/../lib/gcc/arm-none-eabi/7.3.1/thumb/v7e-m/fpv4-sp/hard\libgcc.a
LOAD c:/st/stm32cubeide_1.3.0/stm32cubeide/plugins/com.st.stm32cube.ide.mcu.externaltools.gnu-tools-for-stm32.7-2018-q2-update.win32_1.5.0.202011040924/tools/bin/../lib/gcc/arm-none-eabi/7.3.1/../../../../arm-none-eabi/lib/thumb/v7e-m/fpv4-sp/hard\libc_nano.a
LOAD c:/st/stm32cubeide_1.3.0/stm32cubeide/plugins/com.st.stm32cube.ide.mcu.externaltools.gnu-tools-for-stm32.7-2018-q2-update.win32_1.5.0.202011040924/tools/bin/../lib/gcc/arm-none-eabi/7.3.1/../../../../arm-none-eabi/lib/thumb/v7e-m/fpv4-sp/hard\libnosys.a
END GROUP
START GROUP
LOAD c:/st/stm32cubeide_1.3.0/stm32cubeide/plugins/com.st.stm32cube.ide.mcu.externaltools.gnu-tools-for-stm32.7-2018-q2-update.win32_1.5.0.202011040924/tools/bin/../lib/gcc/arm-none-eabi/7.3.1/thumb/v7e-m/fpv4-sp/hard\libgcc.a
LOAD c:/st/stm32cubeide_1.3.0/stm32cubeide/plugins/com.st.stm32cube.ide.mcu.externaltools.gnu-tools-for-stm32.7-2018-q2-update.win32_1.5.0.202011040924/tools/bin/../lib/gcc/arm-none-eabi/7.3.1/../../../../arm-none-eabi/lib/thumb/v7e-m/fpv4-sp/hard\libc_nano.a
LOAD c:/st/stm32cubeide_1.3.0/stm32cubeide/plugins/com.st.stm32cube.ide.mcu.externaltools.gnu-tools-for-stm32.7-2018-q2-update.win32_1.5.0.202011040924/tools/bin/../lib/gcc/arm-none-eabi/7.3.1/../../../../arm-none-eabi/lib/thumb/v7e-m/fpv4-sp/hard\libnosys.a
END GROUP
LOAD c:/st/stm32cubeide_1.3.0/stm32cubeide/plugins/com.st.stm32cube.ide.mcu.externaltools.gnu-tools-for-stm32.7-2018-q2-update.win32_1.5.0.202011040924/tools/bin/../lib/gcc/arm-none-eabi/7.3.1/thumb/v7e-m/fpv4-sp/hard/crtend.o
LOAD c:/st/stm32cubeide_1.3.0/stm32cubeide/plugins/com.st.stm32cube.ide.mcu.externaltools.gnu-tools-for-stm32.7-2018-q2-update.win32_1.5.0.202011040924/tools/bin/../lib/gcc/arm-none-eabi/7.3.1/thumb/v7e-m/fpv4-sp/hard/crtn.o
                0x0000000020030000                _estack = (ORIGIN (RAM) + LENGTH (RAM))
                0x0000000000000200                _Min_Heap_Size = 0x200
                0x0000000000000400                _Min_Stack_Size = 0x400

.isr_vector     0x0000000008000000      0x1c4
                0x0000000008000000                . = ALIGN (0x4)
 *(.isr_vector)
 .isr_vector    0x0000000008000000      0x1c4 startup/startup_stm32.o
                0x0000000008000000                g_pfnVectors
                0x00000000080001c4                . = ALIGN (0x4)

.text           0x00000000080001d0     0x3758
                0x00000000080001d0                . = ALIGN (0x4)
 *(.text)
 .text          0x00000000080001d0       0x40 c:/st/stm32cubeide_1.3.0/stm32cubeide/plugins/com.st.stm32cube.ide.mcu.externaltools.gnu-tools-for-stm32.7-2018-q2-update.win32_1.5.0.202011040924/tools/bin/../lib/gcc/arm-none-eabi/7.3.1/thumb/v7e-m/fpv4-sp/hard/crtbegin.o
 *(.text*)
 .text.EXTI_Init
                0x0000000008000210       0xe4 StdPeriph_Driver/src/stm32f4xx_exti.o
                0x0000000008000210                EXTI_Init
 .text.EXTI_ClearITPendingBit
                0x00000000080002f4       0x20 StdPeriph_Driver/src/stm32f4xx_exti.o
                0x00000000080002f4                EXTI_ClearITPendingBit
 .text.GPIO_Init
                0x0000000008000314      0x11c StdPeriph_Driver/src/stm32f4xx_gpio.o
                0x0000000008000314                GPIO_Init
 .text.GPIO_WriteBit
                0x0000000008000430       0x30 StdPeriph_Driver/src/stm32f4xx_gpio.o
                0x0000000008000430                GPIO_WriteBit
 .text.GPIO_PinAFConfig
                0x0000000008000460       0x92 StdPeriph_Driver/src/stm32f4xx_gpio.o
                0x0000000008000460                GPIO_PinAFConfig
 *fill*         0x00000000080004f2        0x2 
 .text.RCC_DeInit
                0x00000000080004f4       0x70 StdPeriph_Driver/src/stm32f4xx_rcc.o
                0x00000000080004f4                RCC_DeInit
 .text.RCC_GetClocksFreq
                0x0000000008000564      0x150 StdPeriph_Driver/src/stm32f4xx_rcc.o
                0x0000000008000564                RCC_GetClocksFreq
 .text.RCC_AHB1PeriphClockCmd
                0x00000000080006b4       0x40 StdPeriph_Driver/src/stm32f4xx_rcc.o
                0x00000000080006b4                RCC_AHB1PeriphClockCmd
 .text.RCC_APB1PeriphClockCmd
                0x00000000080006f4       0x40 StdPeriph_Driver/src/stm32f4xx_rcc.o
                0x00000000080006f4                RCC_APB1PeriphClockCmd
 .text.RCC_APB2PeriphClockCmd
                0x0000000008000734       0x40 StdPeriph_Driver/src/stm32f4xx_rcc.o
                0x0000000008000734                RCC_APB2PeriphClockCmd
 .text.SYSCFG_EXTILineConfig
                0x0000000008000774       0x84 StdPeriph_Driver/src/stm32f4xx_syscfg.o
                0x0000000008000774                SYSCFG_EXTILineConfig
 .text.USART_Init
                0x00000000080007f8      0x174 StdPeriph_Driver/src/stm32f4xx_usart.o
                0x00000000080007f8                USART_Init
 .text.USART_Cmd
                0x000000000800096c       0x40 StdPeriph_Driver/src/stm32f4xx_usart.o
                0x000000000800096c                USART_Cmd
 .text.vListInitialise
                0x00000000080009ac       0x40 Third-Party/FreeRTOS/org/Source/list.o
                0x00000000080009ac                vListInitialise
 .text.vListInitialiseItem
                0x00000000080009ec       0x1a Third-Party/FreeRTOS/org/Source/list.o
                0x00000000080009ec                vListInitialiseItem
 .text.vListInsertEnd
                0x0000000008000a06       0x48 Third-Party/FreeRTOS/org/Source/list.o
                0x0000000008000a06                vListInsertEnd
 .text.uxListRemove
                0x0000000008000a4e       0x54 Third-Party/FreeRTOS/org/Source/list.o
                0x0000000008000a4e                uxListRemove
 .text.xTaskCreate
                0x0000000008000aa2       0x82 Third-Party/FreeRTOS/org/Source/tasks.o
                0x0000000008000aa2                xTaskCreate
 .text.prvInitialiseNewTask
                0x0000000008000b24      0x126 Third-Party/FreeRTOS/org/Source/tasks.o
 *fill*         0x0000000008000c4a        0x2 
 .text.prvAddNewTaskToReadyList
                0x0000000008000c4c      0x118 Third-Party/FreeRTOS/org/Source/tasks.o
 .text.vTaskStartScheduler
                0x0000000008000d64       0xac Third-Party/FreeRTOS/org/Source/tasks.o
                0x0000000008000d64                vTaskStartScheduler
 .text.vTaskSuspendAll
                0x0000000008000e10       0x1c Third-Party/FreeRTOS/org/Source/tasks.o
                0x0000000008000e10                vTaskSuspendAll
 .text.xTaskResumeAll
                0x0000000008000e2c      0x140 Third-Party/FreeRTOS/org/Source/tasks.o
                0x0000000008000e2c                xTaskResumeAll
 .text.xTaskGetTickCountFromISR
                0x0000000008000f6c       0x24 Third-Party/FreeRTOS/org/Source/tasks.o
                0x0000000008000f6c                xTaskGetTickCountFromISR
 .text.xTaskIncrementTick
                0x0000000008000f90      0x178 Third-Party/FreeRTOS/org/Source/tasks.o
                0x0000000008000f90                xTaskIncrementTick
 .text.vTaskSwitchContext
                0x0000000008001108       0xd0 Third-Party/FreeRTOS/org/Source/tasks.o
                0x0000000008001108                vTaskSwitchContext
 .text.prvIdleTask
                0x00000000080011d8       0x30 Third-Party/FreeRTOS/org/Source/tasks.o
 .text.prvInitialiseTaskLists
                0x0000000008001208       0x80 Third-Party/FreeRTOS/org/Source/tasks.o
 .text.prvCheckTasksWaitingTermination
                0x0000000008001288       0x58 Third-Party/FreeRTOS/org/Source/tasks.o
 .text.prvDeleteTCB
                0x00000000080012e0       0x20 Third-Party/FreeRTOS/org/Source/tasks.o
 .text.prvResetNextTaskUnblockTime
                0x0000000008001300       0x40 Third-Party/FreeRTOS/org/Source/tasks.o
 .text.pxPortInitialiseStack
                0x0000000008001340       0x68 Third-Party/FreeRTOS/org/Source/portable/GCC/ARM_CM4F/port.o
                0x0000000008001340                pxPortInitialiseStack
 .text.prvTaskExitError
                0x00000000080013a8       0x54 Third-Party/FreeRTOS/org/Source/portable/GCC/ARM_CM4F/port.o
 *fill*         0x00000000080013fc        0x4 
 .text.SVC_Handler
                0x0000000008001400       0x28 Third-Party/FreeRTOS/org/Source/portable/GCC/ARM_CM4F/port.o
                0x0000000008001400                SVC_Handler
 .text.prvPortStartFirstTask
                0x0000000008001428       0x28 Third-Party/FreeRTOS/org/Source/portable/GCC/ARM_CM4F/port.o
 .text.xPortStartScheduler
                0x0000000008001450      0x13c Third-Party/FreeRTOS/org/Source/portable/GCC/ARM_CM4F/port.o
                0x0000000008001450                xPortStartScheduler
 .text.vPortEnterCritical
                0x000000000800158c       0x5c Third-Party/FreeRTOS/org/Source/portable/GCC/ARM_CM4F/port.o
                0x000000000800158c                vPortEnterCritical
 .text.vPortExitCritical
                0x00000000080015e8       0x50 Third-Party/FreeRTOS/org/Source/portable/GCC/ARM_CM4F/port.o
                0x00000000080015e8                vPortExitCritical
 *fill*         0x0000000008001638        0x8 
 .text.PendSV_Handler
                0x0000000008001640       0x68 Third-Party/FreeRTOS/org/Source/portable/GCC/ARM_CM4F/port.o
                0x0000000008001640                PendSV_Handler
 .text.SysTick_Handler
                0x00000000080016a8       0x54 Third-Party/FreeRTOS/org/Source/portable/GCC/ARM_CM4F/port.o
                0x00000000080016a8                SysTick_Handler
 .text.vPortSetupTimerInterrupt
                0x00000000080016fc       0x48 Third-Party/FreeRTOS/org/Source/portable/GCC/ARM_CM4F/port.o
                0x00000000080016fc                vPortSetupTimerInterrupt
 .text.vPortEnableVFP
                0x0000000008001744       0x14 Third-Party/FreeRTOS/org/Source/portable/GCC/ARM_CM4F/port.o
 .text.vPortValidateInterruptPriority
                0x0000000008001758       0x7c Third-Party/FreeRTOS/org/Source/portable/GCC/ARM_CM4F/port.o
                0x0000000008001758                vPortValidateInterruptPriority
 .text.pvPortMalloc
                0x00000000080017d4      0x184 Third-Party/FreeRTOS/org/Source/portable/MemMang/heap_4.o
                0x00000000080017d4                pvPortMalloc
 .text.vPortFree
                0x0000000008001958       0xb0 Third-Party/FreeRTOS/org/Source/portable/MemMang/heap_4.o
                0x0000000008001958                vPortFree
 .text.prvHeapInit
                0x0000000008001a08       0xc4 Third-Party/FreeRTOS/org/Source/portable/MemMang/heap_4.o
 .text.prvInsertBlockIntoFreeList
                0x0000000008001acc       0xb4 Third-Party/FreeRTOS/org/Source/portable/MemMang/heap_4.o
 .text._cbSendSystemDesc
                0x0000000008001b80       0x1c Third-Party/SEGGER/Config/SEGGER_SYSVIEW_Config_FreeRTOS.o
 .text.SEGGER_SYSVIEW_Conf
                0x0000000008001b9c       0x2c Third-Party/SEGGER/Config/SEGGER_SYSVIEW_Config_FreeRTOS.o
                0x0000000008001b9c                SEGGER_SYSVIEW_Conf
 .text._cbSendTaskList
                0x0000000008001bc8       0x90 Third-Party/SEGGER/OS/SEGGER_SYSVIEW_FreeRTOS.o
 .text._cbGetTime
                0x0000000008001c58       0x76 Third-Party/SEGGER/OS/SEGGER_SYSVIEW_FreeRTOS.o
 *fill*         0x0000000008001cce        0x2 
 .text.SYSVIEW_AddTask
                0x0000000008001cd0       0xd0 Third-Party/SEGGER/OS/SEGGER_SYSVIEW_FreeRTOS.o
                0x0000000008001cd0                SYSVIEW_AddTask
 .text.SYSVIEW_SendTaskInfo
                0x0000000008001da0       0x42 Third-Party/SEGGER/OS/SEGGER_SYSVIEW_FreeRTOS.o
                0x0000000008001da0                SYSVIEW_SendTaskInfo
 *fill*         0x0000000008001de2        0x2 
 .text._DoInit  0x0000000008001de4       0xa4 Third-Party/SEGGER/SEGGER/SEGGER_RTT.o
 .text.SEGGER_RTT_ReadNoLock
                0x0000000008001e88      0x104 Third-Party/SEGGER/SEGGER/SEGGER_RTT.o
                0x0000000008001e88                SEGGER_RTT_ReadNoLock
 .text.SEGGER_RTT_WriteSkipNoLock
                0x0000000008001f8c      0x120 Third-Party/SEGGER/SEGGER/SEGGER_RTT.o
                0x0000000008001f8c                SEGGER_RTT_WriteSkipNoLock
 .text.SEGGER_RTT_ConfigUpBuffer
                0x00000000080020ac       0xd4 Third-Party/SEGGER/SEGGER/SEGGER_RTT.o
                0x00000000080020ac                SEGGER_RTT_ConfigUpBuffer
 .text.SEGGER_RTT_ConfigDownBuffer
                0x0000000008002180       0xd4 Third-Party/SEGGER/SEGGER/SEGGER_RTT.o
                0x0000000008002180                SEGGER_RTT_ConfigDownBuffer
 .text._EncodeStr
                0x0000000008002254       0x9a Third-Party/SEGGER/SEGGER/SEGGER_SYSVIEW.o
 .text._PreparePacket
                0x00000000080022ee       0x18 Third-Party/SEGGER/SEGGER/SEGGER_SYSVIEW.o
 .text._HandleIncomingPacket
                0x0000000008002306       0xb8 Third-Party/SEGGER/SEGGER/SEGGER_SYSVIEW.o
 *fill*         0x00000000080023be        0x2 
 .text._TrySendOverflowPacket
                0x00000000080023c0       0xe0 Third-Party/SEGGER/SEGGER/SEGGER_SYSVIEW.o
 .text._SendPacket
                0x00000000080024a0      0x1a8 Third-Party/SEGGER/SEGGER/SEGGER_SYSVIEW.o
 .text.SEGGER_SYSVIEW_Init
                0x0000000008002648       0x7c Third-Party/SEGGER/SEGGER/SEGGER_SYSVIEW.o
                0x0000000008002648                SEGGER_SYSVIEW_Init
 .text.SEGGER_SYSVIEW_SetRAMBase
                0x00000000080026c4       0x20 Third-Party/SEGGER/SEGGER/SEGGER_SYSVIEW.o
                0x00000000080026c4                SEGGER_SYSVIEW_SetRAMBase
 .text.SEGGER_SYSVIEW_RecordVoid
                0x00000000080026e4       0x3c Third-Party/SEGGER/SEGGER/SEGGER_SYSVIEW.o
                0x00000000080026e4                SEGGER_SYSVIEW_RecordVoid
 .text.SEGGER_SYSVIEW_RecordU32
                0x0000000008002720       0x78 Third-Party/SEGGER/SEGGER/SEGGER_SYSVIEW.o
                0x0000000008002720                SEGGER_SYSVIEW_RecordU32
 .text.SEGGER_SYSVIEW_RecordU32x2
                0x0000000008002798       0xb4 Third-Party/SEGGER/SEGGER/SEGGER_SYSVIEW.o
                0x0000000008002798                SEGGER_SYSVIEW_RecordU32x2
 .text.SEGGER_SYSVIEW_Start
                0x000000000800284c      0x178 Third-Party/SEGGER/SEGGER/SEGGER_SYSVIEW.o
                0x000000000800284c                SEGGER_SYSVIEW_Start
 .text.SEGGER_SYSVIEW_Stop
                0x00000000080029c4       0x4c Third-Party/SEGGER/SEGGER/SEGGER_SYSVIEW.o
                0x00000000080029c4                SEGGER_SYSVIEW_Stop
 .text.SEGGER_SYSVIEW_GetSysDesc
                0x0000000008002a10      0x134 Third-Party/SEGGER/SEGGER/SEGGER_SYSVIEW.o
                0x0000000008002a10                SEGGER_SYSVIEW_GetSysDesc
 .text.SEGGER_SYSVIEW_SendTaskInfo
                0x0000000008002b44      0x1cc Third-Party/SEGGER/SEGGER/SEGGER_SYSVIEW.o
                0x0000000008002b44                SEGGER_SYSVIEW_SendTaskInfo
 .text.SEGGER_SYSVIEW_SendTaskList
                0x0000000008002d10       0x28 Third-Party/SEGGER/SEGGER/SEGGER_SYSVIEW.o
                0x0000000008002d10                SEGGER_SYSVIEW_SendTaskList
 .text.SEGGER_SYSVIEW_SendSysDesc
                0x0000000008002d38       0x48 Third-Party/SEGGER/SEGGER/SEGGER_SYSVIEW.o
                0x0000000008002d38                SEGGER_SYSVIEW_SendSysDesc
 .text.SEGGER_SYSVIEW_RecordSystime
                0x0000000008002d80       0x60 Third-Party/SEGGER/SEGGER/SEGGER_SYSVIEW.o
                0x0000000008002d80                SEGGER_SYSVIEW_RecordSystime
 .text.SEGGER_SYSVIEW_RecordEnterISR
                0x0000000008002de0       0x84 Third-Party/SEGGER/SEGGER/SEGGER_SYSVIEW.o
                0x0000000008002de0                SEGGER_SYSVIEW_RecordEnterISR
 .text.SEGGER_SYSVIEW_RecordExitISR
                0x0000000008002e64       0x38 Third-Party/SEGGER/SEGGER/SEGGER_SYSVIEW.o
                0x0000000008002e64                SEGGER_SYSVIEW_RecordExitISR
 .text.SEGGER_SYSVIEW_RecordExitISRToScheduler
                0x0000000008002e9c       0x38 Third-Party/SEGGER/SEGGER/SEGGER_SYSVIEW.o
                0x0000000008002e9c                SEGGER_SYSVIEW_RecordExitISRToScheduler
 .text.SEGGER_SYSVIEW_OnIdle
                0x0000000008002ed4       0x38 Third-Party/SEGGER/SEGGER/SEGGER_SYSVIEW.o
                0x0000000008002ed4                SEGGER_SYSVIEW_OnIdle
 .text.SEGGER_SYSVIEW_OnTaskCreate
                0x0000000008002f0c       0x88 Third-Party/SEGGER/SEGGER/SEGGER_SYSVIEW.o
                0x0000000008002f0c                SEGGER_SYSVIEW_OnTaskCreate
 .text.SEGGER_SYSVIEW_OnTaskStartExec
                0x0000000008002f94       0x88 Third-Party/SEGGER/SEGGER/SEGGER_SYSVIEW.o
                0x0000000008002f94                SEGGER_SYSVIEW_OnTaskStartExec
 .text.SEGGER_SYSVIEW_OnTaskStartReady
                0x000000000800301c       0x88 Third-Party/SEGGER/SEGGER/SEGGER_SYSVIEW.o
                0x000000000800301c                SEGGER_SYSVIEW_OnTaskStartReady
 .text.SEGGER_SYSVIEW_SendModule
                0x00000000080030a4      0x100 Third-Party/SEGGER/SEGGER/SEGGER_SYSVIEW.o
                0x00000000080030a4                SEGGER_SYSVIEW_SendModule
 .text.SEGGER_SYSVIEW_SendModuleDescription
                0x00000000080031a4       0x3c Third-Party/SEGGER/SEGGER/SEGGER_SYSVIEW.o
                0x00000000080031a4                SEGGER_SYSVIEW_SendModuleDescription
 .text.SEGGER_SYSVIEW_SendNumModules
                0x00000000080031e0       0x7c Third-Party/SEGGER/SEGGER/SEGGER_SYSVIEW.o
                0x00000000080031e0                SEGGER_SYSVIEW_SendNumModules
 .text.SEGGER_SYSVIEW_Warn
                0x000000000800325c       0xb8 Third-Party/SEGGER/SEGGER/SEGGER_SYSVIEW.o
                0x000000000800325c                SEGGER_SYSVIEW_Warn
 .text.NVIC_EnableIRQ
                0x0000000008003314       0x34 src/main.o
 .text.NVIC_SetPriority
                0x0000000008003348       0x54 src/main.o
 .text.main     0x000000000800339c       0x4c src/main.o
                0x000000000800339c                main
 .text.led_task_handler
                0x00000000080033e8       0x30 src/main.o
                0x00000000080033e8                led_task_handler
 .text.button_handler
                0x0000000008003418       0x20 src/main.o
                0x0000000008003418                button_handler
 .text.prvSetupHardware
                0x0000000008003438       0x10 src/main.o
 .text.prvSetupUart
                0x0000000008003448       0x9c src/main.o
 .text.prvSetupGpio
                0x00000000080034e4       0xa0 src/main.o
                0x00000000080034e4                prvSetupGpio
 .text.EXTI15_10_IRQHandler
                0x0000000008003584       0x1c src/main.o
                0x0000000008003584                EXTI15_10_IRQHandler
 .text.SystemInit
                0x00000000080035a0       0x6c src/system_stm32f4xx.o
                0x00000000080035a0                SystemInit
 .text.SystemCoreClockUpdate
                0x000000000800360c       0xf8 src/system_stm32f4xx.o
                0x000000000800360c                SystemCoreClockUpdate
 .text.SetSysClock
                0x0000000008003704      0x12c src/system_stm32f4xx.o
 .text.Reset_Handler
                0x0000000008003830       0x50 startup/startup_stm32.o
                0x0000000008003830                Reset_Handler
 .text.Default_Handler
                0x0000000008003880        0x2 startup/startup_stm32.o
                0x0000000008003880                RTC_Alarm_IRQHandler
                0x0000000008003880                EXTI2_IRQHandler
                0x0000000008003880                TIM8_CC_IRQHandler
                0x0000000008003880                SPDIF_Rx_IRQHandler
                0x0000000008003880                DebugMon_Handler
                0x0000000008003880                SPI4_IRQHandler
                0x0000000008003880                TIM1_CC_IRQHandler
                0x0000000008003880                QuadSPI_IRQHandler
                0x0000000008003880                DMA2_Stream5_IRQHandler
                0x0000000008003880                HardFault_Handler
                0x0000000008003880                DMA1_Stream5_IRQHandler
                0x0000000008003880                PVD_IRQHandler
                0x0000000008003880                SDIO_IRQHandler
                0x0000000008003880                TAMP_STAMP_IRQHandler
                0x0000000008003880                NMI_Handler
                0x0000000008003880                CAN2_RX1_IRQHandler
                0x0000000008003880                EXTI3_IRQHandler
                0x0000000008003880                TIM8_TRG_COM_TIM14_IRQHandler
                0x0000000008003880                TIM1_UP_TIM10_IRQHandler
                0x0000000008003880                FMPI2C1_error_IRQHandler
                0x0000000008003880                TIM8_UP_TIM13_IRQHandler
                0x0000000008003880                I2C3_ER_IRQHandler
                0x0000000008003880                EXTI0_IRQHandler
                0x0000000008003880                I2C2_EV_IRQHandler
                0x0000000008003880                DMA1_Stream2_IRQHandler
                0x0000000008003880                CAN1_RX0_IRQHandler
                0x0000000008003880                FPU_IRQHandler
                0x0000000008003880                OTG_HS_WKUP_IRQHandler
                0x0000000008003880                UsageFault_Handler
                0x0000000008003880                CAN2_SCE_IRQHandler
                0x0000000008003880                DMA2_Stream2_IRQHandler
                0x0000000008003880                SPI1_IRQHandler
                0x0000000008003880                TIM6_DAC_IRQHandler
                0x0000000008003880                TIM1_BRK_TIM9_IRQHandler
                0x0000000008003880                DCMI_IRQHandler
                0x0000000008003880                CAN2_RX0_IRQHandler
                0x0000000008003880                DMA2_Stream3_IRQHandler
                0x0000000008003880                FMPI2C1_IRQHandler
                0x0000000008003880                SAI2_IRQHandler
                0x0000000008003880                USART6_IRQHandler
                0x0000000008003880                USART3_IRQHandler
                0x0000000008003880                CAN1_RX1_IRQHandler
                0x0000000008003880                UART5_IRQHandler
                0x0000000008003880                DMA2_Stream0_IRQHandler
                0x0000000008003880                TIM4_IRQHandler
                0x0000000008003880                I2C1_EV_IRQHandler
                0x0000000008003880                HDMI_CEC_IRQHandler
                0x0000000008003880                DMA1_Stream6_IRQHandler
                0x0000000008003880                DMA1_Stream1_IRQHandler
                0x0000000008003880                UART4_IRQHandler
                0x0000000008003880                TIM3_IRQHandler
                0x0000000008003880                RCC_IRQHandler
                0x0000000008003880                TIM8_BRK_TIM12_IRQHandler
                0x0000000008003880                Default_Handler
                0x0000000008003880                ADC_IRQHandler
                0x0000000008003880                DMA1_Stream7_IRQHandler
                0x0000000008003880                TIM7_IRQHandler
                0x0000000008003880                CAN2_TX_IRQHandler
                0x0000000008003880                TIM5_IRQHandler
                0x0000000008003880                DMA2_Stream7_IRQHandler
                0x0000000008003880                I2C3_EV_IRQHandler
                0x0000000008003880                EXTI9_5_IRQHandler
                0x0000000008003880                RTC_WKUP_IRQHandler
                0x0000000008003880                SPI2_IRQHandler
                0x0000000008003880                OTG_HS_EP1_IN_IRQHandler
                0x0000000008003880                MemManage_Handler
                0x0000000008003880                DMA1_Stream0_IRQHandler
                0x0000000008003880                CAN1_TX_IRQHandler
                0x0000000008003880                EXTI4_IRQHandler
                0x0000000008003880                OTG_HS_EP1_OUT_IRQHandler
                0x0000000008003880                WWDG_IRQHandler
                0x0000000008003880                TIM2_IRQHandler
                0x0000000008003880                OTG_FS_WKUP_IRQHandler
                0x0000000008003880                TIM1_TRG_COM_TIM11_IRQHandler
                0x0000000008003880                OTG_HS_IRQHandler
                0x0000000008003880                EXTI1_IRQHandler
                0x0000000008003880                USART2_IRQHandler
                0x0000000008003880                I2C2_ER_IRQHandler
                0x0000000008003880                DMA2_Stream1_IRQHandler
                0x0000000008003880                CAN1_SCE_IRQHandler
                0x0000000008003880                FLASH_IRQHandler
                0x0000000008003880                DMA2_Stream4_IRQHandler
                0x0000000008003880                BusFault_Handler
                0x0000000008003880                USART1_IRQHandler
                0x0000000008003880                OTG_FS_IRQHandler
                0x0000000008003880                SPI3_IRQHandler
                0x0000000008003880                DMA1_Stream4_IRQHandler
                0x0000000008003880                I2C1_ER_IRQHandler
                0x0000000008003880                FMC_IRQHandler
                0x0000000008003880                DMA2_Stream6_IRQHandler
                0x0000000008003880                SAI1_IRQHandler
                0x0000000008003880                DMA1_Stream3_IRQHandler
 *fill*         0x0000000008003882        0x2 
 .text.__libc_init_array
                0x0000000008003884       0x48 c:/st/stm32cubeide_1.3.0/stm32cubeide/plugins/com.st.stm32cube.ide.mcu.externaltools.gnu-tools-for-stm32.7-2018-q2-update.win32_1.5.0.202011040924/tools/bin/../lib/gcc/arm-none-eabi/7.3.1/../../../../arm-none-eabi/lib/thumb/v7e-m/fpv4-sp/hard\libc_nano.a(lib_a-init.o)
                0x0000000008003884                __libc_init_array
 .text.memcmp   0x00000000080038cc       0x1e c:/st/stm32cubeide_1.3.0/stm32cubeide/plugins/com.st.stm32cube.ide.mcu.externaltools.gnu-tools-for-stm32.7-2018-q2-update.win32_1.5.0.202011040924/tools/bin/../lib/gcc/arm-none-eabi/7.3.1/../../../../arm-none-eabi/lib/thumb/v7e-m/fpv4-sp/hard\libc_nano.a(lib_a-memcmp.o)
                0x00000000080038cc                memcmp
 .text.memcpy   0x00000000080038ea       0x16 c:/st/stm32cubeide_1.3.0/stm32cubeide/plugins/com.st.stm32cube.ide.mcu.externaltools.gnu-tools-for-stm32.7-2018-q2-update.win32_1.5.0.202011040924/tools/bin/../lib/gcc/arm-none-eabi/7.3.1/../../../../arm-none-eabi/lib/thumb/v7e-m/fpv4-sp/hard\libc_nano.a(lib_a-memcpy-stub.o)
                0x00000000080038ea                memcpy
 .text.memset   0x0000000008003900       0x10 c:/st/stm32cubeide_1.3.0/stm32cubeide/plugins/com.st.stm32cube.ide.mcu.externaltools.gnu-tools-for-stm32.7-2018-q2-update.win32_1.5.0.202011040924/tools/bin/../lib/gcc/arm-none-eabi/7.3.1/../../../../arm-none-eabi/lib/thumb/v7e-m/fpv4-sp/hard\libc_nano.a(lib_a-memset.o)
                0x0000000008003900                memset
 *(.glue_7)
 .glue_7        0x0000000008003910        0x0 linker stubs
 *(.glue_7t)
 .glue_7t       0x0000000008003910        0x0 linker stubs
 *(.eh_frame)
 .eh_frame      0x0000000008003910        0x0 c:/st/stm32cubeide_1.3.0/stm32cubeide/plugins/com.st.stm32cube.ide.mcu.externaltools.gnu-tools-for-stm32.7-2018-q2-update.win32_1.5.0.202011040924/tools/bin/../lib/gcc/arm-none-eabi/7.3.1/thumb/v7e-m/fpv4-sp/hard/crtbegin.o
 *(.init)
 .init          0x0000000008003910        0x4 c:/st/stm32cubeide_1.3.0/stm32cubeide/plugins/com.st.stm32cube.ide.mcu.externaltools.gnu-tools-for-stm32.7-2018-q2-update.win32_1.5.0.202011040924/tools/bin/../lib/gcc/arm-none-eabi/7.3.1/thumb/v7e-m/fpv4-sp/hard/crti.o
                0x0000000008003910                _init
 .init          0x0000000008003914        0x8 c:/st/stm32cubeide_1.3.0/stm32cubeide/plugins/com.st.stm32cube.ide.mcu.externaltools.gnu-tools-for-stm32.7-2018-q2-update.win32_1.5.0.202011040924/tools/bin/../lib/gcc/arm-none-eabi/7.3.1/thumb/v7e-m/fpv4-sp/hard/crtn.o
 *(.fini)
 .fini          0x000000000800391c        0x4 c:/st/stm32cubeide_1.3.0/stm32cubeide/plugins/com.st.stm32cube.ide.mcu.externaltools.gnu-tools-for-stm32.7-2018-q2-update.win32_1.5.0.202011040924/tools/bin/../lib/gcc/arm-none-eabi/7.3.1/thumb/v7e-m/fpv4-sp/hard/crti.o
                0x000000000800391c                _fini
 .fini          0x0000000008003920        0x8 c:/st/stm32cubeide_1.3.0/stm32cubeide/plugins/com.st.stm32cube.ide.mcu.externaltools.gnu-tools-for-stm32.7-2018-q2-update.win32_1.5.0.202011040924/tools/bin/../lib/gcc/arm-none-eabi/7.3.1/thumb/v7e-m/fpv4-sp/hard/crtn.o
                0x0000000008003928                . = ALIGN (0x4)
                0x0000000008003928                _etext = .

.vfp11_veneer   0x0000000008003928        0x0
 .vfp11_veneer  0x0000000008003928        0x0 linker stubs

.v4_bx          0x0000000008003928        0x0
 .v4_bx         0x0000000008003928        0x0 linker stubs

.iplt           0x0000000008003928        0x0
 .iplt          0x0000000008003928        0x0 c:/st/stm32cubeide_1.3.0/stm32cubeide/plugins/com.st.stm32cube.ide.mcu.externaltools.gnu-tools-for-stm32.7-2018-q2-update.win32_1.5.0.202011040924/tools/bin/../lib/gcc/arm-none-eabi/7.3.1/thumb/v7e-m/fpv4-sp/hard/crtbegin.o

.rodata         0x0000000008003928       0xf8
                0x0000000008003928                . = ALIGN (0x4)
 *(.rodata)
 .rodata        0x0000000008003928        0x5 Third-Party/FreeRTOS/org/Source/tasks.o
 *fill*         0x000000000800392d        0x3 
 .rodata        0x0000000008003930       0x55 Third-Party/SEGGER/Config/SEGGER_SYSVIEW_Config_FreeRTOS.o
 *fill*         0x0000000008003985        0x3 
 .rodata        0x0000000008003988       0x58 Third-Party/SEGGER/OS/SEGGER_SYSVIEW_FreeRTOS.o
 .rodata        0x00000000080039e0       0x17 Third-Party/SEGGER/SEGGER/SEGGER_RTT.o
 *fill*         0x00000000080039f7        0x1 
 .rodata        0x00000000080039f8        0x8 Third-Party/SEGGER/SEGGER/SEGGER_SYSVIEW.o
 .rodata        0x0000000008003a00        0x9 src/main.o
 *(.rodata*)
 *fill*         0x0000000008003a09        0x3 
 .rodata.SYSVIEW_X_OS_TraceAPI
                0x0000000008003a0c        0x8 Third-Party/SEGGER/OS/SEGGER_SYSVIEW_FreeRTOS.o
                0x0000000008003a0c                SYSVIEW_X_OS_TraceAPI
 .rodata._abSync
                0x0000000008003a14        0xa Third-Party/SEGGER/SEGGER/SEGGER_SYSVIEW.o
                0x0000000008003a20                . = ALIGN (0x4)
 *fill*         0x0000000008003a1e        0x2 

.rel.dyn        0x0000000008003a20        0x0
 .rel.iplt      0x0000000008003a20        0x0 c:/st/stm32cubeide_1.3.0/stm32cubeide/plugins/com.st.stm32cube.ide.mcu.externaltools.gnu-tools-for-stm32.7-2018-q2-update.win32_1.5.0.202011040924/tools/bin/../lib/gcc/arm-none-eabi/7.3.1/thumb/v7e-m/fpv4-sp/hard/crtbegin.o

.ARM.extab      0x0000000008003a20        0x0
                0x0000000008003a20                . = ALIGN (0x4)
 *(.ARM.extab* .gnu.linkonce.armextab.*)
                0x0000000008003a20                . = ALIGN (0x4)

.ARM            0x0000000008003a20        0x0
                0x0000000008003a20                . = ALIGN (0x4)
                0x0000000008003a20                __exidx_start = .
 *(.ARM.exidx*)
                0x0000000008003a20                __exidx_end = .
                0x0000000008003a20                . = ALIGN (0x4)

.preinit_array  0x0000000008003a20        0x0
                0x0000000008003a20                . = ALIGN (0x4)
                0x0000000008003a20                PROVIDE (__preinit_array_start = .)
 *(.preinit_array*)
                0x0000000008003a20                PROVIDE (__preinit_array_end = .)
                0x0000000008003a20                . = ALIGN (0x4)

.init_array     0x0000000008003a20        0x4
                0x0000000008003a20                . = ALIGN (0x4)
                0x0000000008003a20                PROVIDE (__init_array_start = .)
 *(SORT_BY_NAME(.init_array.*))
 *(.init_array*)
 .init_array    0x0000000008003a20        0x4 c:/st/stm32cubeide_1.3.0/stm32cubeide/plugins/com.st.stm32cube.ide.mcu.externaltools.gnu-tools-for-stm32.7-2018-q2-update.win32_1.5.0.202011040924/tools/bin/../lib/gcc/arm-none-eabi/7.3.1/thumb/v7e-m/fpv4-sp/hard/crtbegin.o
                0x0000000008003a24                PROVIDE (__init_array_end = .)
                0x0000000008003a24                . = ALIGN (0x4)

.fini_array     0x0000000008003a24        0x4
                0x0000000008003a24                . = ALIGN (0x4)
                [!provide]                        PROVIDE (__fini_array_start = .)
 *(SORT_BY_NAME(.fini_array.*))
 *(.fini_array*)
 .fini_array    0x0000000008003a24        0x4 c:/st/stm32cubeide_1.3.0/stm32cubeide/plugins/com.st.stm32cube.ide.mcu.externaltools.gnu-tools-for-stm32.7-2018-q2-update.win32_1.5.0.202011040924/tools/bin/../lib/gcc/arm-none-eabi/7.3.1/thumb/v7e-m/fpv4-sp/hard/crtbegin.o
                [!provide]                        PROVIDE (__fini_array_end = .)
                0x0000000008003a28                . = ALIGN (0x4)
                0x0000000008003a28                _sidata = LOADADDR (.data)

.data           0x0000000020000000       0x28 load address 0x0000000008003a28
                0x0000000020000000                . = ALIGN (0x4)
                0x0000000020000000                _sdata = .
 *(.data)
 *(.data*)
 .data.APBAHBPrescTable
                0x0000000020000000       0x10 StdPeriph_Driver/src/stm32f4xx_rcc.o
 .data.uxCriticalNesting
                0x0000000020000010        0x4 Third-Party/FreeRTOS/org/Source/portable/GCC/ARM_CM4F/port.o
 .data.SystemCoreClock
                0x0000000020000014        0x4 src/system_stm32f4xx.o
                0x0000000020000014                SystemCoreClock
 .data.AHBPrescTable
                0x0000000020000018       0x10 src/system_stm32f4xx.o
                0x0000000020000018                AHBPrescTable
 *(.RamFunc)
 *(.RamFunc*)
                0x0000000020000028                . = ALIGN (0x4)
                0x0000000020000028                _edata = .

.igot.plt       0x0000000020000028        0x0 load address 0x0000000008003a50
 .igot.plt      0x0000000020000028        0x0 c:/st/stm32cubeide_1.3.0/stm32cubeide/plugins/com.st.stm32cube.ide.mcu.externaltools.gnu-tools-for-stm32.7-2018-q2-update.win32_1.5.0.202011040924/tools/bin/../lib/gcc/arm-none-eabi/7.3.1/thumb/v7e-m/fpv4-sp/hard/crtbegin.o
                0x0000000020000028                . = ALIGN (0x4)

.bss            0x0000000020000028    0x173b8 load address 0x0000000008003a50
                0x0000000020000028                _sbss = .
                0x0000000020000028                __bss_start__ = _sbss
 *(.bss)
 .bss           0x0000000020000028       0x1c c:/st/stm32cubeide_1.3.0/stm32cubeide/plugins/com.st.stm32cube.ide.mcu.externaltools.gnu-tools-for-stm32.7-2018-q2-update.win32_1.5.0.202011040924/tools/bin/../lib/gcc/arm-none-eabi/7.3.1/thumb/v7e-m/fpv4-sp/hard/crtbegin.o
 *(.bss*)
 .bss.pxCurrentTCB
                0x0000000020000044        0x4 Third-Party/FreeRTOS/org/Source/tasks.o
                0x0000000020000044                pxCurrentTCB
 .bss.pxReadyTasksLists
                0x0000000020000048       0x64 Third-Party/FreeRTOS/org/Source/tasks.o
 .bss.xDelayedTaskList1
                0x00000000200000ac       0x14 Third-Party/FreeRTOS/org/Source/tasks.o
 .bss.xDelayedTaskList2
                0x00000000200000c0       0x14 Third-Party/FreeRTOS/org/Source/tasks.o
 .bss.pxDelayedTaskList
                0x00000000200000d4        0x4 Third-Party/FreeRTOS/org/Source/tasks.o
 .bss.pxOverflowDelayedTaskList
                0x00000000200000d8        0x4 Third-Party/FreeRTOS/org/Source/tasks.o
 .bss.xPendingReadyList
                0x00000000200000dc       0x14 Third-Party/FreeRTOS/org/Source/tasks.o
 .bss.xTasksWaitingTermination
                0x00000000200000f0       0x14 Third-Party/FreeRTOS/org/Source/tasks.o
 .bss.uxDeletedTasksWaitingCleanUp
                0x0000000020000104        0x4 Third-Party/FreeRTOS/org/Source/tasks.o
 .bss.xSuspendedTaskList
                0x0000000020000108       0x14 Third-Party/FreeRTOS/org/Source/tasks.o
 .bss.uxCurrentNumberOfTasks
                0x000000002000011c        0x4 Third-Party/FreeRTOS/org/Source/tasks.o
 .bss.xTickCount
                0x0000000020000120        0x4 Third-Party/FreeRTOS/org/Source/tasks.o
 .bss.uxTopReadyPriority
                0x0000000020000124        0x4 Third-Party/FreeRTOS/org/Source/tasks.o
 .bss.xSchedulerRunning
                0x0000000020000128        0x4 Third-Party/FreeRTOS/org/Source/tasks.o
 .bss.uxPendedTicks
                0x000000002000012c        0x4 Third-Party/FreeRTOS/org/Source/tasks.o
 .bss.xYieldPending
                0x0000000020000130        0x4 Third-Party/FreeRTOS/org/Source/tasks.o
 .bss.xNumOfOverflows
                0x0000000020000134        0x4 Third-Party/FreeRTOS/org/Source/tasks.o
 .bss.uxTaskNumber
                0x0000000020000138        0x4 Third-Party/FreeRTOS/org/Source/tasks.o
 .bss.xNextTaskUnblockTime
                0x000000002000013c        0x4 Third-Party/FreeRTOS/org/Source/tasks.o
 .bss.xIdleTaskHandle
                0x0000000020000140        0x4 Third-Party/FreeRTOS/org/Source/tasks.o
 .bss.uxSchedulerSuspended
                0x0000000020000144        0x4 Third-Party/FreeRTOS/org/Source/tasks.o
 .bss.ucMaxSysCallPriority
                0x0000000020000148        0x1 Third-Party/FreeRTOS/org/Source/portable/GCC/ARM_CM4F/port.o
 *fill*         0x0000000020000149        0x3 
 .bss.ulMaxPRIGROUPValue
                0x000000002000014c        0x4 Third-Party/FreeRTOS/org/Source/portable/GCC/ARM_CM4F/port.o
 .bss.ucHeap    0x0000000020000150    0x12c00 Third-Party/FreeRTOS/org/Source/portable/MemMang/heap_4.o
 .bss.xStart    0x0000000020012d50        0x8 Third-Party/FreeRTOS/org/Source/portable/MemMang/heap_4.o
 .bss.pxEnd     0x0000000020012d58        0x4 Third-Party/FreeRTOS/org/Source/portable/MemMang/heap_4.o
 .bss.xFreeBytesRemaining
                0x0000000020012d5c        0x4 Third-Party/FreeRTOS/org/Source/portable/MemMang/heap_4.o
 .bss.xMinimumEverFreeBytesRemaining
                0x0000000020012d60        0x4 Third-Party/FreeRTOS/org/Source/portable/MemMang/heap_4.o
 .bss.xBlockAllocatedBit
                0x0000000020012d64        0x4 Third-Party/FreeRTOS/org/Source/portable/MemMang/heap_4.o
 .bss._aTasks   0x0000000020012d68       0xa0 Third-Party/SEGGER/OS/SEGGER_SYSVIEW_FreeRTOS.o
 .bss._NumTasks
                0x0000000020012e08        0x4 Third-Party/SEGGER/OS/SEGGER_SYSVIEW_FreeRTOS.o
 .bss._acUpBuffer
                0x0000000020012e0c      0x400 Third-Party/SEGGER/SEGGER/SEGGER_RTT.o
 .bss._acDownBuffer
                0x000000002001320c       0x10 Third-Party/SEGGER/SEGGER/SEGGER_RTT.o
 .bss._UpBuffer
                0x000000002001321c     0x4000 Third-Party/SEGGER/SEGGER/SEGGER_SYSVIEW.o
 .bss._DownBuffer
                0x000000002001721c        0x8 Third-Party/SEGGER/SEGGER/SEGGER_SYSVIEW.o
 .bss._SYSVIEW_Globals
                0x0000000020017224       0x28 Third-Party/SEGGER/SEGGER/SEGGER_SYSVIEW.o
 .bss._pFirstModule
                0x000000002001724c        0x4 Third-Party/SEGGER/SEGGER/SEGGER_SYSVIEW.o
 .bss._NumModules
                0x0000000020017250        0x1 Third-Party/SEGGER/SEGGER/SEGGER_SYSVIEW.o
 *fill*         0x0000000020017251        0x3 
 .bss._aPacket  0x0000000020017254       0xe3 Third-Party/SEGGER/SEGGER/SEGGER_SYSVIEW.o
 .bss.button_status_flag
                0x0000000020017337        0x1 src/main.o
                0x0000000020017337                button_status_flag
 *(COMMON)
 COMMON         0x0000000020017338       0xa8 Third-Party/SEGGER/SEGGER/SEGGER_RTT.o
                0x0000000020017338                _SEGGER_RTT
                0x00000000200173e0                . = ALIGN (0x4)
                0x00000000200173e0                _ebss = .
                0x00000000200173e0                __bss_end__ = _ebss

._user_heap_stack
                0x00000000200173e0      0x600 load address 0x0000000008003a50
                0x00000000200173e0                . = ALIGN (0x8)
                0x00000000200173e0                PROVIDE (end = .)
                [!provide]                        PROVIDE (_end = .)
                0x00000000200175e0                . = (. + _Min_Heap_Size)
 *fill*         0x00000000200173e0      0x200 
                0x00000000200179e0                . = (. + _Min_Stack_Size)
 *fill*         0x00000000200175e0      0x400 
                0x00000000200179e0                . = ALIGN (0x8)

/DISCARD/
 libc.a(*)
 libm.a(*)
 libgcc.a(*)

.ARM.attributes
                0x0000000000000000       0x30
 *(.ARM.attributes)
 .ARM.attributes
                0x0000000000000000       0x22 c:/st/stm32cubeide_1.3.0/stm32cubeide/plugins/com.st.stm32cube.ide.mcu.externaltools.gnu-tools-for-stm32.7-2018-q2-update.win32_1.5.0.202011040924/tools/bin/../lib/gcc/arm-none-eabi/7.3.1/thumb/v7e-m/fpv4-sp/hard/crti.o
 .ARM.attributes
                0x0000000000000022       0x34 c:/st/stm32cubeide_1.3.0/stm32cubeide/plugins/com.st.stm32cube.ide.mcu.externaltools.gnu-tools-for-stm32.7-2018-q2-update.win32_1.5.0.202011040924/tools/bin/../lib/gcc/arm-none-eabi/7.3.1/thumb/v7e-m/fpv4-sp/hard/crtbegin.o
 .ARM.attributes
                0x0000000000000056       0x39 StdPeriph_Driver/src/stm32f4xx_exti.o
 .ARM.attributes
                0x000000000000008f       0x39 StdPeriph_Driver/src/stm32f4xx_gpio.o
 .ARM.attributes
                0x00000000000000c8       0x39 StdPeriph_Driver/src/stm32f4xx_rcc.o
 .ARM.attributes
                0x0000000000000101       0x39 StdPeriph_Driver/src/stm32f4xx_syscfg.o
 .ARM.attributes
                0x000000000000013a       0x39 StdPeriph_Driver/src/stm32f4xx_usart.o
 .ARM.attributes
                0x0000000000000173       0x39 Third-Party/FreeRTOS/org/Source/list.o
 .ARM.attributes
                0x00000000000001ac       0x39 Third-Party/FreeRTOS/org/Source/tasks.o
 .ARM.attributes
                0x00000000000001e5       0x39 Third-Party/FreeRTOS/org/Source/portable/GCC/ARM_CM4F/port.o
 .ARM.attributes
                0x000000000000021e       0x39 Third-Party/FreeRTOS/org/Source/portable/MemMang/heap_4.o
 .ARM.attributes
                0x0000000000000257       0x39 Third-Party/SEGGER/Config/SEGGER_SYSVIEW_Config_FreeRTOS.o
 .ARM.attributes
                0x0000000000000290       0x39 Third-Party/SEGGER/OS/SEGGER_SYSVIEW_FreeRTOS.o
 .ARM.attributes
                0x00000000000002c9       0x39 Third-Party/SEGGER/SEGGER/SEGGER_RTT.o
 .ARM.attributes
                0x0000000000000302       0x39 Third-Party/SEGGER/SEGGER/SEGGER_SYSVIEW.o
 .ARM.attributes
                0x000000000000033b       0x39 src/main.o
 .ARM.attributes
                0x0000000000000374       0x39 src/system_stm32f4xx.o
 .ARM.attributes
                0x00000000000003ad       0x21 startup/startup_stm32.o
 .ARM.attributes
                0x00000000000003ce       0x34 c:/st/stm32cubeide_1.3.0/stm32cubeide/plugins/com.st.stm32cube.ide.mcu.externaltools.gnu-tools-for-stm32.7-2018-q2-update.win32_1.5.0.202011040924/tools/bin/../lib/gcc/arm-none-eabi/7.3.1/../../../../arm-none-eabi/lib/thumb/v7e-m/fpv4-sp/hard\libc_nano.a(lib_a-init.o)
 .ARM.attributes
                0x0000000000000402       0x34 c:/st/stm32cubeide_1.3.0/stm32cubeide/plugins/com.st.stm32cube.ide.mcu.externaltools.gnu-tools-for-stm32.7-2018-q2-update.win32_1.5.0.202011040924/tools/bin/../lib/gcc/arm-none-eabi/7.3.1/../../../../arm-none-eabi/lib/thumb/v7e-m/fpv4-sp/hard\libc_nano.a(lib_a-memcmp.o)
 .ARM.attributes
                0x0000000000000436       0x34 c:/st/stm32cubeide_1.3.0/stm32cubeide/plugins/com.st.stm32cube.ide.mcu.externaltools.gnu-tools-for-stm32.7-2018-q2-update.win32_1.5.0.202011040924/tools/bin/../lib/gcc/arm-none-eabi/7.3.1/../../../../arm-none-eabi/lib/thumb/v7e-m/fpv4-sp/hard\libc_nano.a(lib_a-memcpy-stub.o)
 .ARM.attributes
                0x000000000000046a       0x34 c:/st/stm32cubeide_1.3.0/stm32cubeide/plugins/com.st.stm32cube.ide.mcu.externaltools.gnu-tools-for-stm32.7-2018-q2-update.win32_1.5.0.202011040924/tools/bin/../lib/gcc/arm-none-eabi/7.3.1/../../../../arm-none-eabi/lib/thumb/v7e-m/fpv4-sp/hard\libc_nano.a(lib_a-memset.o)
 .ARM.attributes
                0x000000000000049e       0x22 c:/st/stm32cubeide_1.3.0/stm32cubeide/plugins/com.st.stm32cube.ide.mcu.externaltools.gnu-tools-for-stm32.7-2018-q2-update.win32_1.5.0.202011040924/tools/bin/../lib/gcc/arm-none-eabi/7.3.1/thumb/v7e-m/fpv4-sp/hard/crtn.o
OUTPUT(STM32_FreeRTOS_Led_and_Button_IT.elf elf32-littlearm)

.debug_info     0x0000000000000000     0xe097
 .debug_info    0x0000000000000000      0x358 StdPeriph_Driver/src/stm32f4xx_exti.o
 .debug_info    0x0000000000000358      0x62b StdPeriph_Driver/src/stm32f4xx_gpio.o
 .debug_info    0x0000000000000983      0xe76 StdPeriph_Driver/src/stm32f4xx_rcc.o
 .debug_info    0x00000000000017f9      0x2a6 StdPeriph_Driver/src/stm32f4xx_syscfg.o
 .debug_info    0x0000000000001a9f      0x9d4 StdPeriph_Driver/src/stm32f4xx_usart.o
 .debug_info    0x0000000000002473      0xacb Third-Party/FreeRTOS/org/Source/list.o
 .debug_info    0x0000000000002f3e     0x2723 Third-Party/FreeRTOS/org/Source/tasks.o
 .debug_info    0x0000000000005661      0x533 Third-Party/FreeRTOS/org/Source/portable/GCC/ARM_CM4F/port.o
 .debug_info    0x0000000000005b94      0xbec Third-Party/FreeRTOS/org/Source/portable/MemMang/heap_4.o
 .debug_info    0x0000000000006780      0x10f Third-Party/SEGGER/Config/SEGGER_SYSVIEW_Config_FreeRTOS.o
 .debug_info    0x000000000000688f      0xb7d Third-Party/SEGGER/OS/SEGGER_SYSVIEW_FreeRTOS.o
 .debug_info    0x000000000000740c     0x16a9 Third-Party/SEGGER/SEGGER/SEGGER_RTT.o
 .debug_info    0x0000000000008ab5     0x3ada Third-Party/SEGGER/SEGGER/SEGGER_SYSVIEW.o
 .debug_info    0x000000000000c58f     0x14d4 src/main.o
 .debug_info    0x000000000000da63      0x612 src/system_stm32f4xx.o
 .debug_info    0x000000000000e075       0x22 startup/startup_stm32.o

.debug_abbrev   0x0000000000000000     0x1ece
 .debug_abbrev  0x0000000000000000      0x1c3 StdPeriph_Driver/src/stm32f4xx_exti.o
 .debug_abbrev  0x00000000000001c3      0x1bf StdPeriph_Driver/src/stm32f4xx_gpio.o
 .debug_abbrev  0x0000000000000382      0x1d4 StdPeriph_Driver/src/stm32f4xx_rcc.o
 .debug_abbrev  0x0000000000000556      0x14b StdPeriph_Driver/src/stm32f4xx_syscfg.o
 .debug_abbrev  0x00000000000006a1      0x187 StdPeriph_Driver/src/stm32f4xx_usart.o
 .debug_abbrev  0x0000000000000828      0x1cf Third-Party/FreeRTOS/org/Source/list.o
 .debug_abbrev  0x00000000000009f7      0x35f Third-Party/FreeRTOS/org/Source/tasks.o
 .debug_abbrev  0x0000000000000d56      0x210 Third-Party/FreeRTOS/org/Source/portable/GCC/ARM_CM4F/port.o
 .debug_abbrev  0x0000000000000f66      0x29e Third-Party/FreeRTOS/org/Source/portable/MemMang/heap_4.o
 .debug_abbrev  0x0000000000001204       0xb5 Third-Party/SEGGER/Config/SEGGER_SYSVIEW_Config_FreeRTOS.o
 .debug_abbrev  0x00000000000012b9      0x1ed Third-Party/SEGGER/OS/SEGGER_SYSVIEW_FreeRTOS.o
 .debug_abbrev  0x00000000000014a6      0x2a0 Third-Party/SEGGER/SEGGER/SEGGER_RTT.o
 .debug_abbrev  0x0000000000001746      0x300 Third-Party/SEGGER/SEGGER/SEGGER_SYSVIEW.o
 .debug_abbrev  0x0000000000001a46      0x319 src/main.o
 .debug_abbrev  0x0000000000001d5f      0x15d src/system_stm32f4xx.o
 .debug_abbrev  0x0000000000001ebc       0x12 startup/startup_stm32.o

.debug_aranges  0x0000000000000000      0xb90
 .debug_aranges
                0x0000000000000000       0x58 StdPeriph_Driver/src/stm32f4xx_exti.o
 .debug_aranges
                0x0000000000000058       0x88 StdPeriph_Driver/src/stm32f4xx_gpio.o
 .debug_aranges
                0x00000000000000e0      0x1c0 StdPeriph_Driver/src/stm32f4xx_rcc.o
 .debug_aranges
                0x00000000000002a0       0x50 StdPeriph_Driver/src/stm32f4xx_syscfg.o
 .debug_aranges
                0x00000000000002f0      0x100 StdPeriph_Driver/src/stm32f4xx_usart.o
 .debug_aranges
                0x00000000000003f0       0x40 Third-Party/FreeRTOS/org/Source/list.o
 .debug_aranges
                0x0000000000000430      0x1e8 Third-Party/FreeRTOS/org/Source/tasks.o
 .debug_aranges
                0x0000000000000618       0x80 Third-Party/FreeRTOS/org/Source/portable/GCC/ARM_CM4F/port.o
 .debug_aranges
                0x0000000000000698       0x50 Third-Party/FreeRTOS/org/Source/portable/MemMang/heap_4.o
 .debug_aranges
                0x00000000000006e8       0x28 Third-Party/SEGGER/Config/SEGGER_SYSVIEW_Config_FreeRTOS.o
 .debug_aranges
                0x0000000000000710       0x48 Third-Party/SEGGER/OS/SEGGER_SYSVIEW_FreeRTOS.o
 .debug_aranges
                0x0000000000000758      0x110 Third-Party/SEGGER/SEGGER/SEGGER_RTT.o
 .debug_aranges
                0x0000000000000868      0x268 Third-Party/SEGGER/SEGGER/SEGGER_SYSVIEW.o
 .debug_aranges
                0x0000000000000ad0       0x68 src/main.o
 .debug_aranges
                0x0000000000000b38       0x30 src/system_stm32f4xx.o
 .debug_aranges
                0x0000000000000b68       0x28 startup/startup_stm32.o

.debug_ranges   0x0000000000000000      0xa98
 .debug_ranges  0x0000000000000000       0x48 StdPeriph_Driver/src/stm32f4xx_exti.o
 .debug_ranges  0x0000000000000048       0x78 StdPeriph_Driver/src/stm32f4xx_gpio.o
 .debug_ranges  0x00000000000000c0      0x1b0 StdPeriph_Driver/src/stm32f4xx_rcc.o
 .debug_ranges  0x0000000000000270       0x40 StdPeriph_Driver/src/stm32f4xx_syscfg.o
 .debug_ranges  0x00000000000002b0       0xf0 StdPeriph_Driver/src/stm32f4xx_usart.o
 .debug_ranges  0x00000000000003a0       0x30 Third-Party/FreeRTOS/org/Source/list.o
 .debug_ranges  0x00000000000003d0      0x1d8 Third-Party/FreeRTOS/org/Source/tasks.o
 .debug_ranges  0x00000000000005a8       0x70 Third-Party/FreeRTOS/org/Source/portable/GCC/ARM_CM4F/port.o
 .debug_ranges  0x0000000000000618       0x40 Third-Party/FreeRTOS/org/Source/portable/MemMang/heap_4.o
 .debug_ranges  0x0000000000000658       0x18 Third-Party/SEGGER/Config/SEGGER_SYSVIEW_Config_FreeRTOS.o
 .debug_ranges  0x0000000000000670       0x38 Third-Party/SEGGER/OS/SEGGER_SYSVIEW_FreeRTOS.o
 .debug_ranges  0x00000000000006a8      0x100 Third-Party/SEGGER/SEGGER/SEGGER_RTT.o
 .debug_ranges  0x00000000000007a8      0x258 Third-Party/SEGGER/SEGGER/SEGGER_SYSVIEW.o
 .debug_ranges  0x0000000000000a00       0x58 src/main.o
 .debug_ranges  0x0000000000000a58       0x20 src/system_stm32f4xx.o
 .debug_ranges  0x0000000000000a78       0x20 startup/startup_stm32.o

.debug_macro    0x0000000000000000     0x292d
 .debug_macro   0x0000000000000000      0x1d9 StdPeriph_Driver/src/stm32f4xx_exti.o
 .debug_macro   0x00000000000001d9       0xaf StdPeriph_Driver/src/stm32f4xx_exti.o
 .debug_macro   0x0000000000000288      0x1d7 StdPeriph_Driver/src/stm32f4xx_gpio.o
 .debug_macro   0x000000000000045f      0x2f5 StdPeriph_Driver/src/stm32f4xx_gpio.o
 .debug_macro   0x0000000000000754      0x2a6 StdPeriph_Driver/src/stm32f4xx_rcc.o
 .debug_macro   0x00000000000009fa      0x225 StdPeriph_Driver/src/stm32f4xx_syscfg.o
 .debug_macro   0x0000000000000c1f      0x10e StdPeriph_Driver/src/stm32f4xx_syscfg.o
 .debug_macro   0x0000000000000d2d      0x1ef StdPeriph_Driver/src/stm32f4xx_usart.o
 .debug_macro   0x0000000000000f1c      0x21d StdPeriph_Driver/src/stm32f4xx_usart.o
 .debug_macro   0x0000000000001139      0x1ba Third-Party/FreeRTOS/org/Source/list.o
 .debug_macro   0x00000000000012f3      0x2c1 Third-Party/FreeRTOS/org/Source/tasks.o
 .debug_macro   0x00000000000015b4       0x10 Third-Party/FreeRTOS/org/Source/tasks.o
 .debug_macro   0x00000000000015c4      0x1d6 Third-Party/FreeRTOS/org/Source/portable/GCC/ARM_CM4F/port.o
 .debug_macro   0x000000000000179a      0x1e1 Third-Party/FreeRTOS/org/Source/portable/MemMang/heap_4.o
 .debug_macro   0x000000000000197b      0x116 Third-Party/SEGGER/Config/SEGGER_SYSVIEW_Config_FreeRTOS.o
 .debug_macro   0x0000000000001a91      0x1d5 Third-Party/SEGGER/OS/SEGGER_SYSVIEW_FreeRTOS.o
 .debug_macro   0x0000000000001c66      0x169 Third-Party/SEGGER/SEGGER/SEGGER_RTT.o
 .debug_macro   0x0000000000001dcf       0x4f Third-Party/SEGGER/SEGGER/SEGGER_RTT.o
 .debug_macro   0x0000000000001e1e      0x115 Third-Party/SEGGER/SEGGER/SEGGER_RTT.o
 .debug_macro   0x0000000000001f33      0x1fd Third-Party/SEGGER/SEGGER/SEGGER_SYSVIEW.o
 .debug_macro   0x0000000000002130       0x65 Third-Party/SEGGER/SEGGER/SEGGER_SYSVIEW.o
 .debug_macro   0x0000000000002195       0x35 Third-Party/SEGGER/SEGGER/SEGGER_SYSVIEW.o
 .debug_macro   0x00000000000021ca      0x11b Third-Party/SEGGER/SEGGER/SEGGER_SYSVIEW.o
 .debug_macro   0x00000000000022e5      0x348 src/main.o
 .debug_macro   0x000000000000262d      0x113 src/main.o
 .debug_macro   0x0000000000002740      0x1ed src/system_stm32f4xx.o

.debug_line     0x0000000000000000     0xa7ff
 .debug_line    0x0000000000000000      0x803 StdPeriph_Driver/src/stm32f4xx_exti.o
 .debug_line    0x0000000000000803      0x8db StdPeriph_Driver/src/stm32f4xx_gpio.o
 .debug_line    0x00000000000010de      0xbcf StdPeriph_Driver/src/stm32f4xx_rcc.o
 .debug_line    0x0000000000001cad      0x7d6 StdPeriph_Driver/src/stm32f4xx_syscfg.o
 .debug_line    0x0000000000002483      0xa21 StdPeriph_Driver/src/stm32f4xx_usart.o
 .debug_line    0x0000000000002ea4      0x8e0 Third-Party/FreeRTOS/org/Source/list.o
 .debug_line    0x0000000000003784     0x1589 Third-Party/FreeRTOS/org/Source/tasks.o
 .debug_line    0x0000000000004d0d      0x95c Third-Party/FreeRTOS/org/Source/portable/GCC/ARM_CM4F/port.o
 .debug_line    0x0000000000005669      0x9c6 Third-Party/FreeRTOS/org/Source/portable/MemMang/heap_4.o
 .debug_line    0x000000000000602f      0x746 Third-Party/SEGGER/Config/SEGGER_SYSVIEW_Config_FreeRTOS.o
 .debug_line    0x0000000000006775      0x971 Third-Party/SEGGER/OS/SEGGER_SYSVIEW_FreeRTOS.o
 .debug_line    0x00000000000070e6      0x95c Third-Party/SEGGER/SEGGER/SEGGER_RTT.o
 .debug_line    0x0000000000007a42     0x182f Third-Party/SEGGER/SEGGER/SEGGER_SYSVIEW.o
 .debug_line    0x0000000000009271      0xd32 src/main.o
 .debug_line    0x0000000000009fa3      0x7e0 src/system_stm32f4xx.o
 .debug_line    0x000000000000a783       0x7c startup/startup_stm32.o

.debug_str      0x0000000000000000    0x756ae
 .debug_str     0x0000000000000000    0x643c1 StdPeriph_Driver/src/stm32f4xx_exti.o
                                      0x645dd (size before relaxing)
 .debug_str     0x00000000000643c1      0x2c5 StdPeriph_Driver/src/stm32f4xx_gpio.o
                                      0x6470f (size before relaxing)
 .debug_str     0x0000000000064686      0xdaf StdPeriph_Driver/src/stm32f4xx_rcc.o
                                      0x65224 (size before relaxing)
 .debug_str     0x0000000000065435      0x40c StdPeriph_Driver/src/stm32f4xx_syscfg.o
                                      0x6482d (size before relaxing)
 .debug_str     0x0000000000065841      0x53a StdPeriph_Driver/src/stm32f4xx_usart.o
                                      0x64a22 (size before relaxing)
 .debug_str     0x0000000000065d7b     0x9ee6 Third-Party/FreeRTOS/org/Source/list.o
                                       0xdc80 (size before relaxing)
 .debug_str     0x000000000006fc61     0x23ff Third-Party/FreeRTOS/org/Source/tasks.o
                                      0x100c1 (size before relaxing)
 .debug_str     0x0000000000072060      0x7fb Third-Party/FreeRTOS/org/Source/portable/GCC/ARM_CM4F/port.o
                                       0xb979 (size before relaxing)
 .debug_str     0x000000000007285b      0x252 Third-Party/FreeRTOS/org/Source/portable/MemMang/heap_4.o
                                       0xe3a3 (size before relaxing)
 .debug_str     0x0000000000072aad      0x176 Third-Party/SEGGER/Config/SEGGER_SYSVIEW_Config_FreeRTOS.o
                                       0xa4ce (size before relaxing)
 .debug_str     0x0000000000072c23       0xfb Third-Party/SEGGER/OS/SEGGER_SYSVIEW_FreeRTOS.o
                                       0xe1f3 (size before relaxing)
 .debug_str     0x0000000000072d1e      0xdca Third-Party/SEGGER/SEGGER/SEGGER_RTT.o
                                       0x721f (size before relaxing)
 .debug_str     0x0000000000073ae8     0x130c Third-Party/SEGGER/SEGGER/SEGGER_SYSVIEW.o
                                       0x91c6 (size before relaxing)
 .debug_str     0x0000000000074df4      0x7ca src/main.o
                                      0x6f2f3 (size before relaxing)
 .debug_str     0x00000000000755be       0xc7 src/system_stm32f4xx.o
                                      0x64662 (size before relaxing)
 .debug_str     0x0000000000075685       0x29 startup/startup_stm32.o
                                         0x83 (size before relaxing)

.comment        0x0000000000000000       0x7b
 .comment       0x0000000000000000       0x7b StdPeriph_Driver/src/stm32f4xx_exti.o
                                         0x7c (size before relaxing)
 .comment       0x000000000000007b       0x7c StdPeriph_Driver/src/stm32f4xx_gpio.o
 .comment       0x000000000000007b       0x7c StdPeriph_Driver/src/stm32f4xx_rcc.o
 .comment       0x000000000000007b       0x7c StdPeriph_Driver/src/stm32f4xx_syscfg.o
 .comment       0x000000000000007b       0x7c StdPeriph_Driver/src/stm32f4xx_usart.o
 .comment       0x000000000000007b       0x7c Third-Party/FreeRTOS/org/Source/list.o
 .comment       0x000000000000007b       0x7c Third-Party/FreeRTOS/org/Source/tasks.o
 .comment       0x000000000000007b       0x7c Third-Party/FreeRTOS/org/Source/portable/GCC/ARM_CM4F/port.o
 .comment       0x000000000000007b       0x7c Third-Party/FreeRTOS/org/Source/portable/MemMang/heap_4.o
 .comment       0x000000000000007b       0x7c Third-Party/SEGGER/Config/SEGGER_SYSVIEW_Config_FreeRTOS.o
 .comment       0x000000000000007b       0x7c Third-Party/SEGGER/OS/SEGGER_SYSVIEW_FreeRTOS.o
 .comment       0x000000000000007b       0x7c Third-Party/SEGGER/SEGGER/SEGGER_RTT.o
 .comment       0x000000000000007b       0x7c Third-Party/SEGGER/SEGGER/SEGGER_SYSVIEW.o
 .comment       0x000000000000007b       0x7c src/main.o
 .comment       0x000000000000007b       0x7c src/system_stm32f4xx.o

.debug_frame    0x0000000000000000     0x3100
 .debug_frame   0x0000000000000000      0x148 StdPeriph_Driver/src/stm32f4xx_exti.o
 .debug_frame   0x0000000000000148      0x23c StdPeriph_Driver/src/stm32f4xx_gpio.o
 .debug_frame   0x0000000000000384      0x83c StdPeriph_Driver/src/stm32f4xx_rcc.o
 .debug_frame   0x0000000000000bc0      0x11c StdPeriph_Driver/src/stm32f4xx_syscfg.o
 .debug_frame   0x0000000000000cdc      0x490 StdPeriph_Driver/src/stm32f4xx_usart.o
 .debug_frame   0x000000000000116c       0xd8 Third-Party/FreeRTOS/org/Source/list.o
 .debug_frame   0x0000000000001244      0x870 Third-Party/FreeRTOS/org/Source/tasks.o
 .debug_frame   0x0000000000001ab4      0x1a8 Third-Party/FreeRTOS/org/Source/portable/GCC/ARM_CM4F/port.o
 .debug_frame   0x0000000000001c5c      0x108 Third-Party/FreeRTOS/org/Source/portable/MemMang/heap_4.o
 .debug_frame   0x0000000000001d64       0x48 Third-Party/SEGGER/Config/SEGGER_SYSVIEW_Config_FreeRTOS.o
 .debug_frame   0x0000000000001dac      0x100 Third-Party/SEGGER/OS/SEGGER_SYSVIEW_FreeRTOS.o
 .debug_frame   0x0000000000001eac      0x478 Third-Party/SEGGER/SEGGER/SEGGER_RTT.o
 .debug_frame   0x0000000000002324      0xb5c Third-Party/SEGGER/SEGGER/SEGGER_SYSVIEW.o
 .debug_frame   0x0000000000002e80      0x164 src/main.o
 .debug_frame   0x0000000000002fe4       0x7c src/system_stm32f4xx.o
 .debug_frame   0x0000000000003060       0x2c c:/st/stm32cubeide_1.3.0/stm32cubeide/plugins/com.st.stm32cube.ide.mcu.externaltools.gnu-tools-for-stm32.7-2018-q2-update.win32_1.5.0.202011040924/tools/bin/../lib/gcc/arm-none-eabi/7.3.1/../../../../arm-none-eabi/lib/thumb/v7e-m/fpv4-sp/hard\libc_nano.a(lib_a-init.o)
 .debug_frame   0x000000000000308c       0x2c c:/st/stm32cubeide_1.3.0/stm32cubeide/plugins/com.st.stm32cube.ide.mcu.externaltools.gnu-tools-for-stm32.7-2018-q2-update.win32_1.5.0.202011040924/tools/bin/../lib/gcc/arm-none-eabi/7.3.1/../../../../arm-none-eabi/lib/thumb/v7e-m/fpv4-sp/hard\libc_nano.a(lib_a-memcmp.o)
 .debug_frame   0x00000000000030b8       0x28 c:/st/stm32cubeide_1.3.0/stm32cubeide/plugins/com.st.stm32cube.ide.mcu.externaltools.gnu-tools-for-stm32.7-2018-q2-update.win32_1.5.0.202011040924/tools/bin/../lib/gcc/arm-none-eabi/7.3.1/../../../../arm-none-eabi/lib/thumb/v7e-m/fpv4-sp/hard\libc_nano.a(lib_a-memcpy-stub.o)
 .debug_frame   0x00000000000030e0       0x20 c:/st/stm32cubeide_1.3.0/stm32cubeide/plugins/com.st.stm32cube.ide.mcu.externaltools.gnu-tools-for-stm32.7-2018-q2-update.win32_1.5.0.202011040924/tools/bin/../lib/gcc/arm-none-eabi/7.3.1/../../../../arm-none-eabi/lib/thumb/v7e-m/fpv4-sp/hard\libc_nano.a(lib_a-memset.o)
